******************************************************************************
            TI ARM Clang Linker PC v3.2.0                      
******************************************************************************
>> Linked Thu Nov 14 15:37:31 2024

OUTPUT FILE NAME:   <zc_light_CC1352R1_LAUNCHXL_tirtos7_ticlang.out>
ENTRY POINT SYMBOL: "ResetISR"  address: 0003170f


MEMORY CONFIGURATION

         name            origin    length      used     unused   attr    fill
----------------------  --------  ---------  --------  --------  ----  --------
  FLASH                 00000000   00052000  000343fb  0001dc05  R  X
  FLASH_NV              00052000   00004000  00004000  00000000  RW X
  FLASH_LAST            00056000   00002000  00000058  00001fa8  R  X
  GPRAM                 11000000   00002000  00000000  00002000  RW X
  SRAM                  20000000   00014000  00005a9d  0000e563  RW X
  LOG_DATA              90000000   00040000  00000000  00040000  R   


SEGMENT ALLOCATION MAP

run origin  load origin   length   init length attrs members
----------  ----------- ---------- ----------- ----- -------
00000000    00000000    00033f8c   00033f8c    r-x
  00000000    00000000    0000003c   0000003c    r-- .resetVecs
  0000003c    0000003c    000317b0   000317b0    r-x .text
  000317f0    000317f0    000026cb   000026cb    r-- .rodata
  00033ebc    00033ebc    000000d0   000000d0    r-- config_const
00033f8c    00033f8c    00000008   00000008    rw-
  00033f8c    00033f8c    00000008   00000008    rw- .args
00033f94    00033f94    0000046c   0000046c    r--
  00033f94    00033f94    0000046c   0000046c    r-- .cinit
00052000    00052000    00004000   00000000    rw-
  00052000    00052000    00004000   00000000    rw- .TI.bound:flashBuf0
00057fa8    00057fa8    00000058   00000058    r--
  00057fa8    00057fa8    00000058   00000058    r-- .ccfg
2000010c    2000010c    00000010   00000000    rw-
  2000010c    2000010c    00000010   00000000    rw- .data:RAM_MAC_BASE_ADDR
20001810    20001810    00000040   00000000    rw-
  20001810    20001810    00000010   00000000    rw- .TI.bound:dmaUart0RxControlTableEntry
  20001820    20001820    00000010   00000000    rw- .TI.bound:dmaUart0TxControlTableEntry
  20001830    20001830    00000010   00000000    rw- .TI.bound:dmaSpi0RxControlTableEntry
  20001840    20001840    00000010   00000000    rw- .TI.bound:dmaSpi0TxControlTableEntry
20001a30    20001a30    00000020   00000000    rw-
  20001a30    20001a30    00000010   00000000    rw- .TI.bound:dmaSpi0RxAltControlTableEntry
  20001a40    20001a40    00000010   00000000    rw- .TI.bound:dmaSpi0TxAltControlTableEntry
20001b00    20001b00    0000562d   00000000    rw-
  20001b00    20001b00    000000d8   00000000    rw- .ramVecs
  20001bd8    20001bd8    00000ffe   00000000    rw- .data
  20002bd8    20002bd8    00004555   00000000    rw- .bss
20013c00    20013c00    00000400   00000000    rw-
  20013c00    20013c00    00000400   00000000    rw- .stack


SECTION ALLOCATION MAP

 output                                  attributes/
section   page    origin      length       input sections
--------  ----  ----------  ----------   ----------------
.resetVecs 
*          0    00000000    0000003c     
                  00000000    0000003c     ti_sysbios_config.o (.resetVecs)

.text      0    0000003c    000317b0     
                  0000003c    000019f0     zstacktask.o (.text.appMsg)
                  00001a2c    00000954     zcl_general.o (.text.zclGeneral_HdlIncoming)
                  00002380    0000080c     libZStack_nwk_zr.a : nwk.o (.text.nwk_data_ind_processing)
                  00002b8c    000005cc     zcl_samplelight.o (.text.sampleApp_task)
                  00003158    0000055c     maclib_nosecure_cc13x2_2_4g_tirtos7.a : mac_rx.c.o (.text.macRxFrameIsr)
                  000036b4    00000490     rf_multiMode_cc13x2.a : RFCC26X2_multiMode.c.cc13x2.ticlang.o (.text.RF_fsmActiveState)
                  00003b44    00000484     bdb.o (.text.bdb_event_loop)
                  00003fc8    00000464     gp_proxy.o (.text.gp_dataIndProxy)
                  0000442c    000003b0     libZStack_nwk_zr.a : aps_frag.o (.text.APSF_ProcessEvent)
                  000047dc    00000384     gp_proxy_table.o (.text.gp_UpdateProxyTbl)
                  00004b60    0000037c     libZStack_nwk_zr.a : nwk.o (.text.nwk_event_loop)
                  00004edc    0000036c     zstacktask.o (.text.ZStackTaskProcessEvent)
                  00005248    000002fc     zstackstartup.o (.text.stackTaskFxn)
                  00005544    000002d8     zd_nwk_mgr.o (.text.ZDNwkMgr_event_loop)
                  0000581c    000002d4     cui.o (.text.CUI_processMenuUpdate)
                  00005af0    000002c8     drivers_cc13x2.a : SPICC26X2DMA.c.obj (.text.SPICC26X2DMA_transfer)
                  00005db8    000002c8     bdb_reporting.o (.text.bdb_ProcessInConfigReportCmd)
                  00006080    000002b8     zcl_green_power.o (.text.zclGp_SendGpNotificationCommand)
                  00006338    000002ac     libZStack_nwk_zr.a : nwk.o (.text.nwk_associate_ind_processing)
                  000065e4    000002a8     nvocmp.o (.text.NVOCMP_initNvApi)
                  0000688c    000002a8     rf_multiMode_cc13x2.a : RFCC26X2_multiMode.c.cc13x2.ticlang.o (.text.RF_open)
                  00006b34    00000290     ti_sysbios_config.o (.text.ti_sysbios_runtime_System_doPrint)
                  00006dc4    0000028c     gp_proxy.o (.text.zclGp_GpPairingCommandCB)
                  00007050    00000284     nvocmp.o (.text.NVOCMP_compactPage)
                  000072d4    0000027a     gp_proxy_table.o (.text.pt_ZclReadGetProxyEntry)
                  0000754e    00000002     ti_sysbios_config.o (.text.BIOS_nullFunc)
                  00007550    00000278     bdb_reporting.o (.text.bdb_RepChangedAttrValue)
                  000077c8    0000026c     zmac_cb.o (.text.MAC_CbackEvent)
                  00007a34    0000026c     libZStack_nwk_zr.a : rtg.o (.text.RTG_ProcessRrec)
                  00007ca0    00000264                        : dgp_stub.o (.text.dGP_DataInd)
                  00007f04    00000264     zcl.o (.text.zcl_ProcessMessageMSG)
                  00008168    0000025c     libZStack_nwk_zr.a : aps_mede.o (.text.APSME_FrameSecRemoveCM)
                  000083c4    0000025c     gp_proxy.o (.text.zclGp_GpProxyTableReqCB)
                  00008620    00000254     libZStack_nwk_zr.a : aps.o (.text.APS_event_loop)
                  00008874    0000021c                        : nl_mede_cb.o (.text.NLDE_DataIndication)
                  00008a90    0000021c                        : nwk_util.o (.text.NLDE_DataReqSend)
                  00008cac    0000021c     zd_object.o (.text.ZDO_ProcessMgmtLqiReq)
                  00008ec8    00000214     bdb.o (.text.bdb_reportCommissioningState)
                  000090dc    00000214     maclib_nosecure_cc13x2_2_4g_tirtos7.a : mac_radio_tx.c.o (.text.macRadioTxGo)
                  000092f0    00000214     zcl_sampleapps_ui.o (.text.uiActionProcessSetInstallCode)
                  00009504    00000208     zcl.o (.text.zclProcessInWriteUndividedCmd)
                  0000970c    00000200     libZStack_nwk_zr.a : aps.o (.text.APS_Reflect)
                  0000990c    000001fc     zd_object.o (.text.ZDO_ProcessMatchDescReq)
                  00009b08    000001f8     maclib_nosecure_cc13x2_2_4g_tirtos7.a : mac_hl_patch.c.o (.text.macTxCompleteCallback)
                  00009d00    000001f4     nvocmp.o (.text.NVOCMP_addItem)
                  00009ef4    000001f0     drivers_cc13x2.a : UART2CC26X2.c.obj (.text.UART2CC26X2_hwiIntFxn)
                  0000a0e4    000001e8     rf_multiMode_cc13x2.a : RFCC26X2_multiMode.c.cc13x2.ticlang.o (.text.RF_scheduleCmd)
                  0000a2cc    000001e4     bdb_finding_and_binding.o (.text.bdb_checkMatchingEndpoints)
                  0000a4b0    000001e4     gp_proxy_table.o (.text.gp_PairingUpdateProxyTbl)
                  0000a694    000001dc     rf_multiMode_cc13x2.a : RFCC26X2_multiMode.c.cc13x2.ticlang.o (.text.RF_dispatchNextCmd)
                  0000a870    000001dc     maclib_nosecure_cc13x2_2_4g_tirtos7.a : mac.c.o (.text.macSendReceiveCmdIeee)
                  0000aa4c    000001d4     drivers_cc13x2.a : UART2.c.obj (.text.UART2_readTimeout)
                  0000ac20    000001d0     libZStack_nwk_zr.a : aps_mede.o (.text.APSDE_DataReq)
                  0000adf0    000001d0                        : rtg.o (.text.RTG_ProcessRreq)
                  0000afc0    000001cc                        : dgp_stub.o (.text.gp_ccmStar)
                  0000b18c    000001c8     af.o (.text.AF_DataRequest)
                  0000b354    000001c4     drivers_cc13x2.a : SPICC26X2DMA.c.obj (.text.SPICC26X2DMA_hwiFxn)
                  0000b518    000001c4     bdb.o (.text.bdb_StartCommissioning)
                  0000b6dc    000001c4     zd_profile.o (.text.zdpProcessAddrReq)
                  0000b8a0    000001c0     libZStack_nwk_zr.a : aps_mede.o (.text.APSME_TransportKeyReq)
                  0000ba60    000001c0     maclib_nosecure_cc13x2_2_4g_tirtos7.a : mac_radio_tx.c.o (.text.macRadioCsmaTxCb)
                  0000bc20    000001bc     libZStack_nwk_zr.a : dgp_stub.o (.text.gp_scheduleGPDFTransmission)
                  0000bddc    000001bc     gp_proxy.o (.text.zclGp_GpResponseCommandCB)
                  0000bf98    000001b8     libZStack_nwk_zr.a : aps_mede.o (.text.APSME_FrameSecSetupCM)
                  0000c150    000001b6     libclang_rt.builtins.a : adddf3.S.obj (.text.adddf3_subdf3)
                  0000c306    000001b0     libZStack_nwk_zr.a : ssp_hash.o (.text.sspMMOHash)
                  0000c4b6    00000002     ti_drivers_config.o (.text.Board_initHook)
                  0000c4b8    000001ac     maclib_nosecure_cc13x2_2_4g_tirtos7.a : mac_hl_patch.c.o (.text.macWrapperDeleteKeyAndAssociatedDevices)
                  0000c664    000001a8     libZStack_nwk_zr.a : nwk.o (.text.nwk_data_cnf_processing)
                  0000c80c    000001a4     zmac.o (.text.ZMacEventLoop)
                  0000c9b0    000001a0     drivers_cc13x2.a : AESECBCC26XX.c.obj (.text.AESECB_addDataInternal)
                  0000cb50    000001a0     maclib_nosecure_cc13x2_2_4g_tirtos7.a : mac_tx.c.o (.text.macTxFrame)
                  0000ccf0    0000019c     zd_object.o (.text.ZDMatchSendState)
                  0000ce8c    0000019c     zcl_sampleapps_ui.o (.text.uiActionProcessSetInstallCodeAddress)
                  0000d028    00000198     zcl.o (.text.zclProcessInDiscAttrs)
                  0000d1c0    00000194     drivers_cc13x2.a : PowerCC26X2_calibrateRCOSC.c.obj (.text.PowerCC26X2_auxISR)
                  0000d354    00000194     binding_table.o (.text.bindAddEntry)
                  0000d4e8    00000194     zcl_sampleapps_ui.o (.text.uiActionProcessConfigurePanId)
                  0000d67c    00000190     drivers_cc13x2.a : SPICC26X2DMA.c.obj (.text.SPICC26X2DMA_open)
                  0000d80c    00000190     bdb_reporting.o (.text.bdb_RepReport)
                  0000d99c    00000190     bdb_reporting.o (.text.bdb_repAttrBuildClusterEndPointArrayBasedOnConfRecordsArray)
                  0000db2c    00000190     libZStack_nwk_zr.a : nwk_util.o (.text.nwkSendLinkStatus)
                  0000dcbc    0000018c     drivers_cc13x2.a : UART2CC26X2.c.obj (.text.UART2_open)
                  0000de48    0000018c     bdb_reporting.o (.text.bdb_RepConstructReportingData)
                  0000dfd4    00000188     drivers_cc13x2.a : AESCCMCC26XX.c.obj (.text.AESCCM_startOperation)
                  0000e15c    00000188     zd_object.o (.text.ZDO_MatchEndDeviceBind)
                  0000e2e4    00000188     maclib_nosecure_cc13x2_2_4g_tirtos7.a : mac_hl_patch.c.o (.text.macRxBeaconCritical)
                  0000e46c    00000184     cui.o (.text.CUI_registerMenu)
                  0000e5f0    00000184     libZStack_nwk_zr.a : rtg.o (.text.RTG_BcastAdd)
                  0000e774    00000180                        : dgp_stub.o (.text.GP_DataReq)
                  0000e8f4    0000017c     maclib_nosecure_cc13x2_2_4g_tirtos7.a : mac_hl_patch.c.o (.text.MAC_McpsDataReq)
                  0000ea70    0000017c     zcl_sampleapps_ui.o (.text.UI_Init)
                  0000ebec    0000017c     af.o (.text.afIncomingData)
                  0000ed68    0000017c     zcl.o (.text.zcl_SendCommandEx)
                  0000eee4    00000178     libZStack_nwk_zr.a : nwk_util.o (.text.nwk_SetCurrentPollRateType)
                  0000f05c    00000178     maclib_nosecure_cc13x2_2_4g_tirtos7.a : mac_rx.c.o (.text.rxPayloadIsr)
                  0000f1d4    00000174     drivers_cc13x2.a : UART2.c.obj (.text.UART2_writeTimeoutBlocking)
                  0000f348    0000016c     libZStack_nwk_zr.a : assoc_list.o (.text.AssocAddNew)
                  0000f4b4    0000016c     zcl_sampleapps_ui.o (.text.UI_UpdateBdbStatusLine)
                  0000f620    0000016c     drivers_cc13x2.a : SPICC26X2DMA.c.obj (.text.configNextTransfer)
                  0000f78c    00000168     zd_object.o (.text.ZDO_ProcessDeviceAnnce)
                  0000f8f4    0000015c     drivers_cc13x2.a : NVSSPI25X.c.obj (.text.NVSSPI25X_write)
                  0000fa50    00000158                      : PowerCC26X2.c.obj (.text.Power_sleep)
                  0000fba8    00000158     maclib_nosecure_cc13x2_2_4g_tirtos7.a : mac_tx.c.o (.text.txCsmaDelay)
                  0000fd00    00000158     zcl_green_power.o (.text.zclGp_SendGpCommissioningNotificationCommand)
                  0000fe58    00000154     libZStack_nwk_zr.a : rtg.o (.text.RTG_TimerEvent)
                  0000ffac    00000154                        : dgp_stub.o (.text.gp_event_loop)
                  00010100    00000150                        : aps_mede_cb.o (.text.APSME_VerifyKeyInd)
                  00010250    00000150     gp_common.o (.text.GP_SecReq)
                  000103a0    00000150     bdb_reporting.o (.text.bdb_ProcessInReadReportCfgCmd)
                  000104f0    00000150     libZStack_nwk_zr.a : nwk.o (.text.nwk_beacon_notify_ind_processing)
                  00010640    0000014c     rf_multiMode_cc13x2.a : RFCC26X2_multiMode.c.cc13x2.ticlang.o (.text.RF_radioOpDoneCb)
                  0001078c    0000014c     libZStack_nwk_zr.a : rtg.o (.text.RTG_AddRtgEntry)
                  000108d8    0000014a     zcl.o (.text.zclProcessInWriteCmd)
                  00010a22    00000002     gp_proxy.o (.text.GP_DataCnf)
                  00010a24    00000148     zcl_green_power.o (.text.zclGp_HdlIncoming)
                  00010b6c    00000144     zd_sec_mgr.o (.text.APSME_TCLinkKeyLoad)
                  00010cb0    00000144     libZStack_nwk_zr.a : aps.o (.text.APS_DataIndReflect)
                  00010df4    00000140                        : nl_mede_cb.o (.text.NLDE_DataCnf)
                  00010f34    0000013c     cui.o (.text.CUI_init)
                  00011070    00000138     nvocmp.o (.text.NVOCMP_findItem)
                  000111a8    00000138     rf_multiMode_cc13x2.a : RFCC26X2_multiMode.c.cc13x2.ticlang.o (.text.RF_abortCmd)
                  000112e0    00000138     zd_object.o (.text.ZDO_ProcessBindUnbindReq)
                  00011418    00000138     libZStack_nwk_zr.a : nwk_util.o (.text.nwkNeighborFindRandom)
                  00011550    00000138     libc.a : strtol.c.obj (.text.strtol)
                  00011688    00000134     libZStack_nwk_zr.a : nwk_util.o (.text.NLME_ProcessLinkStatus)
                  000117bc    00000134     rf_multiMode_cc13x2.a : RFCC26X2_multiMode.c.cc13x2.ticlang.o (.text.RF_ratSetupChannel)
                  000118f0    00000134     gp_proxy_table.o (.text.gp_CheckAnnouncedDevice)
                  00011a24    00000134     maclib_nosecure_cc13x2_2_4g_tirtos7.a : mac_hl_patch.c.o (.text.macWrapperDeleteAllDevices)
                  00011b58    00000130     libZStack_nwk_zr.a : nwk_util.o (.text.NLDE_BuildMsg)
                  00011c88    00000130     zd_app.o (.text.ZDApp_event_loop)
                  00011db8    00000130     zd_app.o (.text.ZDOInitDeviceEx)
                  00011ee8    00000130     gp_proxy.o (.text.gp_SecurityOperationProxy)
                  00012018    0000012c     libZStack_nwk_zr.a : assoc_list.o (.text.AssocRestoreFromNV)
                  00012144    0000012c     rf_multiMode_cc13x2.a : RFCC26X2_multiMode.c.cc13x2.ticlang.o (.text.RF_close)
                  00012270    0000012c     libZStack_nwk_zr.a : ssp.o (.text.SSP_NwkSecurityProc)
                  0001239c    0000012c     drivers_cc13x2.a : TRNGCC26XX.c.obj (.text.TRNGCC26XX_hwiFxn)
                  000124c8    0000012c     maclib_nosecure_cc13x2_2_4g_tirtos7.a : mac_hl_patch.c.o (.text.macScanNextChan)
                  000125f4    0000012c     zcl.o (.text.zcl_SendReadReportCfgRspCmdEx)
                  00012720    00000128     drivers_cc13x2.a : Button.c.obj (.text.Button_clockTimeoutHandler)
                  00012848    00000128     cui.o (.text.CUI_statusLinePrintf)
                  00012970    00000128     libZStack_nwk_zr.a : rtg.o (.text.NLME_RouteDiscoveryRequest)
                  00012a98    00000128                        : rtg.o (.text.RTG_ProcessRrep)
                  00012bc0    00000128                        : nwk.o (.text.nwk_start_coord)
                  00012ce8    00000124     cui.o (.text.CUI_dispMenu)
                  00012e0c    00000124     rf_multiMode_cc13x2.a : RFCC26X2_multiMode.c.cc13x2.ticlang.o (.text.RF_fsmSetupState)
                  00012f30    00000124     mac_settings.o (.text.rfSetConfigIeee)
                  00013054    00000120     ti_sysbios_config.o (.text.ti_sysbios_family_arm_cc26xx_Timer_construct)
                  00013174    0000011c     libZStack_nwk_zr.a : aps_mede.o (.text.APSDE_FrameAlloc)
                  00013290    0000011c     sysbios.a : Hwi_asm_gcc.s.obj (.text.ti_sysbios_family_arm_m3_Hwi_dispatch)
                  000133ac    00000118     drivers_cc13x2.a : PowerCC26X2.c.obj (.text.Power_init)
                  000134c4    00000118     rf_multiMode_cc13x2.a : RFCC26X2_multiMode.c.cc13x2.ticlang.o (.text.RF_decodeOverridePointers)
                  000135dc    00000118     drivers_cc13x2.a : UART2.c.obj (.text.UART2_writeTimeoutNonblocking)
                  000136f4    00000118     libZStack_nwk_zr.a : nwk_bufs.o (.text.nwk_MacDataBuffersAdd)
                  0001380c    00000114                        : aps_frag.o (.text.APSF_SendFragmented)
                  00013920    00000114                        : nwk_util.o (.text.RTG_UpdateNeighborEntry)
                  00013a34    00000114     zd_sec_mgr.o (.text.ZDSecMgrEntryFree)
                  00013b48    00000114     libZStack_nwk_zr.a : nwk.o (.text.nwk_ScanPANChanVerify)
                  00013c5c    00000114     zcl.o (.text.zclProcessInReadCmd)
                  00013d70    00000112     zcl.o (.text.zclParseInConfigReportCmd)
                  00013e82    00000002     rf_multiMode_cc13x2.a : rfc.c.cc13x2.ticlang.o (.text.NOROM_RFCCpePatchReset)
                  00013e84    00000110     drivers_cc13x2.a : LED.c.obj (.text.LED_open)
                  00013f94    00000110     maclib_nosecure_cc13x2_2_4g_tirtos7.a : mac_radio.c.o (.text.macRadioInitIeee)
                  000140a4    0000010c     drivers_cc13x2.a : NVSSPI25X.c.obj (.text.NVSSPI25X_open)
                  000141b0    0000010c                      : PowerCC26X2_calibrateRCOSC.c.obj (.text.PowerCC26X2_calibrate)
                  000142bc    00000108     libZStack_nwk_zr.a : aps_mede.o (.text.APSDE_FrameHdrSet)
                  000143c4    00000108     drivers_cc13x2.a : NVSCC26XX.c.obj (.text.NVSCC26XX_write)
                  000144cc    00000108     rf_multiMode_cc13x2.a : RFCC26X2_multiMode.c.cc13x2.ticlang.o (.text.RF_fsmPowerUpState)
                  000145d4    00000108     libZStack_nwk_zr.a : rtg.o (.text.RTG_BcastTimerHandler)
                  000146dc    00000108     zd_app.o (.text.ZDO_beaconNotifyIndCB)
                  000147e4    00000108     zd_sec_mgr.o (.text.ZDSecMgrUpdateDeviceInd)
                  000148ec    00000108     zcl_samplelight.o (.text.zclSampleLight_OnOffCB)
                  000149f4    00000104     drivers_cc13x2.a : GPIOCC26X2.c.obj (.text.GPIO_init)
                  00014af8    00000104                      : UART2CC26X2.c.obj (.text.UART2CC26X2_initHw)
                  00014bfc    000000fc     libZStack_nwk_zr.a : dgp_stub.o (.text.GP_SecRsp)
                  00014cf8    000000fc     rf_multiMode_cc13x2.a : RFCC26X2_multiMode.c.cc13x2.ticlang.o (.text.RF_hwiCpe0Active)
                  00014df4    000000fc     zd_sec_mgr.o (.text.ZDSecMgrEntryInit)
                  00014ef0    000000fc     drivers_cc13x2.a : SPICC26X2DMA.c.obj (.text.csnCallback)
                  00014fec    000000fc     maclib_nosecure_cc13x2_2_4g_tirtos7.a : mac.c.o (.text.macRxCb)
                  000150e8    000000f8     libZStack_nwk_zr.a : nwk_util.o (.text.NLDE_ParseMsg)
                  000151e0    000000f8                        : nwk.o (.text.NwkCommandPktProcessing)
                  000152d8    000000f8     zd_profile.o (.text.ZDP_MgmtLqiRsp)
                  000153d0    000000f4     cui.o (.text.CUI_statusLineResourceRequest)
                  000154c4    000000f4     drivers_cc13x2.a : TRNGCC26XX.c.obj (.text.TRNG_getRandom)
                  000155b8    000000f4     zd_app.o (.text.ZDO_NetworkFormationConfirmCB)
                  000156ac    000000f4     zd_object.o (.text.ZDO_ProcessParentAnnce)
                  000157a0    000000f4     maclib_nosecure_cc13x2_2_4g_tirtos7.a : mac_hl_patch.c.o (.text.macBuildDataFrame)
                  00015894    000000f4                                           : mac.c.o (.text.macSetupRATChanCompare)
                  00015988    000000f0     drivers_cc13x2.a : UART2CC26X2.c.obj (.text.UART2Support_dmaStartRx)
                  00015a78    000000ec     zd_sec_mgr.o (.text.APSME_TCLinkKeySync)
                  00015b64    000000ec     libZStack_nwk_zr.a : addr_mgr.o (.text.AddrMgrEntryUpdate)
                  00015c50    000000ec     zd_sec_mgr.o (.text.ZDSecMgrNwkKeyInit)
                  00015d3c    000000ec     zcl.o (.text.zcl_SendReadRsp)
                  00015e28    000000e8     nwk_globals.o (.text.NIB_init)
                  00015f10    000000e8     libZStack_nwk_zr.a : nwk_util.o (.text.NLME_LeaveCmdProcess)
                  00015ff8    000000e8                        : rtg.o (.text.RTG_SendRrep)
                  000160e0    000000e4     drivers_cc13x2.a : Button.c.obj (.text.Button_open)
                  000161c4    000000e4     zd_sec_mgr.o (.text.ZDSecMgrDeviceJoin)
                  000162a8    000000e4     ti_sysbios_config.o (.text.ti_sysbios_knl_Semaphore_pend)
                  0001638c    000000e4     maclib_nosecure_cc13x2_2_4g_tirtos7.a : mac_tx.c.o (.text.txComplete)
                  00016470    000000e0     libZStack_nwk_zr.a : aps_mede.o (.text.APSME_AddTCLinkKey)
                  00016550    000000e0                        : nl_mede.o (.text.NLME_NetworkFormationRequest)
                  00016630    000000e0                        : nwk_util.o (.text.NLME_ProcessNetworkStatus)
                  00016710    000000e0     driverlib.lib : sys_ctrl.c.obj (.text.NOROM_SysCtrlStandby)
                  000167f0    000000e0     drivers_cc13x2.a : SPICC26X2DMA.c.obj (.text.SPICC26X2DMA_control)
                  000168d0    000000e0     bdb.o (.text.bdb_TCAddJoiningDevice)
                  000169b0    000000e0     maclib_nosecure_cc13x2_2_4g_tirtos7.a : mac_hl_patch.c.o (.text.macEdScanISR)
                  00016a90    000000dc     rf_multiMode_cc13x2.a : RFCC26X2_multiMode.c.cc13x2.ticlang.o (.text.RF_control)
                  00016b6c    000000dc     drivers_cc13x2.a : NVSSPI25X.c.obj (.text.doErase)
                  00016c48    000000d8     libZStack_nwk_zr.a : aps_util.o (.text.APSDE_ParseMsg)
                  00016d20    000000d8                        : rtg.o (.text.RTG_DataReq)
                  00016df8    000000d8                        : rtg.o (.text.RTG_SendNextEDMsg)
                  00016ed0    000000d8     ti_sysbios_config.o (.text.ti_sysbios_family_arm_m3_Hwi_excFillContext)
                  00016fa8    000000d8     maclib_nosecure_cc13x2_2_4g_tirtos7.a : mac_tx.c.o (.text.txCsmaPrep)
                  00017080    000000d8     zcl.o (.text.zclSerializeData)
                  00017158    000000d4     libZStack_nwk_zr.a : nwk_util.o (.text.NwkNotMyChildSendLeave)
                  0001722c    000000d4     zd_app.o (.text.ZDApp_LeaveUpdate)
                  00017300    000000d4     bdb_finding_and_binding.o (.text.bdb_ProcessRespondentList)
                  000173d4    000000d4     libZStack_nwk_zr.a : nwk.o (.text.nwk_associate_cnf_processing)
                  000174a8    000000d0                        : nl_mede.o (.text.NLME_GetRequest)
                  00017578    000000d0     driverlib.lib : aes.c.obj (.text.NOROM_AESWriteToKeyStore)
                  00017648    000000d0                   : setup.c.obj (.text.NOROM_SetupTrimDevice)
                  00017718    000000d0     drivers_cc13x2.a : PowerCC26X2.c.obj (.text.configureXOSCHF)
                  000177e8    000000d0     maclib_nosecure_cc13x2_2_4g_tirtos7.a : mac_hl_patch.c.o (.text.macBuildHeaderIes)
                  000178b8    000000d0                                           : mac_symbol_timer.c.o (.text.macSymbolTimerUpdateWakeup)
                  00017988    000000cc     libZStack_nwk_zr.a : rtg.o (.text.RTG_RouteMaintanence)
                  00017a54    000000cc     zd_profile.o (.text.ZDP_MgmtBindRsp)
                  00017b20    000000cc     zd_profile.o (.text.ZDP_SimpleDescMsg)
                  00017bec    000000cc     maclib_nosecure_cc13x2_2_4g_tirtos7.a : mac_hl_patch.c.o (.text.macApiStartReq)
                  00017cb8    000000cc     main.o (.text.main)
                  00017d84    000000cc     ti_sysbios_config.o (.text.ti_sysbios_knl_Clock_workFuncDynamic)
                  00017e50    000000ca     rf_multiMode_cc13x2.a : RFCC26X2_multiMode.c.cc13x2.ticlang.o (.text.RF_updatePaConfiguration)
                  00017f1a    00000002     drivers_cc13x2.a : NVSSPI25X.c.obj (.text.NVSSPI25X_deinitSpiCs)
                  00017f1c    000000c8     libZStack_nwk_zr.a : nwk_util.o (.text.NLME_RestoreFromNV)
                  00017fe4    000000c8     zd_profile.o (.text.ZDP_ParentAnnce)
                  000180ac    000000c8     osal_port_timers.o (.text.createTimerEntry)
                  00018174    000000c8     maclib_nosecure_cc13x2_2_4g_tirtos7.a : mac_hl_patch.c.o (.text.macAutoPendMaintainSrcMatchTable)
                  0001823c    000000c8                                           : mac_duty_cycle.c.o (.text.macDutyCycleNotify)
                  00018304    000000c8                                           : mac_hl_patch.c.o (.text.macMgmtReset)
                  000183cc    000000c4     libZStack_nwk_zr.a : ssp.o (.text.ccmStar)
                  00018490    000000c4     maclib_nosecure_cc13x2_2_4g_tirtos7.a : mac_timer.c.o (.text.macSymbolTimerTriggerCallback)
                  00018554    000000c4     libZStack_nwk_zr.a : nwk_util.o (.text.nwk_SetConfigPollRate)
                  00018618    000000c4     zcl.o (.text.zclProcessInDiscCmd)
                  000186dc    000000c2     libZStack_nwk_zr.a : ssp.o (.text.SSP_Process)
                  0001879e    00000002     drivers_cc13x2.a : PWMTimerCC26XX.c.obj (.text.PWMTimerCC26XX_init)
                  000187a0    000000c0     libZStack_nwk_zr.a : nwk_util.o (.text.NLDE_SendMsg)
                  00018860    000000c0                        : nwk_util.o (.text.NLME_SetAssocFlags)
                  00018920    000000c0                        : rtg.o (.text.RTG_AddSrcRtgEntry_Guaranteed)
                  000189e0    000000c0     zcl_sampleapps_ui.o (.text.UI_UpdateDeviceInfoLine)
                  00018aa0    000000c0     libZStack_nwk_zr.a : nwk_util.o (.text.nwkNeighborUpdateAge)
                  00018b60    000000c0     zcl_sampleapps_ui.o (.text.uiActionProcessApplyInstallCode)
                  00018c20    000000c0     zcl_general.o (.text.zclGeneral_SendSceneViewRsp)
                  00018ce0    000000c0     zcl.o (.text.zcl_SendReportCmdEx)
                  00018da0    000000bc     rf_multiMode_cc13x2.a : RFCC26X2_multiMode.c.cc13x2.ticlang.o (.text.RF_swiHw)
                  00018e5c    000000bc     libZStack_nwk_zr.a : rtg.o (.text.RTG_GetNextHop)
                  00018f18    000000bc     drivers_cc13x2.a : UART2CC26X2.c.obj (.text.UART2Support_dmaStartTx)
                  00018fd4    000000bc     bdb_reporting.o (.text.bdb_RepAddAttrCfgRecordDefaultToList)
                  00019090    000000bc     zstacktask.o (.text.sendNodeDescRspInd)
                  0001914c    000000b8     libZStack_nwk_zr.a : assoc_list.o (.text.AssocChildAging)
                  00019204    000000b8     drivers_cc13x2.a : GPTimerCC26XX.c.obj (.text.GPTimerCC26XX_open)
                  000192bc    000000b8     zmac.o (.text.ZMacStartReq)
                  00019374    000000b8     bdb_reporting.o (.text.bdb_RepProcessEvent)
                  0001942c    000000b8     maclib_nosecure_cc13x2_2_4g_tirtos7.a : mac_hl_patch.c.o (.text.macDataTxComplete)
                  000194e4    000000b8                                           : mac_tx.c.o (.text.macTxChannelBusyCallback)
                  0001959c    000000b8     ti_sysbios_config.o (.text.ti_sysbios_knl_Task_Instance_finalize)
                  00019654    000000b8     ti_sysbios_config.o (.text.ti_sysbios_knl_Task_setPri)
                  0001970c    000000b4     cui.o (.text.CUI_assert)
                  000197c0    000000b4     maclib_nosecure_cc13x2_2_4g_tirtos7.a : mac_hl_patch.c.o (.text.MAC_MlmeScanReq)
                  00019874    000000b4     ti_sysbios_config.o (.text.PowerCC26XX_standbyPolicy)
                  00019928    000000b4     zd_app.o (.text.ZDApp_ProcessMsgCBs)
                  000199dc    000000b4     zd_app.o (.text.ZDApp_RestoreNwkSecMaterial)
                  00019a90    000000b4     zstacktask.o (.text.ZStackTaskInit)
                  00019b44    000000b4     zstacktask.o (.text.gpDataIndMsgSend)
                  00019bf8    000000b4     maclib_nosecure_cc13x2_2_4g_tirtos7.a : mac_hl_patch.c.o (.text.macAutoPendAddSrcMatchTableEntry)
                  00019cac    000000b4                                           : mac_hl_patch.c.o (.text.macBeaconCheckTxTime)
                  00019d60    000000b4                                           : mac_duty_cycle.c.o (.text.macDutyCycleInit)
                  00019e14    000000b2     zcl.o (.text.zclParseInReadRspCmd)
                  00019ec6    000000b2     zcl_port.o (.text.zcl_AF_DataRequest)
                  00019f78    000000b0     libZStack_nwk_zr.a : aps_mede_cb.o (.text.APSDE_DataIndication)
                  0001a028    000000b0     zd_sec_mgr.o (.text.APSME_TCLinkKeyInit)
                  0001a0d8    000000b0     drivers_cc13x2.a : PowerCC26X2.c.obj (.text.Power_setDependency)
                  0001a188    000000b0     driverlib.lib : setup.c.obj (.text.TrimAfterColdResetWakeupFromShutDown)
                  0001a238    000000b0     zd_profile.o (.text.ZDP_EndDeviceBindReq)
                  0001a2e8    000000b0     zd_profile.o (.text.ZDP_MatchDescReq)
                  0001a398    000000b0     libZStack_nwk_zr.a : nwk.o (.text.nwk_data_req_send)
                  0001a448    000000b0     libclang_rt.builtins.a : udivmoddi4.S.obj (.text)
                  0001a4f8    000000ac     libZStack_nwk_zr.a : aps.o (.text.APS_GetBind)
                  0001a5a4    000000ac     drivers_cc13x2.a : PowerCC26X2.c.obj (.text.Power_releaseDependency)
                  0001a650    000000ac     rf_multiMode_cc13x2.a : RFCC26X2_multiMode.c.cc13x2.ticlang.o (.text.RF_pendCmd)
                  0001a6fc    000000ac     libZStack_nwk_zr.a : rtg.o (.text.RTG_RtgRecordInitiation)
                  0001a7a8    000000ac     bdb_reporting.o (.text.bdb_repAttrCfgRecordsArrayAdd)
                  0001a854    000000ac     maclib_nosecure_cc13x2_2_4g_tirtos7.a : mac_hl_patch.c.o (.text.macApiBeaconStartReq)
                  0001a900    000000ac                                           : mac.c.o (.text.macGetRFCmdDuration)
                  0001a9ac    000000ac                                           : mac_radio.c.o (.text.scheduleNopWakeupCmd)
                  0001aa58    000000aa     zd_object.o (.text.ZDO_ProcessMgmtBindReq)
                  0001ab02    00000002     rf_multiMode_cc13x2.a : RFCC26X2_multiMode.c.cc13x2.ticlang.o (.text.RF_defaultCallback)
                  0001ab04    000000a8     libZStack_nwk_zr.a : nwk_util.o (.text.NLME_CheckNewAddrSet)
                  0001abac    000000a8                        : nl_mede.o (.text.NLME_LeaveReq)
                  0001ac54    000000a8     drivers_cc13x2.a : PWMTimerCC26XX.c.obj (.text.PWMTimerCC26XX_open)
                  0001acfc    000000a8     zd_profile.o (.text.ZDP_MgmtNwkUpdateNotify)
                  0001ada4    000000a8     maclib_nosecure_cc13x2_2_4g_tirtos7.a : mac_hl_patch.c.o (.text.macCbackForEvent)
                  0001ae4c    000000a8                                           : mac_hl_patch.c.o (.text.macTrackTimeoutCallback)
                  0001aef4    000000a4     osal_port.o (.text.OsalPort_heapMalloc)
                  0001af98    000000a4     drivers_cc13x2.a : PWMTimerCC26XX.c.obj (.text.PWMTimerCC26XX_setDutyAndPeriod)
                  0001b03c    000000a4     rf_multiMode_cc13x2.a : RFCC26X2_multiMode.c.cc13x2.ticlang.o (.text.RF_initRadioSetup)
                  0001b0e0    000000a4     libZStack_nwk_zr.a : rtg.o (.text.RTG_BcastChk)
                  0001b184    000000a4                        : rtg.o (.text.RTG_SendRrec)
                  0001b228    000000a4                        : cgp_stub.o (.text.cGP_processMCPSDataInd)
                  0001b2cc    000000a4     ti_sysbios_config.o (.text.ti_sysbios_knl_Task_Instance_init)
                  0001b370    000000a0     nvocmp.o (.text.NVOCMP_readContItemApi)
                  0001b410    000000a0     rf_multiMode_cc13x2.a : RFCC26X2_multiMode.c.cc13x2.ticlang.o (.text.RF_calculateDispatchTime)
                  0001b4b0    000000a0                           : RFCC26X2_multiMode.c.cc13x2.ticlang.o (.text.RF_requestAccess)
                  0001b550    000000a0     libZStack_nwk_zr.a : ssp.o (.text.SSP_SwitchNwkKey)
                  0001b5f0    000000a0     zcl_sampleapps_ui.o (.text.UI_DeviceStateUpdated)
                  0001b690    000000a0     zd_sec_mgr.o (.text.ZDSecMgrDeviceRemove)
                  0001b730    0000009e     zstackapi.o (.text.Zstackapi_freeIndMsg)
                  0001b7ce    0000009e     drivers_cc13x2.a : SPICC26X2DMA.c.obj (.text.finishTransfer)
                  0001b86c    0000009c     zcl_sampleapps_ui.o (.text.UI_UpdateBindInfoLine)
                  0001b908    0000009c     zd_app.o (.text.ZDApp_ProcessSecMsg)
                  0001b9a4    0000009c     bdb_reporting.o (.text.bdb_RepFindAttrEntry)
                  0001ba40    0000009c     libZStack_nwk_zr.a : nwk.o (.text.nwk_ScanPANChanSelect)
                  0001badc    0000009c     zcl_sampleapps_ui.o (.text.uiActionProcessConfigureChannels)
                  0001bb78    0000009c     gp_common.o (.text.zcl_gpSendNotification)
                  0001bc14    0000009c     zglobals.o (.text.zgInit)
                  0001bcb0    0000009a     libZStack_nwk_zr.a : aps.o (.text.APS_DataConfirmReflect)
                  0001bd4a    0000009a     drivers_cc13x2.a : UART2.c.obj (.text.UART2_writeCancel)
                  0001bde4    0000009a     zcl.o (.text.zclParseInWriteCmd)
                  0001be7e    00000002     drivers_cc13x2.a : UART2CC26X2.c.obj (.text.UART2CC26X2_eventCallback)
                  0001be80    00000098     libZStack_nwk_zr.a : aps_frag.o (.text.APSF_ProcessAck)
                  0001bf18    00000098                        : aps_mede.o (.text.APSME_FrameTunnel)
                  0001bfb0    00000098                        : aps_mede.o (.text.APSME_RemoveDeviceReq)
                  0001c048    00000098                        : assoc_list.o (.text.AssocCheckDupNeighbors)
                  0001c0e0    00000098     drivers_cc13x2.a : GPTimerCC26XX.c.obj (.text.GPTimerCC26XX_close)
                  0001c178    00000098     nvocmp.o (.text.NVOCMP_erase)
                  0001c210    00000098     rf_multiMode_cc13x2.a : RFCC26X2_multiMode.c.cc13x2.ticlang.o (.text.RF_defaultSubmitPolicy)
                  0001c2a8    00000098     libZStack_nwk_zr.a : rtg.o (.text.RTG_UpdateRtDiscEntry)
                  0001c340    00000098     drivers_cc13x2.a : UART2CC26X2.c.obj (.text.UART2_close)
                  0001c3d8    00000098     zd_nwk_mgr.o (.text.ZDNwkMgr_BuildAndSendUpdateNotify)
                  0001c470    00000096     rf_multiMode_cc13x2.a : RFCC26X2_multiMode.c.cc13x2.ticlang.o (.text.RF_verifyGap)
                  0001c506    00000096     zcl.o (.text.zclFindNextCmdRec)
                  0001c59c    00000094     maclib_nosecure_cc13x2_2_4g_tirtos7.a : mac_autopend.c.o (.text.MAC_SrcMatchAddEntry)
                  0001c630    00000094     rf_multiMode_cc13x2.a : RFCC26X2_multiMode.c.cc13x2.ticlang.o (.text.RF_ratRestartChannels)
                  0001c6c4    00000094     zd_app.o (.text.ZDApp_NetworkStartEvt)
                  0001c758    00000094     zd_app.o (.text.ZDApp_ProcessSecEvent)
                  0001c7ec    00000094     zd_app.o (.text.ZDApp_RestoreNetworkState)
                  0001c880    00000094     bdb_finding_and_binding.o (.text.bdb_ProcessIEEEAddrRsp)
                  0001c914    00000094     maclib_nosecure_cc13x2_2_4g_tirtos7.a : mac_hl_patch.c.o (.text.macCcmDecrypt)
                  0001c9a8    00000094                                           : mac_radio.c.o (.text.macRadioUpdateChannel)
                  0001ca3c    00000094                                           : mac_rx.c.o (.text.macRxInit)
                  0001cad0    00000094                                           : mac_timer.c.o (.text.macTimerUpdateSymbolTimer)
                  0001cb64    00000094     zstacktask.o (.text.sendSimpleDescRspInd)
                  0001cbf8    00000094     ti_sysbios_config.o (.text.ti_sysbios_knl_Clock_startI)
                  0001cc8c    00000094     ti_sysbios_config.o (.text.ti_sysbios_knl_Task_sleep)
                  0001cd20    00000094     zcl_port.o (.text.zclGeneral_AddScene)
                  0001cdb4    00000090     libZStack_nwk_zr.a : cgp_stub.o (.text.CGP_DataReq)
                  0001ce44    00000090     drivers_cc13x2.a : GPIOCC26XX.c.obj (.text.GPIO_setConfigAndMux)
                  0001ced4    00000090                      : SPICC26X2DMA.c.obj (.text.SPICC26X2DMA_transferCancel)
                  0001cf64    00000090     maclib_nosecure_cc13x2_2_4g_tirtos7.a : mac_hl_patch.c.o (.text.macCcmEncrypt)
                  0001cff4    00000090                                           : mac_radio.c.o (.text.macRadioUpdateChannelRx)
                  0001d084    00000090                                           : mac_hl_patch.c.o (.text.macScanRxCoordRealign)
                  0001d114    00000090                                           : mac_sleep.c.o (.text.macSleep)
                  0001d1a4    00000090                                           : mac_autopend.c.o (.text.macSrcMatchCheckSrcAddr)
                  0001d234    00000090     libZStack_nwk_zr.a : nwk.o (.text.nwk_start_cnf_processing)
                  0001d2c4    00000090     zcl_port.o (.text.zcl_HandleExternal)
                  0001d354    0000008e     zcl_green_power.o (.text.zclGp_SendGpProxyTableResponse)
                  0001d3e2    00000002     zd_object.o (.text.ZDO_ProcessNodeDescRsp)
                  0001d3e4    0000008c     libZStack_nwk_zr.a : nwk_util.o (.text.NLDE_ParseMsg2)
                  0001d470    0000008c                        : nwk_util.o (.text.NLME_LeaveCmdSend)
                  0001d4fc    0000008c                        : nwk_util.o (.text.NLME_ProcessAddressConflictLocal)
                  0001d588    0000008c                        : nwk_util.o (.text.NLME_SendNetworkReport)
                  0001d614    0000008c     nvocmp.o (.text.NVOCMP_updateItemApi)
                  0001d6a0    0000008c     libZStack_nwk_zr.a : rtg.o (.text.RTG_Init)
                  0001d72c    0000008c     drivers_cc13x2.a : TRNGCC26XX.c.obj (.text.TRNG_construct)
                  0001d7b8    0000008c     zcl_sampleapps_ui.o (.text.UI_UpdateGpStatusLine)
                  0001d844    0000008c     zd_app.o (.text.ZDApp_LeaveReset)
                  0001d8d0    0000008c     zd_sec_mgr.o (.text.ZDSecMgrDeviceJoinDirect)
                  0001d95c    0000008c     gp_common.o (.text.app_Green_Power_Init)
                  0001d9e8    0000008c     maclib_nosecure_cc13x2_2_4g_tirtos7.a : mac_tx.c.o (.text.macTxStartQueuedFrame)
                  0001da74    0000008c     ti_sysbios_config.o (.text.ti_sysbios_knl_Clock_init)
                  0001db00    0000008c     zcl_general.o (.text.zclGeneral_SendGroupGetMembershipRequest)
                  0001db8c    0000008c     zcl_port.o (.text.zclport_registerEndpoint)
                  0001dc18    0000008a     libZStack_nwk_zr.a : aps_mede.o (.text.APSME_ConfirmKeyReq)
                  0001dca2    0000008a     zcl.o (.text.zcl_SendConfigReportRspCmdEx)
                  0001dd2c    00000088     libZStack_nwk_zr.a : addr_mgr.o (.text.AddrMgrEntryLookupNwk)
                  0001ddb4    00000088                        : nwk_util.o (.text.NLME_RejoinRspCmdProcess)
                  0001de3c    00000088     nvocmp.o (.text.NVOCMP_deleteItemApi)
                  0001dec4    00000088     rf_multiMode_cc13x2.a : RFCC26X2_multiMode.c.cc13x2.ticlang.o (.text.RF_cmdDispatchTime)
                  0001df4c    00000088                           : RFCC26X2_multiMode.c.cc13x2.ticlang.o (.text.RF_discardPendCmd)
                  0001dfd4    00000088     zd_app.o (.text.ZDApp_SaveNwkKey)
                  0001e05c    00000088     zd_sec_mgr.o (.text.ZDSecMgrNewDeviceEvent)
                  0001e0e4    00000088     zmac.o (.text.ZMacDataReqSec)
                  0001e16c    00000088     bdb_reporting.o (.text.bdb_RepUpdateMarkBindings)
                  0001e1f4    00000088     gp_common.o (.text.gp_processDataIndMsg)
                  0001e27c    00000088     maclib_nosecure_cc13x2_2_4g_tirtos7.a : mac_pwr.c.o (.text.macPwrVote)
                  0001e304    00000088                                           : mac_symbol_timer.c.o (.text.macSymbolTimerInit)
                  0001e38c    00000084     libZStack_nwk_zr.a : aps_mede.o (.text.APSME_SearchTCLinkKeyEntry)
                  0001e410    00000084     cui.o (.text.CUI_clientOpen)
                  0001e494    00000084     libZStack_nwk_zr.a : nwk_util.o (.text.NLME_CmdCnf)
                  0001e518    00000084     nvocmp.o (.text.NVOCMP_createItemApi)
                  0001e59c    00000084     libZStack_nwk_zr.a : nwk_util.o (.text.NwkNotMyChildListAdd)
                  0001e620    00000084     rf_multiMode_cc13x2.a : RFCC26X2_multiMode.c.cc13x2.ticlang.o (.text.RF_getInfo)
                  0001e6a4    00000084                           : RFCC26X2_multiMode.c.cc13x2.ticlang.o (.text.RF_yield)
                  0001e728    00000084     zd_app.o (.text.ZDO_LeaveInd)
                  0001e7ac    00000084     zd_profile.o (.text.ZDP_IncomingData)
                  0001e830    00000084     maclib_nosecure_cc13x2_2_4g_tirtos7.a : mac_mcu.c.o (.text.macMcuOverflowSetPeriod)
                  0001e8b4    00000084     libZStack_nwk_zr.a : nwk_util.o (.text.nwkChangePanID)
                  0001e938    00000084                        : nwk_bufs.o (.text.nwkbufs_hold)
                  0001e9bc    00000084     zcl.o (.text.zcl_SendWriteRsp)
                  0001ea40    00000082     zcl_general.o (.text.zclGeneral_SendSceneGetMembershipResponse)
                  0001eac2    00000082     zcl.o (.text.zcl_SendDiscoverAttrsRspCmd)
                  0001eb44    00000080     zd_sec_mgr.o (.text.APSME_LinkKeySet)
                  0001ebc4    00000080     libZStack_nwk_zr.a : nwk_util.o (.text.NLME_RejoinRspSend)
                  0001ec44    00000080     drivers_cc13x2.a : NVSSPI25X.c.obj (.text.NVSSPI25X_close)
                  0001ecc4    00000080     osal_port.o (.text.OsalPort_setTimer)
                  0001ed44    00000080     libZStack_nwk_zr.a : rtg.o (.text.RTG_GetRtgEntry)
                  0001edc4    00000080                        : rtg.o (.text.RTG_ProcessRtDiscBits)
                  0001ee44    00000080     drivers_cc13x2.a : UART2CC26X2.c.obj (.text.UART2Support_dmaStopTx)
                  0001eec4    00000080     zd_sec_mgr.o (.text.ZDSecMgrSetDefaultNV)
                  0001ef44    00000080     drivers_cc13x2.a : NVSCC26XX.c.obj (.text.doErase)
                  0001efc4    00000080     maclib_nosecure_cc13x2_2_4g_tirtos7.a : mac_tx.c.o (.text.macTxDoneCallback)
                  0001f044    00000080     libZStack_nwk_zr.a : nwk_bufs.o (.text.nwk_MacDataBuffersDealloc)
                  0001f0c4    00000080     ti_sysbios_config.o (.text.ti_sysbios_family_arm_m3_Hwi_initNVIC)
                  0001f144    00000080     ti_sysbios_config.o (.text.ti_sysbios_gates_GateMutexPri_enter)
                  0001f1c4    00000080     zcl_port.o (.text.zclGeneral_RemoveScene)
                  0001f244    00000080     zcl.o (.text.zcl_SendDiscoverAttrsExtRsp)
                  0001f2c4    00000080     zcl.o (.text.zcl_SendDiscoverCmdsRspCmd)
                  0001f344    00000080     zcl_sampleapps_ui.o (.text.zclsampleApp_ui_event_loop)
                  0001f3c4    0000007e     nvocmp.o (.text.NVOCMP_readHeader)
                  0001f442    00000002     zd_object.o (.text.ZDO_ProcessSimpleDescRsp)
                  0001f444    0000007e     gp_common.o (.text.gp_PopulateField)
                  0001f4c2    00000002     zd_app.o (.text.ZDO_SyncIndicationCB)
                  0001f4c4    0000007c     libZStack_nwk_zr.a : assoc_list.o (.text.AssocChangeNwkAddr)
                  0001f540    0000007c     maclib_nosecure_cc13x2_2_4g_tirtos7.a : mac_hl_patch.c.o (.text.MAC_ResumeReq)
                  0001f5bc    0000007c     libZStack_nwk_zr.a : nwk_util.o (.text.NwkFreqAgilityIncErrorCnt)
                  0001f638    0000007c     rf_multiMode_cc13x2.a : RFCC26X2_multiMode.c.cc13x2.ticlang.o (.text.RF_ratDisableChannel)
                  0001f6b4    0000007c     zd_sec_mgr.o (.text.ZDSecMgrSwitchNwkKey)
                  0001f730    0000007c     zd_sec_mgr.o (.text.ZDSecMgrTclkReq)
                  0001f7ac    0000007c     binding_table.o (.text.bindFindExisting)
                  0001f828    0000007c     drivers_cc13x2.a : NVSSPI25X.c.obj (.text.doRead)
                  0001f8a4    0000007c     maclib_nosecure_cc13x2_2_4g_tirtos7.a : mac_mcu.c.o (.text.macMcuOverflowSetCompare)
                  0001f920    0000007c                                           : mac_radio.c.o (.text.macRadioStartScan)
                  0001f99c    0000007c     ti_sysbios_config.o (.text.ti_sysbios_family_arm_m3_Hwi_postInit)
                  0001fa18    0000007c     zcl_port.o (.text.zclGeneral_FindScene)
                  0001fa94    0000007c     zcl_general.o (.text.zclGeneral_SendGroupViewResponse)
                  0001fb10    0000007c     zcl_samplelight.o (.text.zclSampleLight_MoveBasedOnTime)
                  0001fb8c    0000007a     zd_object.o (.text.ZDO_ParseNodeDescRsp)
                  0001fc06    00000002     zdiags.o (.text.ZDiagsUpdateStats)
                  0001fc08    00000078     libZStack_nwk_zr.a : aps_mede.o (.text.APSME_CmdPkt)
                  0001fc80    00000078                        : aps_mede.o (.text.APSME_LookupExtAddr)
                  0001fcf8    00000078                        : addr_mgr.o (.text.AddrMgrEntryAdd)
                  0001fd70    00000078                        : assoc_list.o (.text.AssocGetWithAddress)
                  0001fde8    00000078     driverlib.lib : chipinfo.c.obj (.text.NOROM_ChipInfo_GetChipType)
                  0001fe60    00000078                   : sys_ctrl.c.obj (.text.NOROM_SysCtrlSetRechargeBeforePowerDown)
                  0001fed8    00000078     nvocmp.o (.text.NVOCMP_loadApiPtrs)
                  0001ff50    00000078     drivers_cc13x2.a : NVSCC26XX.c.obj (.text.NVSCC26XX_open)
                  0001ffc8    00000078     rf_multiMode_cc13x2.a : RFCC26X2_multiMode.c.cc13x2.ticlang.o (.text.RF_ratFreeChannel)
                  00020040    00000078     libZStack_nwk_zr.a : rtg.o (.text.RTG_CheckRtStatus)
                  000200b8    00000078     drivers_cc13x2.a : SPICC26X2DMA.c.obj (.text.SPICC26X2DMA_close)
                  00020130    00000078     zd_app.o (.text.ZDApp_StoreNwkSecMaterial)
                  000201a8    00000078     zd_object.o (.text.ZDO_StartDevice)
                  00020220    00000078     zd_sec_mgr.o (.text.ZDSecMgrAppKeyReq)
                  00020298    00000078     gp_proxy.o (.text.gp_getProxyTableByGpId)
                  00020310    00000078     maclib_nosecure_cc13x2_2_4g_tirtos7.a : mac.c.o (.text.macRequestBackoff)
                  00020388    00000078                                           : mac_timer.c.o (.text.macTimerRealign)
                  00020400    00000078                                           : mac_hl_patch.c.o (.text.macTrackStartCallback)
                  00020478    00000078     ti_sysbios_config.o (.text.ti_sysbios_knl_Task_postInit)
                  000204f0    00000076     zd_object.o (.text.ZDO_ParseEndDeviceBindReq)
                  00020566    00000076     libZStack_nwk_zr.a : aps_util.o (.text.apsGenerateAck)
                  000205dc    00000076     zcl_general.o (.text.zclGeneral_SendAddGroupRequestEx)
                  00020652    00000002     libclang_rt.builtins.a : aeabi_div0.c.obj (.text.__aeabi_ldiv0)
                  00020654    00000074     libZStack_nwk_zr.a : addr_mgr.o (.text.AddrMgrEntryLookupExt)
                  000206c8    00000074                        : assoc_list.o (.text.AssocMakeListOfRfdChild)
                  0002073c    00000074     nvocmp.o (.text.NVOCMP_readItemApi)
                  000207b0    00000074     osal_port.o (.text.OsalPort_heapInit)
                  00020824    00000074     drivers_cc13x2.a : PowerCC26X2_calibrateRCOSC_helpers.c.obj (.text.PowerCC26X2_updateSubSecInc)
                  00020898    00000074     rf_multiMode_cc13x2.a : RFCC26X2_multiMode.c.cc13x2.ticlang.o (.text.RF_hwiHw)
                  0002090c    00000074     zd_profile.o (.text.ZDO_SendMsgCBs)
                  00020980    00000074     zd_sec_mgr.o (.text.ZDSecMgrClearNVKeyValues)
                  000209f4    00000074     bdb.o (.text.bdb_TCjoiningDeviceComplete)
                  00020a68    00000074     bdb_finding_and_binding.o (.text.bdb_zclFindingBindingEpType)
                  00020adc    00000074     maclib_nosecure_cc13x2_2_4g_tirtos7.a : mac_timer.c.o (.text.macTimerSetRollover)
                  00020b50    00000074     libZStack_nwk_zr.a : nwk_util.o (.text.nwkProcessPanIdScan)
                  00020bc4    00000074                        : nwk_util.o (.text.nwk_GetConfigPollRate)
                  00020c38    00000074     ti_sysbios_config.o (.text.ti_sysbios_knl_Swi_restoreHwi)
                  00020cac    00000074     zcl_sampleapps_ui.o (.text.uiActionProcessConfigurePriChannels)
                  00020d20    00000074     zcl_sampleapps_ui.o (.text.uiActionProcessConfigureSecChannels)
                  00020d94    00000074     zcl_port.o (.text.zclGeneral_RemoveAllScenes)
                  00020e08    00000074     zcl_samplelight.o (.text.zclSampleLight_SceneStoreCB)
                  00020e7c    00000072     drivers_cc13x2.a : LED.c.obj (.text.LED_startBlinking)
                  00020eee    00000072     libZStack_nwk_zr.a : nwk_util.o (.text.NLME_SendNetworkStatus)
                  00020f60    00000072     zd_sec_mgr.o (.text.ZDSecMgrSendNwkKey)
                  00020fd2    00000072     zd_sec_mgr.o (.text.ZDSecMgrUpdateNwkKey)
                  00021044    00000070     drivers_cc13x2.a : AESCCMCC26XX.c.obj (.text.AESCCM_cleanup)
                  000210b4    00000070                      : AESECBCC26XX.c.obj (.text.AESECB_construct)
                  00021124    00000070     osal_port.o (.text.OsalPort_pwrmgrTaskState)
                  00021194    00000070     libZStack_nwk_zr.a : rtg.o (.text.RTG_GetStochastic)
                  00021204    00000070     zd_app.o (.text.ZDO_JoinIndicationCB)
                  00021274    00000070     zd_object.o (.text.ZDO_ProcessMgmtLeaveReq)
                  000212e4    00000070     zd_profile.o (.text.ZDP_BindUnbindReq)
                  00021354    00000070     zd_sec_mgr.o (.text.ZDSecMgrSaveApsLinkKey)
                  000213c4    00000070     bdb_finding_and_binding.o (.text.bdb_ProcessSimpleDesc)
                  00021434    00000070     maclib_nosecure_cc13x2_2_4g_tirtos7.a : mac_hl_patch.c.o (.text.macAutoPoll)
                  000214a4    00000070                                           : mac_duty_cycle.c.o (.text.macDutyCycleTimerCB)
                  00021514    00000070                                           : mac_low_level.c.o (.text.macLowLevelInit)
                  00021584    00000070                                           : mac_rx.c.o (.text.macRxHaltCleanup)
                  000215f4    00000070                                           : mac_symbol_timer.c.o (.text.macSymbolTimerPeriodIsr)
                  00021664    00000070     libZStack_nwk_zr.a : nwk_bufs.o (.text.nwkDB_Add)
                  000216d4    00000070     zstackstartup.o (.text.stackTask_init)
                  00021744    00000070     ti_sysbios_config.o (.text.ti_sysbios_family_arm_m3_Hwi_Instance_init)
                  000217b4    00000070     ti_sysbios_config.o (.text.ti_sysbios_knl_Task_startup)
                  00021824    00000070     ti_sysbios_config.o (.text.ti_sysbios_runtime_System_formatNum)
                  00021894    00000070     zcl_samplelight.o (.text.zclSampleLight_SceneRecallCB)
                  00021904    00000070     zcl_samplelight.o (.text.zclSampleLight_UpdateStatusLine)
                  00021974    00000070     libc.a : copy_decompress_lzss.c.obj (.text:decompress:lzss)
                  000219e4    0000006e     zd_object.o (.text.ZDO_ParseSimpleDescBuf)
                  00021a52    00000002     libc.a : _lock.c.obj (.text._nop)
                  00021a54    0000006e     libclang_rt.builtins.a : comparedf2.c.obj (.text.__gedf2)
                  00021ac2    00000002     bdb.o (.text.bdb_parentLost)
                  00021ac4    0000006e     libclang_rt.builtins.a : comparedf2.c.obj (.text.__ledf2)
                  00021b32    0000006e     zstacktask.o (.text.sendBeaconNotifyInd)
                  00021ba0    0000006c     drivers_cc13x2.a : AESECBCC26XX.c.obj (.text.AESECB_hwiFxn)
                  00021c0c    0000006c     libZStack_nwk_zr.a : nwk_util.o (.text.NLME_ProcessNetworkReport)
                  00021c78    0000006c     nvocmp.o (.text.NVOCMP_eraseNvApi)
                  00021ce4    0000006c     nvocmp.o (.text.NVOCMP_writeItemApi)
                  00021d50    0000006c     libZStack_nwk_zr.a : nwk_util.o (.text.NwkNotMyChildListAging)
                  00021dbc    0000006c     osal_port.o (.text.OsalPort_msgFindDequeue)
                  00021e28    0000006c     rf_multiMode_cc13x2.a : RFCC26X2_multiMode.c.cc13x2.ticlang.o (.text.RF_getTxPower)
                  00021e94    0000006c                           : RFCC26X2_multiMode.c.cc13x2.ticlang.o (.text.RF_issueRadioFreeCb)
                  00021f00    0000006c     drivers_cc13x2.a : Random.c.obj (.text.Random_seedAutomatic)
                  00021f6c    0000006c     libZStack_nwk_zr.a : ssp.o (.text.SSP_GetTrueRand)
                  00021fd8    0000006c     zcl_sampleapps_ui.o (.text.UI_SetGPPCommissioningMode)
                  00022044    0000006c     zd_object.o (.text.ZDO_ProcessSimpleDescReq)
                  000220b0    0000006c     zd_sec_mgr.o (.text.ZDSecMgrWriteNV)
                  0002211c    0000006c     bdb.o (.text.bdb_Init)
                  00022188    0000006c     gp_common.o (.text.gp_expireDuplicateFiltering)
                  000221f4    0000006c     libZStack_nwk_zr.a : nwk_util.o (.text.nwkTransmissionFailures)
                  00022260    0000006c     drivers_cc13x2.a : PowerCC26X2.c.obj (.text.oscillatorISR)
                  000222cc    0000006c     zstackapi.o (.text.sendReqRsp)
                  00022338    0000006c     ti_sysbios_config.o (.text.ti_sysbios_family_arm_m3_Hwi_dispatchC)
                  000223a4    0000006c     gp_proxy.o (.text.zclGp_GpProxyCommissioningModeCB)
                  00022410    0000006c     zcl_samplelight.o (.text.zclSampleLight_UiActionSwitchDiscovery)
                  0002247c    0000006a     libZStack_nwk_zr.a : aps_mede.o (.text.APSME_CmdPktCM_CD)
                  000224e6    0000006a                        : aps_mede.o (.text.APSME_UpdateDeviceReq)
                  00022550    00000068     rf_multiMode_cc13x2.a : RFCC26X2_multiMode.c.cc13x2.ticlang.o (.text.RF_detachOverrides)
                  000225b8    00000068     libZStack_nwk_zr.a : rtg.o (.text.RTG_GetRtgSrcIndex)
                  00022620    00000068     drivers_cc13x2.a : UART2CC26X2.c.obj (.text.UART2Support_dmaStopRx)
                  00022688    00000068     zd_sec_mgr.o (.text.ZDSecMgrReadKeyFromNv)
                  000226f0    00000068     zd_sec_mgr.o (.text.ZDSecMgrSaveTCLinkKey)
                  00022758    00000068     maclib_nosecure_cc13x2_2_4g_tirtos7.a : mac_rx_onoff.c.o (.text.macRxOn)
                  000227c0    00000068                                           : mac_timer.c.o (.text.macTimerGetNextTimer)
                  00022828    00000068     zstackapi.o (.text.sendReqDefaultRsp)
                  00022890    00000068     ti_sysbios_config.o (.text.ti_sysbios_knl_Swi_run)
                  000228f8    00000068     zcl_sampleapps_ui.o (.text.uiProcessIdentifyTimeChange)
                  00022960    00000068     zglobals.o (.text.zgInitItems)
                  000229c8    00000066     libZStack_nwk_zr.a : nwk_util.o (.text.NLDE_DataIndSend)
                  00022a2e    00000066                        : nwk_util.o (.text.NLME_SendLinkStatus)
                  00022a94    00000064     drivers_cc13x2.a : AESCCMCC26XX.c.obj (.text.AESCCM_hwiFxn)
                  00022af8    00000064     libZStack_nwk_zr.a : aps_mede.o (.text.APSME_LinkKeySync)
                  00022b5c    00000064                        : assoc_list.o (.text.AssocWriteNV)
                  00022bc0    00000064     binding_table.o (.text.InitBindingTable)
                  00022c24    00000064     driverlib.lib : osc.c.obj (.text.NOROM_OSCHF_AttemptToSwitchToXosc)
                  00022c88    00000064     osal_port.o (.text.OsalPort_clearEvent)
                  00022cec    00000064     drivers_cc13x2.a : PowerCC26X2_calibrateRCOSC.c.obj (.text.PowerCC26X2_initiateCalibration)
                  00022d50    00000064     rf_multiMode_cc13x2.a : RFCC26X2_multiMode.c.cc13x2.ticlang.o (.text.RF_attachOverrides)
                  00022db4    00000064                           : RFCC26X2_multiMode.c.cc13x2.ticlang.o (.text.RF_dispatchNextEvent)
                  00022e18    00000064                           : RFCC26X2_multiMode.c.cc13x2.ticlang.o (.text.RF_hwiCpe0PowerFsm)
                  00022e7c    00000064     libZStack_nwk_zr.a : rtg.o (.text.RTG_SendRErr)
                  00022ee0    00000064     drivers_cc13x2.a : UDMACC26XX.c.obj (.text.UDMACC26XX_open)
                  00022f44    00000064     zd_app.o (.text.ZDApp_SecInit)
                  00022fa8    00000064     zd_profile.o (.text.ZDP_NodeDescMsg)
                  0002300c    00000064     zd_sec_mgr.o (.text.ZDSecMgrGenerateKeyFromSeed)
                  00023070    00000064     libZStack_nwk_zr.a : aps_groups.o (.text.aps_AddGroup)
                  000230d4    00000064     maclib_nosecure_cc13x2_2_4g_tirtos7.a : mac_hl_patch.c.o (.text.macTrackPeriodCallback)
                  00023138    00000064     nwk_globals.o (.text.nwk_InitializeDefaultPollRates)
                  0002319c    00000064     ti_sysbios_config.o (.text.ti_sysbios_gates_GateMutexPri_leave)
                  00023200    00000064     ti_sysbios_config.o (.text.ti_sysbios_knl_Idle_init)
                  00023264    00000064     ti_sysbios_config.o (.text.ti_sysbios_knl_TaskSupport_buildTaskStack)
                  000232c8    00000064     zcl.o (.text.zclParseHdr)
                  0002332c    00000062     rf_multiMode_cc13x2.a : RFCC26X2_multiMode.c.cc13x2.ticlang.o (.text.RF_syncCb)
                  0002338e    00000062     zd_object.o (.text.ZDO_CopyMatchInfo)
                  000233f0    00000062     libclang_rt.builtins.a : aeabi_dcmp.S.obj (.text.__aeabi_dcmp)
                  00023452    00000002     drivers_cc13x2.a : PowerCC26X2.c.obj (.text.emptyClockFunc)
                  00023454    00000060     libZStack_nwk_zr.a : assoc_list.o (.text.AssocChildTableManagement)
                  000234b4    00000060     drivers_cc13x2.a : CryptoResourceCC26XX.c.obj (.text.CryptoResourceCC26XX_constructRTOSObjects)
                  00023514    00000060     libZStack_nwk_zr.a : nwk_util.o (.text.NLME_NetworkReportCB)
                  00023574    00000060                        : nwk_util.o (.text.NLME_ProcessEndDevTimeoutReq)
                  000235d4    00000060                        : nwk_util.o (.text.NLME_RejoinReqCmdProcess)
                  00023634    00000060     nvocmp.o (.text.NVOCMP_checkItem)
                  00023694    00000060     nvocmp.o (.text.NVOCMP_verifyCRC)
                  000236f4    00000060     osal_port.o (.text.OsalPort_setEvent)
                  00023754    00000060     zd_app.o (.text.ZDAppDetermineDeviceType)
                  000237b4    00000060     zd_object.o (.text.ZDO_ParseAddrRsp)
                  00023814    00000060     zd_object.o (.text.ZDO_ProcessMgmtPermitJoinReq)
                  00023874    00000060     zd_profile.o (.text.ZDP_NwkAddrReq)
                  000238d4    00000060     zstackapi.o (.text.Zstackapi_sysNwkInfoReadReq)
                  00023934    00000060     binding_table.o (.text.bindAddrMgrLocalLoad)
                  00023994    00000060     maclib_nosecure_cc13x2_2_4g_tirtos7.a : mac_radio.c.o (.text.macRadioWakeupCb)
                  000239f4    00000060                                           : mac_timer.c.o (.text.macSymbolTimerRolloverCallback)
                  00023a54    00000060                                           : mac_timer.c.o (.text.macTimerAddTimer)
                  00023ab4    00000060                                           : mac_timer.c.o (.text.macTimerCancel)
                  00023b14    00000060     libZStack_nwk_zr.a : nwk_util.o (.text.nlmeAddConflictedAddrTable)
                  00023b74    00000060                        : nwk.o (.text.nwk_scan_cnf_processing)
                  00023bd4    00000060     zstacktask.o (.text.sendIeeeAddrRspInd)
                  00023c34    00000060     zstacktask.o (.text.sendNwkAddrRspInd)
                  00023c94    00000060     ti_sysbios_config.o (.text.ti_sysbios_knl_Clock_walkQueueDynamic)
                  00023cf4    00000060     ti_sysbios_config.o (.text.ti_sysbios_knl_Semaphore_post)
                  00023d54    00000060     ti_sysbios_config.o (.text.ti_sysbios_knl_Swi_schedule)
                  00023db4    00000060     zcl.o (.text.zclFindNextAttrRec)
                  00023e14    00000060     gp_common.o (.text.zcl_gpSendCommissioningNotification)
                  00023e74    0000005e     libZStack_nwk_zr.a : aps_mede.o (.text.APSME_FrameSecApplyCM)
                  00023ed2    0000005e                        : aps_mede.o (.text.APSME_SwitchKeyReq)
                  00023f30    0000005e                        : aps.o (.text.APS_ReflectMonitor)
                  00023f8e    00000002     drivers_cc13x2.a : CryptoResourceCC26XX.c.obj (.text.errorSpin)
                  00023f90    0000005e     rf_multiMode_cc13x2.a : rfc.c.cc13x2.ticlang.o (.text.NOROM_RFCAnaDivTxOverride)
                  00023fee    00000002     maclib_nosecure_cc13x2_2_4g_tirtos7.a : mac_pwr.c.o (.text.macApiPwrOnReq)
                  00023ff0    0000005c     libZStack_nwk_zr.a : assoc_list.o (.text.AssocMakeList)
                  0002404c    0000005c                        : nl_mede.o (.text.NLDE_DataReq)
                  000240a8    0000005c     drivers_cc13x2.a : NVSSPI25X.c.obj (.text.NVSSPI25X_control)
                  00024104    0000005c     osal_port.o (.text.OsalPort_msgReceive)
                  00024160    0000005c     drivers_cc13x2.a : PWMTimerCC26XX.c.obj (.text.PWMTimerCC26XX_setPeriod)
                  000241bc    0000005c     libZStack_nwk_zr.a : ssp.o (.text.SSP_ParseAuxHdr)
                  00024218    0000005c     drivers_cc13x2.a : TRNGCC26XX.c.obj (.text.TRNGCC26XX_startTrng)
                  00024274    0000005c     zmac.o (.text.ZMacScanReq)
                  000242d0    0000005c     zmac.o (.text.ZMacSetZigbeeMACParams)
                  0002432c    0000005c     binding_table.o (.text.bindRemoveDev)
                  00024388    0000005c     drivers_cc13x2.a : NVSSPI25X.c.obj (.text.extFlashWaitReady)
                  000243e4    0000005c     gp_common.o (.text.gpLookForGpd)
                  00024440    0000005c     maclib_nosecure_cc13x2_2_4g_tirtos7.a : mac_sleep.c.o (.text.macCanSleep)
                  0002449c    0000005c                                           : mac_radio.c.o (.text.macRadioSetChannel)
                  000244f8    0000005c                                           : mac_symbol_timer.c.o (.text.macSymbolTimerEventHandler)
                  00024554    0000005c     libZStack_nwk_zr.a : nwk_util.o (.text.nwkNeighborRemoveStranded)
                  000245b0    0000005c     zstacktask.o (.text.sendLeaveInd)
                  0002460c    0000005c     osal_port_timers.o (.text.timerCb)
                  00024668    0000005c     zcl_port.o (.text.zclGeneral_FindAllScenesForGroup)
                  000246c4    0000005c     zcl.o (.text.zclParseInWriteRspCmd)
                  00024720    0000005a     zstacktask.o (.text.sendActiveEPRspInd)
                  0002477a    0000005a     zstacktask.o (.text.sendMatchDescRspInd)
                  000247d4    0000005a     zstacktask.o (.text.sendZdoSrcRtgInd)
                  0002482e    00000002     maclib_nosecure_cc13x2_2_4g_tirtos7.a : mac_radio.c.o (.text.macRadioSetRE)
                  00024830    00000058     libZStack_nwk_zr.a : aps_mede.o (.text.APSME_GetRequest)
                  00024888    00000058                        : assoc_list.o (.text.AssocRemove)
                  000248e0    00000058     zstacktask.o (.text.BDBBindNotificationsendMsgToAllCBs)
                  00024938    00000058     zstacktask.o (.text.BDBTCLinkKeyExchangeNotificationsendMsgToAllCB)
                  00024990    00000058     drivers_cc13x2.a : Button.c.obj (.text.Button_gpioCallbackFxn)
                  000249e8    00000058     cui.o (.text.CUI_writeString)
                  00024a40    00000058     osal_port.o (.text.HEAPMGR_GETLARGESTFREEBUF)
                  00024a98    00000058     libZStack_nwk_zr.a : nwk_util.o (.text.NLME_InitNV)
                  00024af0    00000058                        : nl_mede.o (.text.NLME_NwkDiscReq2)
                  00024b48    00000058                        : nwk_util.o (.text.NLME_SendEndDevTimeoutReq)
                  00024ba0    00000058                        : nwk_util.o (.text.NwkInitChildAging)
                  00024bf8    00000058     osal_port.o (.text.OsalPort_msgSend)
                  00024c50    00000058     rf_multiMode_cc13x2.a : RFCC26X2_multiMode.c.cc13x2.ticlang.o (.text.RF_applyRfCorePatch)
                  00024ca8    00000058     libZStack_nwk_zr.a : ssp_hash.o (.text.SSP_KeyedHash)
                  00024d00    00000058     drivers_cc13x2.a : TRNGCC26XX.c.obj (.text.TRNG_init)
                  00024d58    00000058     zd_app.o (.text.ZDO_JoinConfirmCB)
                  00024db0    00000058     zd_profile.o (.text.ZDP_EPRsp)
                  00024e08    00000058     zd_profile.o (.text.ZDP_MgmtPermitJoinReq)
                  00024e60    00000058     bdb_finding_and_binding.o (.text.bdb_SendIdentifyQuery)
                  00024eb8    00000058     bdb.o (.text.bdb_ZclIdentifyCmdInd)
                  00024f10    00000058     drivers_cc13x2.a : NVSSPI25X.c.obj (.text.doWriteVerify)
                  00024f68    00000058     zd_profile.o (.text.fillAndSend)
                  00024fc0    00000058     maclib_nosecure_cc13x2_2_4g_tirtos7.a : mac_radio.c.o (.text.macRadioSetChannelRx)
                  00025018    00000058                                           : mac_radio_tx.c.o (.text.macRadioTxPrepCsmaSlottedIeee)
                  00025070    00000058                                           : mac.c.o (.text.macRequestSFDTimeout)
                  000250c8    00000058     libZStack_nwk_zr.a : nwk_util.o (.text.nwkNeighborCheckAddr)
                  00025120    00000058                        : nwk.o (.text.nwk_indSendError)
                  00025178    00000058     sysbios.a : Hwi_asm_switch_gcc.s.obj (.text.ti_sysbios_family_arm_m3_Hwi_initStacks)
                  000251d0    00000058     zcl_sampleapps_ui.o (.text.uiActionProcessConfigureBdbModes)
                  00025228    00000058     zcl_samplelight.o (.text.zclSampleLight_LevelControlStepCB)
                  00025280    00000058     zcl_samplelight_data.o (.text.zclSampleLight_ResetAttributesToDefaultValues)
                  000252d8    00000056     drivers_cc13x2.a : StructRingBuf.c.obj (.text.StructRingBuf_put)
                  0002532e    00000056                      : UART2.c.obj (.text.UART2_readCancel)
                  00025384    00000056     util_timer.o (.text.UtilTimer_construct)
                  000253da    00000056     bdb.o (.text.bdb_AddRespondentNode)
                  00025430    00000056     libZStack_nwk_zr.a : nwk.o (.text.nwk_BeaconToNative)
                  00025486    00000002     maclib_nosecure_cc13x2_2_4g_tirtos7.a : mac_radio_tx.c.o (.text.macRadioTxCancelTxAck)
                  00025488    00000054     drivers_cc13x2.a : AESCCMCC26XX.c.obj (.text.AESCCM_construct)
                  000254dc    00000054     libZStack_nwk_zr.a : aps.o (.text.APS_Init)
                  00025530    00000054                        : addr_mgr.o (.text.AddrMgrWriteNV)
                  00025584    00000054     drivers_cc13x2.a : GPTimerCC26XX.c.obj (.text.GPTimerCC26XX_stop)
                  000255d8    00000054     libZStack_nwk_zr.a : nwk_util.o (.text.NLME_SendEndDevTimeoutRsp)
                  0002562c    00000054     nvocmp.o (.text.NVOCMP_compactNvApi)
                  00025680    00000054     nvocmp.o (.text.NVOCMP_getDstPage)
                  000256d4    00000054     nvocmp.o (.text.NVOCMP_getItemLenApi)
                  00025728    00000054     osal_port_timers.o (.text.OsalPortTimers_stopTimer)
                  0002577c    00000054     rf_multiMode_cc13x2.a : RFCC26X2_multiMode.c.cc13x2.ticlang.o (.text.RF_getCurrentTime)
                  000257d0    00000054     libZStack_nwk_zr.a : rtg.o (.text.RTG_MTORouteReq)
                  00025824    00000054     zd_object.o (.text.ZDO_RemoveMatchMemory)
                  00025878    00000054     zd_sec_mgr.o (.text.ZDSecMgrAuthenticationCheck)
                  000258cc    00000054     libZStack_nwk_zr.a : aps_groups.o (.text.aps_GroupsRestoreFromNV)
                  00025920    00000054     bdb_finding_and_binding.o (.text.bdb_zclFindingBindingAddBindEntry)
                  00025974    00000054     libZStack_nwk_zr.a : dgp_stub.o (.text.dGP_DataCnf)
                  000259c8    00000054     drivers_cc13x2.a : NVSSPI25X.c.obj (.text.extFlashSpiWrite)
                  00025a1c    00000054     zstacktask.o (.text.gpSecRecMsgSend)
                  00025a70    00000054     maclib_nosecure_cc13x2_2_4g_tirtos7.a : mac_tx.c.o (.text.macTxAckReceivedCallback)
                  00025ac4    00000054     libZStack_nwk_zr.a : nwk_util.o (.text.nwkListStatusAddToSortedList)
                  00025b18    00000054                        : nwk.o (.text.nwk_BeaconFromNative)
                  00025b6c    00000054                        : nwk_bufs.o (.text.nwk_broadcastSend)
                  00025bc0    00000054     osal_nv.o (.text.osal_nv_item_init_ex)
                  00025c14    00000054     zcl_samplelight.o (.text.zclSampleLight_IdentifyQueryRspCB)
                  00025c68    00000054     zcl_port.o (.text.zclport_initializeNVItem)
                  00025cbc    00000054     zcl_port.o (.text.zclport_registerZclHandleExternal)
                  00025d10    00000054     zcl_port.o (.text.zclport_writeNV)
                  00025d64    00000052     libZStack_nwk_zr.a : rtg.o (.text.RTG_SendBrokenRoute)
                  00025db6    00000052     binding_table.o (.text.bindAddrIndexGet)
                  00025e08    00000052     libZStack_nwk_zr.a : dgp_stub.o (.text.gp_SecBuildNonce)
                  00025e5a    00000002     maclib_nosecure_cc13x2_2_4g_tirtos7.a : mac_rx.c.o (.text.macRxRadioPowerUpInit)
                  00025e5c    00000050     libZStack_nwk_zr.a : aps.o (.text.APS_CmdInd)
                  00025eac    00000050                        : addr_mgr.o (.text.AddrMgrEntryGet)
                  00025efc    00000050                        : assoc_list.o (.text.AssocChildSecurityTimeout)
                  00025f4c    00000050     ti_drivers_config.o (.text.Board_shutDownExtFlash)
                  00025f9c    00000050     drivers_cc13x2.a : GPTimerCC26XX.c.obj (.text.GPTimerCC26XX_start)
                  00025fec    00000050                      : NVSSPI25X.c.obj (.text.NVSSPI25X_read)
                  0002603c    00000050     rf_multiMode_cc13x2.a : RFCC26X2_multiMode.c.cc13x2.ticlang.o (.text.RF_wakeupNotification)
                  0002608c    00000050     libZStack_nwk_zr.a : ssp.o (.text.SSP_GetNwkKey)
                  000260dc    00000050     zd_object.o (.text.ZDO_UpdateNwkStatus)
                  0002612c    00000050     bdb.o (.text.bdb_addInstallCode)
                  0002617c    00000050     bdb.o (.text.bdb_nwkJoiningFormation)
                  000261cc    00000050     gp_proxy.o (.text.gp_returnOperationalChannel)
                  0002621c    00000050     maclib_nosecure_cc13x2_2_4g_tirtos7.a : mac_hl_patch.c.o (.text.macCheckPhyRate)
                  0002626c    00000050                                           : mac_radio.c.o (.text.macGetRadioTxPowerReg)
                  000262bc    00000050                                           : mac_radio.c.o (.text.macRadioUpdateTxPower)
                  0002630c    00000050                                           : mac_tx.c.o (.text.macTxTimestampCallback)
                  0002635c    00000050                                           : mac_rx.c.o (.text.rxPostRxUpdates)
                  000263ac    00000050     ti_sysbios_config.o (.text.ti_sysbios_family_arm_m3_Hwi_excHandlerMin)
                  000263fc    00000050     ti_sysbios_config.o (.text.ti_sysbios_knl_Swi_post)
                  0002644c    00000050     ti_sysbios_config.o (.text.ti_sysbios_knl_Swi_runLoop)
                  0002649c    0000004e     drivers_cc13x2.a : AESECBCC26XX.c.obj (.text.AESECB_startOperation)
                  000264ea    0000004e     ti_drivers_config.o (.text.Board_sendExtFlashByte)
                  00026538    0000004e     nvocmp.o (.text.NVOCMP_readItem)
                  00026586    0000004e     libZStack_nwk_zr.a : ssp.o (.text.SSP_BuildAuxHdr)
                  000265d4    0000004e     zd_sec_mgr.o (.text.ZDSecMgrAddLinkKey)
                  00026622    0000004e     zstacktask.o (.text.gpCheckAnnceMsgSend)
                  00026670    0000004e     gp_common.o (.text.gp_aliasDerivation)
                  000266be    00000002     nwk_globals.o (.text.nwk_Status)
                  000266c0    0000004c     ti_sysbios_config.o (.text.BIOS_startFunc)
                  0002670c    0000004c     binding_table.o (.text.BindRestoreFromNV)
                  00026758    0000004c     maclib_nosecure_cc13x2_2_4g_tirtos7.a : mac_autopend.c.o (.text.MAC_SrcMatchAckAllPending)
                  000267a4    0000004c                                           : mac_autopend.c.o (.text.MAC_SrcMatchEnable)
                  000267f0    0000004c     libZStack_nwk_zr.a : nl_mede.o (.text.NLME_PermitJoiningSet)
                  0002683c    0000004c     driverlib.lib : chipinfo.c.obj (.text.NOROM_ChipInfo_GetHwRevision)
                  00026888    0000004c     nvocmp.o (.text.NVOCMP_setItemInactive)
                  000268d4    0000004c     drivers_cc13x2.a : NVSCC26XX.c.obj (.text.NVSCC26XX_init)
                  00026920    0000004c                      : NVSCC26XX.c.obj (.text.NVSCC26XX_read)
                  0002696c    0000004c     osal_port.o (.text.OsalPort_msgFind)
                  000269b8    0000004c     drivers_cc13x2.a : PWMTimerCC26XX.c.obj (.text.PWMTimerCC26XX_getdutyCounts)
                  00026a04    0000004c     rf_multiMode_cc13x2.a : RFCC26X2_multiMode.c.cc13x2.ticlang.o (.text.RF_fsmXOSCState)
                  00026a50    0000004c     drivers_cc13x2.a : StructRingBuf.c.obj (.text.StructRingBuf_get)
                  00026a9c    0000004c     zd_app.o (.text.ZDApp_DeviceAuthEvt)
                  00026ae8    0000004c     zd_app.o (.text.ZDApp_ForceConcentratorChange)
                  00026b34    0000004c     zd_app.o (.text.ZDO_AddrChangeIndicationCB)
                  00026b80    0000004c     zd_profile.o (.text.ZDO_RegisterForZDOMsg)
                  00026bcc    0000004c     zmac.o (.text.ZMacAssociateRsp)
                  00026c18    0000004c     af.o (.text.afRegisterExtended)
                  00026c64    0000004c     libZStack_nwk_zr.a : aps_util.o (.text.apsAckFindMatchCB)
                  00026cb0    0000004c     bdb.o (.text.bdb_GenerateInstallCodeCRC)
                  00026cfc    0000004c     bdb_reporting.o (.text.bdb_RepStartOrContinueReporting)
                  00026d48    0000004c     bdb.o (.text.bdb_TCJoiningDeviceFree)
                  00026d94    0000004c     bdb_finding_and_binding.o (.text.bdb_ZclIdentifyQueryCmdInd)
                  00026de0    0000004c     bdb_reporting.o (.text.bdb_clusterEndpointArrayIncrementAll)
                  00026e2c    0000004c     binding_table.o (.text.bindAddressClear)
                  00026e78    0000004c     gp_common.o (.text.gp_DataIndFindDuplicate)
                  00026ec4    0000004c     gp_common.o (.text.gp_endpointInit)
                  00026f10    0000004c     gp_proxy.o (.text.gp_stopCommissioningMode)
                  00026f5c    0000004c     drivers_cc13x2.a : SPICC26X2DMA.c.obj (.text.initHw)
                  00026fa8    0000004c     maclib_nosecure_cc13x2_2_4g_tirtos7.a : mac_low_level.c.o (.text.macLowLevelYield)
                  00026ff4    0000004c                                           : mac_mcu.c.o (.text.macMcuInit)
                  00027040    0000004c                                           : mac_radio.c.o (.text.macRadioPowerDown)
[...]
20002bc5  zgNwkParentInformation                                             
20002bc6  zgNwkProcessLocalLeaveCnf                                          
20002bc7  zgNwkSrcRtgExpiryTime                                              
20002bc8  zgPassiveAckTimeout                                                
20002bc9  zgPreConfigKeys                                                    
20002bca  zgRouteDiscoveryTime                                               
20002bcb  zgRouteExpiryTime                                                  
20002bcc  zgRouterOffAssocCleanup                                            
20002bcd  zgRouterSilentRejoin                                               
20002bce  zgRxAlwaysOn                                                       
20002bcf  zgSapiEndpoint                                                     
20002bd0  zgSecurePermitJoin                                                 
20002bd1  zgStackProfile                                                     
20002bd2  zgStartDelay                                                       
20002bd3  zgSwitchCoordKey                                                   
20002bd4  zgSwitchCoordKeyIndex                                              
20002bd5  zgZdoDirectCB                                                      
200037d8  myTaskStack                                                        
20004390  AssociatedDevList                                                  
20004b48  ti_sysbios_knl_Idle_taskStack                                      
20004d48  TCLinkKeyRAMEntry                                                  
20004f28  neighborTable                                                      
200050e8  menuBuff                                                           
20005290  uart2CC26X2Objects                                                 
20005400  taskTbl                                                            
200056ae  rtgTable                                                           
200058f0  spiCC26X2DMAObjects                                                
200059f0  enhancedAckBuf                                                     
20005aec  ti_sysbios_family_arm_m3_Hwi_dispatchTable                         
20005bc4  LEDObjects                                                         
20005c7c  macPib                                                             
20005d04  trngCC26XXObjects                                                  
20005d88  gpioCallbackFunctions                                              
20005e04  gpioUserArgs                                                       
20005e80  _NIB                                                               
20005ef4  AIB_apsTrustCenterAddress                                          
20005f60  bdb_reportingClusterEndpointArray                                  
20005fc4  rtgSrcTable                                                        
20006024  HEAPMGR_SIZE                                                       
20006028  ti_sysbios_knl_ClockSupport_timerStruct                            
20006088  myTask                                                             
200060e0  stackTask                                                          
20006138  ti_sysbios_knl_Idle_taskStruct                                     
20006190  macScan                                                            
20006378  CryptoResourceCC26XX_accessSemaphore                               
200063c8  CryptoResourceCC26XX_operationSemaphore                            
20006418  rtDiscTable                                                        
20006468  cuiMultiMenuData                                                   
200064b4  gptimerCC26XXObjects                                               
20006500  ButtonObjects                                                      
20006548  bcastTable                                                         
200066e4  gpAppDataSendClk                                                   
20006728  gpAppExpireDuplicateClk                                            
2000676c  gpAppTempMasterTimeoutClk                                          
200067f0  RF_cmdIEEERx                                                       
2000686c  macBeaconCoord                                                     
200068a8  BindingTable                                                       
200068e0  macDeviceAction1                                                   
2000694c  dcBucket                                                           
20006980  macBeaconDevice                                                    
200069b4  macMgmtAction1                                                     
200069e4  macSrcExtAddrList                                                  
20006a14  ti_sysbios_knl_Swi_readyQs                                         
20006a44  ti_sysbios_knl_Task_readyQs                                        
20006a74  NVOCMP_nvHandle                                                    
20006aa2  AIB_MaxBindingTime                                                 
20006aa4  macCoord                                                           
20006ad0  macDevice                                                          
20006afc  aesecbCC26XXObjects                                                
20006b24  nwk_pollRateTable                                                  
20006b4c  ApsLinkKeyRAMEntry                                                 
20006b70  bcastHoldAckMask                                                   
20006b94  zdoCBFunc                                                          
20006bf8  RF_cmdIEEECsma                                                     
20006c18  RF_cmdRadioSetup                                                   
20006c38  RF_params                                                          
20006c58  macBeacon                                                          
20006c78  pwmTimerCC26XXObjects                                              
20006c98  udmaCC26XXObject                                                   
20006cd4  BIOS_heapCallbackObject                                            
20006cf0  BIOS_rtsGate                                                       
20006d0c  CryptoResourceCC26XX_hwi                                           
20006d28  macCoordAction2                                                    
20006d44  macReset                                                           
20006d60  macSrcShortAddrList                                                
20006d7c  stackSem                                                           
20006d98  RF_cmdFsRx                                                         
20006db0  RF_cmdFsTx                                                         
20006dc8  RF_cmdIEEETx                                                       
20006de0  aesccmCC26XXObjects                                                
20006df8  macScanAction                                                      
20006e10  rtgSrcRelayList                                                    
20006e50  RF_cmdRxAckCmd                                                     
20006e64  bdb_FindingBindingTargetSimpleDesc                                 
20006e78  commissioningNotificationMsg                                       
20006e8c  macAckDbg                                                          
20006ea0  macDeviceAction2                                                   
20006eb4  macMgmtAction2                                                     
20006ec8  notMyChildList                                                     
20006edc  macStatistics                                                      
20006eee  ZDNwkMgr_TotalTransmissions                                        
20006ef0  macBeaconDeviceAction                                              
20006f00  macCoordAction3                                                    
20006f10  macData                                                            
20006f20  macDataTxDelay                                                     
20006f30  macFrmFilter                                                       
20006f40  macRxOutputIeee                                                    
20006f50  nwk_beaconPayload                                                  
20006f60  ZDO_Config_Node_Descriptor                                         
20006f7a  ZDNwkMgr_TxFailures                                                
20006f7c  ZDNwkMgr_MgmtNwkUpdateReq                                          
20006f88  coexMetricsStruct                                                  
20006f94  macMain                                                            
20006fa0  nvsSPI25XObjects                                                   
20006fac  zclSampleLight_DstAddr                                             
20006fb8  ZDAppNwkAddr                                                       
20006fc2  ZDNwkMgr_MgmtNwkUpdateNotifyAddr                                   
20006fcc  bcastHoldHandle                                                    
20006fd5  AIB_apsUseExtendedPANID                                            
20006fdd  ZDO_UseExtendedPANID                                               
20006fe5  aExtendedAddress                                                   
20006fee  bdb_reportingNextEventTimeout                                      
20006ff0  attrDefaultCfgRecordLinkedList                                     
20006ff8  coexOverrideUseCases                                               
20007000  macBeaconCoordAction1                                              
20007008  macCoordAction1                                                    
20007010  macRxDataEntryQueue                                                
20007018  saveExtAddr                                                        
20007020  NwkDescList                                                        
20007024  PowerCC26XX_swiKey                                                 
20007028  PowerCC26XX_taskKey                                                
2000702c  TRNG_handle                                                        
20007030  ZAESCCM_handle                                                     
20007034  ZAESECB_handle                                                     
20007038  ZDO_Config_Power_Descriptor                                        
2000703c  _ScanChannels                                                      
20007040  bdbCommissioningProcedureState                                     
20007044  bdb_reportingAttrCfgRecordsArray                                   
20007048  dcCritical                                                         
2000704c  dcLimited                                                          
20007050  dcPtr                                                              
20007054  dcRegulated                                                        
20007058  dcTimeUsed                                                         
2000705c  epList                                                             
20007060  gAttrDataValue                                                     
20007064  gCuiHandle                                                         
20007068  gpAppDataSendClkHandle                                             
2000706c  gpAppEvents                                                        
20007070  gpAppExpireDuplicateClkHandle                                      
20007074  gpAppTempMasterTimeoutClkHandle                                    
20007078  gpTxQueueList                                                      
2000707c  gp_macReq                                                          
20007080  macPhyTxPower                                                      
20007084  macPrevPeriodRatCount                                              
20007088  macRfDrvTblPtr                                                     
2000708c  macRxSymbol                                                        
20007090  macSymbolTimerRollover                                             
20007094  macSymbolTimerTrigger                                              
20007098  macTimerActive                                                     
2000709c  macTxTimestamp                                                     
200070a0  nwkDataBufQueue                                                    
200070a4  pClockHandleEDScan                                                 
200070a8  pMacRadioConfig                                                    
200070ac  pMaxPower                                                          
200070b0  pRfMode                                                            
200070b4  pRfPowerTable                                                      
200070b8  pTasksEvents                                                       
200070bc  runtimeChannel                                                     
200070c0  rxRadioBufferPtr                                                   
200070c4  ti_sysbios_knl_Task_defaultStackHeap                               
200070c8  ti_sysbios_runtime_System_atexitHandlers                           
200070cc  timerAlignedQ                                                      
200070d0  timerUnalignedQ                                                    
200070d4  zclSampleLight_CurrentLevel32                                      
200070d8  zclSampleLight_Rate32                                              
200070dc  macRxDataEntryOffset                                               
200070de  macTxCsmaBackoffDelay                                              
200070e0  rxCmdHandle                                                        
200070e2  txCmdHandle                                                        
200070e4  zclSampleLight_IdentifyTime                                        
200070e6  zclSampleLight_LevelOffTransitionTime                              
200070e8  zclSampleLight_LevelOnOffTransitionTime                            
200070ea  zclSampleLight_LevelOnTransitionTime                               
200070ec  zclSampleLight_LevelRemainingTime                                  
200070f2  AIB_apsUseInsecureJoin                                             
200070f3  APS_Counter                                                        
200070f4  APS_TaskID                                                         
200070f5  NVOCMP_size                                                        
200070f6  NWK_TaskID                                                         
200070f7  ZDAppTaskID                                                        
200070f8  ZDApp_LeaveCtrl                                                    
200070f9  ZDNwkMgr_NewChannel                                                
200070fa  ZDSecMgrPermitJoiningEnabled                                       
200070fb  ZDSecMgrPermitJoiningTimed                                         
200070fc  _tmpRejoinState                                                    
200070fd  appServiceTaskId                                                   
200070fe  bdb_TaskID                                                         
200070ff  bdb_reportingAcceptDefaultConfs                                    
20007100  bdb_reportingAttrCfgRecordsArrayCount                              
20007101  bdb_reportingAttrCfgRecordsArrayMaxSize                            
20007102  bdb_reportingClusterEndpointArrayCount                             
20007103  bdb_reportingNextClusterEndpointIndex                              
20007104  dcStatus                                                           
20007105  gAction                                                            
20007106  gpAppEntity                                                        
20007107  gp_TaskID                                                          
20007108  lastRxPriority                                                     
20007109  lastTxPriority                                                     
2000710a  macAckTxActive                                                     
2000710b  macMgmt                                                            
2000710c  macPanCoordinator                                                  
2000710d  macPhyChannel                                                      
2000710e  macPwr                                                             
2000710f  macRxActive                                                        
20007110  macRxEnableFlags                                                   
20007111  macRxFilter                                                        
20007112  macRxOutgoingAckFlag                                               
20007113  macSpecUsecsPerSymbol                                              
20007114  macSrcResIndex                                                     
20007115  macSymbolTimerImpending                                            
20007116  macTaskId                                                          
20007117  macTxActive                                                        
20007118  macTxBe                                                            
20007119  macTxGpInterframeDelay                                             
2000711a  macTxType                                                          
2000711b  macUnitBackoffPeriod                                               
2000711c  nvsCC26XXObjects                                                   
2000711d  nwkStatus                                                          
2000711e  rreqCounter                                                        
2000711f  rxFhRsl                                                            
20007120  rxPromiscuousMode                                                  
20007121  rxSeqNum                                                           
20007122  stackServiceTaskId                                                 
20007123  txAckReq                                                           
20007124  txSeqn                                                             
20007125  zclSampleLight_LevelChangeCmd                                      
20007126  zclSampleLight_LevelDefaultMoveRate                                
20007127  zclSampleLight_LevelLastLevel                                      
20007128  zclSampleLight_LevelOnLevel                                        
20007129  zclSampleLight_NewLevel                                            
2000712a  zclSampleLight_NewLevelUp                                          
2000712b  zclSampleLight_WithOnOff                                           
2000712c  zgUseDefaultTCLK                                                   
2000712d  heapStart                                                          
20013c00  __stack                                                            
20013c00  heapEnd                                                            
20014000  __STACK_END                                                        
20014000  __STACK_TOP                                                        
ffffffff  __TI_pprof_out_hndl                                                
ffffffff  __TI_prof_data_size                                                
ffffffff  __TI_prof_data_start                                               
ffffffff  __binit__                                                          
ffffffff  binit                                                              
UNDEFED   ITM_flush                                                          
UNDEFED   ITM_restore                                                        
UNDEFED   __mpu_init                                                         

[2622 symbols]
