******************************************************************************
            TI ARM Clang Linker PC v3.2.0                      
******************************************************************************
>> Linked Thu Nov 14 15:48:50 2024

OUTPUT FILE NAME:   <zed_light_CC1352R1_LAUNCHXL_tirtos7_ticlang.out>
ENTRY POINT SYMBOL: "ResetISR"  address: 000291df


MEMORY CONFIGURATION

         name            origin    length      used     unused   attr    fill
----------------------  --------  ---------  --------  --------  ----  --------
  FLASH                 00000000   00052000  0002bce2  0002631e  R  X
  FLASH_NV              00052000   00004000  00004000  00000000  RW X
  FLASH_LAST            00056000   00002000  00000058  00001fa8  R  X
  GPRAM                 11000000   00002000  00000000  00002000  RW X
  SRAM                  20000000   00014000  00005433  0000ebcd  RW X
  LOG_DATA              90000000   00040000  00000000  00040000  R   


SEGMENT ALLOCATION MAP

run origin  load origin   length   init length attrs members
----------  ----------- ---------- ----------- ----- -------
00000000    00000000    0002b8e4   0002b8e4    r-x
  00000000    00000000    0000003c   0000003c    r-- .resetVecs
  0000003c    0000003c    00029274   00029274    r-x .text
  000292b0    000292b0    00002562   00002562    r-- .rodata
  0002b814    0002b814    000000d0   000000d0    r-- config_const
0002b8e4    0002b8e4    00000008   00000008    rw-
  0002b8e4    0002b8e4    00000008   00000008    rw- .args
0002b8ec    0002b8ec    000003f8   000003f8    r--
  0002b8ec    0002b8ec    000003f8   000003f8    r-- .cinit
00052000    00052000    00004000   00000000    rw-
  00052000    00052000    00004000   00000000    rw- .TI.bound:flashBuf0
00057fa8    00057fa8    00000058   00000058    r--
  00057fa8    00057fa8    00000058   00000058    r-- .ccfg
2000010c    2000010c    00000010   00000000    rw-
  2000010c    2000010c    00000010   00000000    rw- .data:RAM_MAC_BASE_ADDR
20001810    20001810    00000040   00000000    rw-
  20001810    20001810    00000010   00000000    rw- .TI.bound:dmaUart0RxControlTableEntry
  20001820    20001820    00000010   00000000    rw- .TI.bound:dmaUart0TxControlTableEntry
  20001830    20001830    00000010   00000000    rw- .TI.bound:dmaSpi0RxControlTableEntry
  20001840    20001840    00000010   00000000    rw- .TI.bound:dmaSpi0TxControlTableEntry
20001a30    20001a30    00000020   00000000    rw-
  20001a30    20001a30    00000010   00000000    rw- .TI.bound:dmaSpi0RxAltControlTableEntry
  20001a40    20001a40    00000010   00000000    rw- .TI.bound:dmaSpi0TxAltControlTableEntry
20001b00    20001b00    00004fc3   00000000    rw-
  20001b00    20001b00    000000d8   00000000    rw- .ramVecs
  20001bd8    20001bd8    00000ead   00000000    rw- .data
  20002a88    20002a88    0000403b   00000000    rw- .bss
20013c00    20013c00    00000400   00000000    rw-
  20013c00    20013c00    00000400   00000000    rw- .stack


SECTION ALLOCATION MAP

 output                                  attributes/
section   page    origin      length       input sections
--------  ----  ----------  ----------   ----------------
.resetVecs 
*          0    00000000    0000003c     
                  00000000    0000003c     ti_sysbios_config.o (.resetVecs)

.text      0    0000003c    00029274     
                  0000003c    000018ac     zstacktask.o (.text.appMsg)
                  000018e8    00000954     zcl_general.o (.text.zclGeneral_HdlIncoming)
                  0000223c    00000634     bdb.o (.text.bdb_event_loop)
                  00002870    000005a0     zcl_samplelight.o (.text.sampleApp_task)
                  00002e10    0000055c     maclib_nosecure_cc13x2_2_4g_tirtos7.a : mac_rx.c.o (.text.macRxFrameIsr)
                  0000336c    00000490     rf_multiMode_cc13x2.a : RFCC26X2_multiMode.c.cc13x2.ticlang.o (.text.RF_fsmActiveState)
                  000037fc    000003b4     libZStack_nwk_zed.a : nwk.o (.text.nwk_data_ind_processing)
                  00003bb0    000003b0                         : aps_frag.o (.text.APSF_ProcessEvent)
                  00003f60    0000036c     zstacktask.o (.text.ZStackTaskProcessEvent)
                  000042cc    00000364     bdb.o (.text.bdb_reportCommissioningState)
                  00004630    000002d4     cui.o (.text.CUI_processMenuUpdate)
                  00004904    000002c8     drivers_cc13x2.a : SPICC26X2DMA.c.obj (.text.SPICC26X2DMA_transfer)
                  00004bcc    000002c8     bdb_reporting.o (.text.bdb_ProcessInConfigReportCmd)
                  00004e94    000002b8     zstackstartup.o (.text.stackTaskFxn)
                  0000514c    000002ac     libZStack_nwk_zed.a : nwk.o (.text.nwk_event_loop)
                  000053f8    000002a8     nvocmp.o (.text.NVOCMP_initNvApi)
                  000056a0    000002a8     rf_multiMode_cc13x2.a : RFCC26X2_multiMode.c.cc13x2.ticlang.o (.text.RF_open)
                  00005948    000002a4     libZStack_nwk_zed.a : aps.o (.text.APS_event_loop)
                  00005bec    00000290     ti_sysbios_config.o (.text.ti_sysbios_runtime_System_doPrint)
                  00005e7c    00000284     nvocmp.o (.text.NVOCMP_compactPage)
                  00006100    00000278     bdb_reporting.o (.text.bdb_RepChangedAttrValue)
                  00006378    00000264     zcl.o (.text.zcl_ProcessMessageMSG)
                  000065dc    0000025c     libZStack_nwk_zed.a : aps_mede.o (.text.APSME_FrameSecRemoveCM)
                  00006838    0000024c     zmac_cb.o (.text.MAC_CbackEvent)
                  00006a84    0000022c     libZStack_nwk_zed.a : nl_mede_cb.o (.text.NLDE_DataIndication)
                  00006cb0    0000021c     zd_object.o (.text.ZDO_ProcessMgmtLqiReq)
                  00006ecc    00000214     maclib_nosecure_cc13x2_2_4g_tirtos7.a : mac_radio_tx.c.o (.text.macRadioTxGo)
                  000070e0    0000020c     zcl_sampleapps_ui.o (.text.uiActionProcessSetInstallCode)
                  000072ec    00000208     zcl.o (.text.zclProcessInWriteUndividedCmd)
                  000074f4    000001f8     maclib_nosecure_cc13x2_2_4g_tirtos7.a : mac_hl_patch.c.o (.text.macTxCompleteCallback)
                  000076ec    000001f4     nvocmp.o (.text.NVOCMP_addItem)
                  000078e0    000001f0     drivers_cc13x2.a : UART2CC26X2.c.obj (.text.UART2CC26X2_hwiIntFxn)
                  00007ad0    000001e8     rf_multiMode_cc13x2.a : RFCC26X2_multiMode.c.cc13x2.ticlang.o (.text.RF_scheduleCmd)
                  00007cb8    000001e4     zd_object.o (.text.ZDO_ProcessMatchDescReq)
                  00007e9c    000001e4     bdb_finding_and_binding.o (.text.bdb_checkMatchingEndpoints)
                  00008080    000001dc     rf_multiMode_cc13x2.a : RFCC26X2_multiMode.c.cc13x2.ticlang.o (.text.RF_dispatchNextCmd)
                  0000825c    000001dc     maclib_nosecure_cc13x2_2_4g_tirtos7.a : mac.c.o (.text.macSendReceiveCmdIeee)
                  00008438    000001d4     drivers_cc13x2.a : UART2.c.obj (.text.UART2_readTimeout)
                  0000860c    000001d0     libZStack_nwk_zed.a : aps_mede.o (.text.APSDE_DataReq)
                  000087dc    000001c8     af.o (.text.AF_DataRequest)
                  000089a4    000001c8     bdb.o (.text.bdb_StartCommissioning)
                  00008b6c    000001c4     drivers_cc13x2.a : SPICC26X2DMA.c.obj (.text.SPICC26X2DMA_hwiFxn)
                  00008d30    000001c0     maclib_nosecure_cc13x2_2_4g_tirtos7.a : mac_radio_tx.c.o (.text.macRadioCsmaTxCb)
                  00008ef0    000001b8     libZStack_nwk_zed.a : aps_mede.o (.text.APSME_FrameSecSetupCM)
                  000090a8    000001b8                         : aps.o (.text.APS_Reflect)
                  00009260    000001b6     libclang_rt.builtins.a : adddf3.S.obj (.text.adddf3_subdf3)
                  00009416    00000002     ti_sysbios_config.o (.text.BIOS_nullFunc)
                  00009418    000001b0     zd_sec_mgr.o (.text.ZDSecMgrTransportKeyInd)
                  000095c8    000001b0     libZStack_nwk_zed.a : ssp_hash.o (.text.sspMMOHash)
                  00009778    000001ac     maclib_nosecure_cc13x2_2_4g_tirtos7.a : mac_hl_patch.c.o (.text.macWrapperDeleteKeyAndAssociatedDevices)
                  00009924    000001a4     zmac.o (.text.ZMacEventLoop)
                  00009ac8    000001a0     drivers_cc13x2.a : AESECBCC26XX.c.obj (.text.AESECB_addDataInternal)
                  00009c68    000001a0     maclib_nosecure_cc13x2_2_4g_tirtos7.a : mac_tx.c.o (.text.macTxFrame)
                  00009e08    0000019c     zd_app.o (.text.ZDApp_ProcessNetworkJoin)
                  00009fa4    00000198     zcl.o (.text.zclProcessInDiscAttrs)
                  0000a13c    00000194     drivers_cc13x2.a : PowerCC26X2_calibrateRCOSC.c.obj (.text.PowerCC26X2_auxISR)
                  0000a2d0    00000194     binding_table.o (.text.bindAddEntry)
                  0000a464    00000194     zcl_sampleapps_ui.o (.text.uiActionProcessConfigurePanId)
                  0000a5f8    00000190     drivers_cc13x2.a : SPICC26X2DMA.c.obj (.text.SPICC26X2DMA_open)
                  0000a788    00000190     bdb_reporting.o (.text.bdb_RepReport)
                  0000a918    00000190     bdb_reporting.o (.text.bdb_repAttrBuildClusterEndPointArrayBasedOnConfRecordsArray)
                  0000aaa8    0000018c     drivers_cc13x2.a : UART2CC26X2.c.obj (.text.UART2_open)
                  0000ac34    0000018c     bdb_reporting.o (.text.bdb_RepConstructReportingData)
                  0000adc0    00000188     drivers_cc13x2.a : AESCCMCC26XX.c.obj (.text.AESCCM_startOperation)
                  0000af48    00000188     maclib_nosecure_cc13x2_2_4g_tirtos7.a : mac_hl_patch.c.o (.text.macRxBeaconCritical)
                  0000b0d0    00000184     cui.o (.text.CUI_registerMenu)
                  0000b254    0000017c     maclib_nosecure_cc13x2_2_4g_tirtos7.a : mac_hl_patch.c.o (.text.MAC_McpsDataReq)
                  0000b3d0    0000017c     af.o (.text.afIncomingData)
                  0000b54c    0000017c     zcl.o (.text.zcl_SendCommandEx)
                  0000b6c8    00000178     maclib_nosecure_cc13x2_2_4g_tirtos7.a : mac_rx.c.o (.text.rxPayloadIsr)
                  0000b840    00000174     drivers_cc13x2.a : UART2.c.obj (.text.UART2_writeTimeoutBlocking)
                  0000b9b4    00000174     zcl_sampleapps_ui.o (.text.UI_UpdateBdbStatusLine)
                  0000bb28    0000016c     drivers_cc13x2.a : SPICC26X2DMA.c.obj (.text.configNextTransfer)
                  0000bc94    00000160     libZStack_nwk_zed.a : nwk_util.o (.text.nwk_SetCurrentPollRateType)
                  0000bdf4    0000015c     drivers_cc13x2.a : NVSSPI25X.c.obj (.text.NVSSPI25X_write)
                  0000bf50    0000015c     zcl_sampleapps_ui.o (.text.UI_Init)
                  0000c0ac    00000158     drivers_cc13x2.a : PowerCC26X2.c.obj (.text.Power_sleep)
                  0000c204    00000158     maclib_nosecure_cc13x2_2_4g_tirtos7.a : mac_tx.c.o (.text.txCsmaDelay)
                  0000c35c    00000150     zd_sec_mgr.o (.text.APSME_TCLinkKeyLoad)
                  0000c4ac    00000150     libZStack_nwk_zed.a : nwk_util.o (.text.NLDE_BuildMsg)
                  0000c5fc    00000150     bdb_reporting.o (.text.bdb_ProcessInReadReportCfgCmd)
                  0000c74c    00000150     libZStack_nwk_zed.a : nwk.o (.text.nwk_beacon_notify_ind_processing)
                  0000c89c    0000014c     rf_multiMode_cc13x2.a : RFCC26X2_multiMode.c.cc13x2.ticlang.o (.text.RF_radioOpDoneCb)
                  0000c9e8    0000014a     zcl.o (.text.zclProcessInWriteCmd)
                  0000cb32    00000002     ti_drivers_config.o (.text.Board_initHook)
                  0000cb34    00000144     libZStack_nwk_zed.a : aps.o (.text.APS_DataIndReflect)
                  0000cc78    00000144                         : nl_mede.o (.text.NLME_ReJoinReq)
                  0000cdbc    0000013c     cui.o (.text.CUI_init)
                  0000cef8    00000138     nvocmp.o (.text.NVOCMP_findItem)
                  0000d030    00000138     rf_multiMode_cc13x2.a : RFCC26X2_multiMode.c.cc13x2.ticlang.o (.text.RF_abortCmd)
                  0000d168    00000138     libZStack_nwk_zed.a : rtg.o (.text.RTG_AddRtgEntry)
                  0000d2a0    00000138     zd_object.o (.text.ZDO_ProcessBindUnbindReq)
                  0000d3d8    00000138     libc.a : strtol.c.obj (.text.strtol)
                  0000d510    00000134     rf_multiMode_cc13x2.a : RFCC26X2_multiMode.c.cc13x2.ticlang.o (.text.RF_ratSetupChannel)
                  0000d644    00000134     maclib_nosecure_cc13x2_2_4g_tirtos7.a : mac_hl_patch.c.o (.text.macWrapperDeleteAllDevices)
                  0000d778    0000012c     rf_multiMode_cc13x2.a : RFCC26X2_multiMode.c.cc13x2.ticlang.o (.text.RF_close)
                  0000d8a4    0000012c     libZStack_nwk_zed.a : ssp.o (.text.SSP_NwkSecurityProc)
                  0000d9d0    0000012c     drivers_cc13x2.a : TRNGCC26XX.c.obj (.text.TRNGCC26XX_hwiFxn)
                  0000dafc    0000012c     maclib_nosecure_cc13x2_2_4g_tirtos7.a : mac_hl_patch.c.o (.text.macScanNextChan)
                  0000dc28    0000012c     zcl.o (.text.zcl_SendReadReportCfgRspCmdEx)
                  0000dd54    00000128     drivers_cc13x2.a : Button.c.obj (.text.Button_clockTimeoutHandler)
                  0000de7c    00000128     cui.o (.text.CUI_statusLinePrintf)
                  0000dfa4    00000128     libZStack_nwk_zed.a : rtg.o (.text.NLME_RouteDiscoveryRequest)
                  0000e0cc    00000128     zd_app.o (.text.ZDOInitDeviceEx)
                  0000e1f4    00000124     cui.o (.text.CUI_dispMenu)
                  0000e318    00000124     rf_multiMode_cc13x2.a : RFCC26X2_multiMode.c.cc13x2.ticlang.o (.text.RF_fsmSetupState)
                  0000e43c    00000124     mac_settings.o (.text.rfSetConfigIeee)
                  0000e560    00000120     zd_sec_mgr.o (.text.APSME_TCLinkKeySync)
                  0000e680    00000120     ti_sysbios_config.o (.text.ti_sysbios_family_arm_cc26xx_Timer_construct)
                  0000e7a0    0000011c     libZStack_nwk_zed.a : aps_mede.o (.text.APSDE_FrameAlloc)
                  0000e8bc    0000011c     sysbios.a : Hwi_asm_gcc.s.obj (.text.ti_sysbios_family_arm_m3_Hwi_dispatch)
                  0000e9d8    00000118     drivers_cc13x2.a : PowerCC26X2.c.obj (.text.Power_init)
                  0000eaf0    00000118     rf_multiMode_cc13x2.a : RFCC26X2_multiMode.c.cc13x2.ticlang.o (.text.RF_decodeOverridePointers)
                  0000ec08    00000118     drivers_cc13x2.a : UART2.c.obj (.text.UART2_writeTimeoutNonblocking)
                  0000ed20    00000118     libZStack_nwk_zed.a : nwk_bufs.o (.text.nwk_MacDataBuffersAdd)
                  0000ee38    00000114                         : aps_frag.o (.text.APSF_SendFragmented)
                  0000ef4c    00000114     zd_sec_mgr.o (.text.ZDSecMgrEntryFree)
                  0000f060    00000114     zcl.o (.text.zclProcessInReadCmd)
                  0000f174    00000112     zcl.o (.text.zclParseInConfigReportCmd)
                  0000f286    00000002     libZStack_nwk_zed.a : nl_mede.o (.text.NLME_DeviceJoiningInit)
                  0000f288    00000110     drivers_cc13x2.a : LED.c.obj (.text.LED_open)
                  0000f398    00000110     maclib_nosecure_cc13x2_2_4g_tirtos7.a : mac_radio.c.o (.text.macRadioInitIeee)
                  0000f4a8    0000010c     libZStack_nwk_zed.a : nwk_util.o (.text.NLDE_DataReqSend)
                  0000f5b4    0000010c     drivers_cc13x2.a : NVSSPI25X.c.obj (.text.NVSSPI25X_open)
                  0000f6c0    0000010c                      : PowerCC26X2_calibrateRCOSC.c.obj (.text.PowerCC26X2_calibrate)
                  0000f7cc    00000108     libZStack_nwk_zed.a : aps_mede.o (.text.APSDE_FrameHdrSet)
                  0000f8d4    00000108     drivers_cc13x2.a : NVSCC26XX.c.obj (.text.NVSCC26XX_write)
                  0000f9dc    00000108     rf_multiMode_cc13x2.a : RFCC26X2_multiMode.c.cc13x2.ticlang.o (.text.RF_fsmPowerUpState)
                  0000fae4    00000108     libZStack_nwk_zed.a : nwk.o (.text.nwk_associate_cnf_processing)
                  0000fbec    00000108     zcl_samplelight.o (.text.zclSampleLight_OnOffCB)
                  0000fcf4    00000104     drivers_cc13x2.a : GPIOCC26X2.c.obj (.text.GPIO_init)
                  0000fdf8    00000104     libZStack_nwk_zed.a : nl_mede_cb.o (.text.NLDE_DataCnf)
                  0000fefc    00000104     drivers_cc13x2.a : UART2CC26X2.c.obj (.text.UART2CC26X2_initHw)
                  00010000    00000104     zd_app.o (.text.ZDO_beaconNotifyIndCB)
                  00010104    000000fc     rf_multiMode_cc13x2.a : RFCC26X2_multiMode.c.cc13x2.ticlang.o (.text.RF_hwiCpe0Active)
                  00010200    000000fc     zd_sec_mgr.o (.text.ZDSecMgrEntryInit)
                  000102fc    000000fc     drivers_cc13x2.a : SPICC26X2DMA.c.obj (.text.csnCallback)
                  000103f8    000000fc     maclib_nosecure_cc13x2_2_4g_tirtos7.a : mac.c.o (.text.macRxCb)
                  000104f4    000000f8     libZStack_nwk_zed.a : nwk_util.o (.text.NLDE_ParseMsg)
                  000105ec    000000f8     zd_profile.o (.text.ZDP_MgmtLqiRsp)
                  000106e4    000000f4     cui.o (.text.CUI_statusLineResourceRequest)
                  000107d8    000000f4     drivers_cc13x2.a : TRNGCC26XX.c.obj (.text.TRNG_getRandom)
                  000108cc    000000f4     maclib_nosecure_cc13x2_2_4g_tirtos7.a : mac_hl_patch.c.o (.text.macBuildDataFrame)
                  000109c0    000000f4                                           : mac.c.o (.text.macSetupRATChanCompare)
                  00010ab4    000000f0     drivers_cc13x2.a : UART2CC26X2.c.obj (.text.UART2Support_dmaStartRx)
                  00010ba4    000000ec     libZStack_nwk_zed.a : addr_mgr.o (.text.AddrMgrEntryUpdate)
                  00010c90    000000ec     zd_sec_mgr.o (.text.ZDSecMgrNwkKeyInit)
                  00010d7c    000000ec     zcl.o (.text.zcl_SendReadRsp)
                  00010e68    000000e8     nwk_globals.o (.text.NIB_init)
                  00010f50    000000e4     libZStack_nwk_zed.a : aps_mede.o (.text.APSME_VerifyKeyReq)
                  00011034    000000e4     drivers_cc13x2.a : Button.c.obj (.text.Button_open)
                  00011118    000000e4     libZStack_nwk_zed.a : nwk_util.o (.text.NLME_LeaveCmdProcess)
                  000111fc    000000e4     ti_sysbios_config.o (.text.ti_sysbios_knl_Semaphore_pend)
                  000112e0    000000e4     maclib_nosecure_cc13x2_2_4g_tirtos7.a : mac_tx.c.o (.text.txComplete)
                  000113c4    000000e0     libZStack_nwk_zed.a : aps_mede.o (.text.APSME_AddTCLinkKey)
                  000114a4    000000e0                         : nl_mede.o (.text.NLME_NetworkFormationRequest)
                  00011584    000000e0     driverlib.lib : sys_ctrl.c.obj (.text.NOROM_SysCtrlStandby)
                  00011664    000000e0     drivers_cc13x2.a : SPICC26X2DMA.c.obj (.text.SPICC26X2DMA_control)
                  00011744    000000e0     maclib_nosecure_cc13x2_2_4g_tirtos7.a : mac_hl_patch.c.o (.text.macEdScanISR)
                  00011824    000000dc     rf_multiMode_cc13x2.a : RFCC26X2_multiMode.c.cc13x2.ticlang.o (.text.RF_control)
                  00011900    000000dc     bdb_finding_and_binding.o (.text.bdb_ProcessRespondentList)
                  000119dc    000000dc     drivers_cc13x2.a : NVSSPI25X.c.obj (.text.doErase)
                  00011ab8    000000dc     zd_profile.o (.text.zdpProcessAddrReq)
                  00011b94    000000d8     libZStack_nwk_zed.a : aps_util.o (.text.APSDE_ParseMsg)
                  00011c6c    000000d8     zd_app.o (.text.ZDApp_event_loop)
                  00011d44    000000d8     ti_sysbios_config.o (.text.ti_sysbios_family_arm_m3_Hwi_excFillContext)
                  00011e1c    000000d8     maclib_nosecure_cc13x2_2_4g_tirtos7.a : mac_tx.c.o (.text.txCsmaPrep)
                  00011ef4    000000d8     zcl.o (.text.zclSerializeData)
                  00011fcc    000000d4     zd_object.o (.text.ZDO_StartDevice)
                  000120a0    000000d0     driverlib.lib : aes.c.obj (.text.NOROM_AESWriteToKeyStore)
                  00012170    000000d0                   : setup.c.obj (.text.NOROM_SetupTrimDevice)
                  00012240    000000d0     bdb.o (.text.bdb_filterNwkDisc)
                  00012310    000000d0     drivers_cc13x2.a : PowerCC26X2.c.obj (.text.configureXOSCHF)
                  000123e0    000000d0     maclib_nosecure_cc13x2_2_4g_tirtos7.a : mac_hl_patch.c.o (.text.macBuildHeaderIes)
                  000124b0    000000d0                                           : mac_symbol_timer.c.o (.text.macSymbolTimerUpdateWakeup)
                  00012580    000000cc     libZStack_nwk_zed.a : aps_mede_cb.o (.text.APSME_ConfirmKeyInd)
                  0001264c    000000cc     zd_profile.o (.text.ZDP_MgmtBindRsp)
                  00012718    000000cc     zd_profile.o (.text.ZDP_SimpleDescMsg)
                  000127e4    000000cc     maclib_nosecure_cc13x2_2_4g_tirtos7.a : mac_hl_patch.c.o (.text.macApiStartReq)
                  000128b0    000000cc     main.o (.text.main)
                  0001297c    000000cc     libZStack_nwk_zed.a : nwk_util.o (.text.nwkNeighborFindRandom)
                  00012a48    000000cc     ti_sysbios_config.o (.text.ti_sysbios_knl_Clock_workFuncDynamic)
                  00012b14    000000ca     rf_multiMode_cc13x2.a : RFCC26X2_multiMode.c.cc13x2.ticlang.o (.text.RF_updatePaConfiguration)
                  00012bde    00000002                           : rfc.c.cc13x2.ticlang.o (.text.NOROM_RFCCpePatchReset)
                  00012be0    000000c8     osal_port_timers.o (.text.createTimerEntry)
                  00012ca8    000000c8     maclib_nosecure_cc13x2_2_4g_tirtos7.a : mac_hl_patch.c.o (.text.macAutoPendMaintainSrcMatchTable)
                  00012d70    000000c8                                           : mac_duty_cycle.c.o (.text.macDutyCycleNotify)
                  00012e38    000000c8                                           : mac_hl_patch.c.o (.text.macMgmtReset)
                  00012f00    000000c8     libZStack_nwk_zed.a : nwk.o (.text.nwk_data_cnf_processing)
                  00012fc8    000000c4                         : nl_mede.o (.text.NLME_JoinRequest)
                  0001308c    000000c4                         : nwk_util.o (.text.NLME_RestoreFromNV)
                  00013150    000000c4                         : ssp.o (.text.ccmStar)
                  00013214    000000c4     maclib_nosecure_cc13x2_2_4g_tirtos7.a : mac_timer.c.o (.text.macSymbolTimerTriggerCallback)
                  000132d8    000000c4     zcl.o (.text.zclProcessInDiscCmd)
                  0001339c    000000c2     libZStack_nwk_zed.a : ssp.o (.text.SSP_Process)
                  0001345e    00000002     drivers_cc13x2.a : NVSSPI25X.c.obj (.text.NVSSPI25X_deinitSpiCs)
                  00013460    000000c0     libZStack_nwk_zed.a : rtg.o (.text.RTG_AddSrcRtgEntry_Guaranteed)
                  00013520    000000c0     zcl_sampleapps_ui.o (.text.UI_UpdateDeviceInfoLine)
                  000135e0    000000c0     zcl_general.o (.text.zclGeneral_SendSceneViewRsp)
                  000136a0    000000c0     zcl.o (.text.zcl_SendReportCmdEx)
                  00013760    000000bc     rf_multiMode_cc13x2.a : RFCC26X2_multiMode.c.cc13x2.ticlang.o (.text.RF_swiHw)
                  0001381c    000000bc     drivers_cc13x2.a : UART2CC26X2.c.obj (.text.UART2Support_dmaStartTx)
                  000138d8    000000bc     bdb_reporting.o (.text.bdb_RepAddAttrCfgRecordDefaultToList)
                  00013994    000000bc     bdb.o (.text.bdb_rejoinNwk)
                  00013a50    000000bc     zstacktask.o (.text.sendNodeDescRspInd)
                  00013b0c    000000b8     drivers_cc13x2.a : GPTimerCC26XX.c.obj (.text.GPTimerCC26XX_open)
                  00013bc4    000000b8     bdb_reporting.o (.text.bdb_RepProcessEvent)
                  00013c7c    000000b8     maclib_nosecure_cc13x2_2_4g_tirtos7.a : mac_hl_patch.c.o (.text.macDataTxComplete)
                  00013d34    000000b8                                           : mac_tx.c.o (.text.macTxChannelBusyCallback)
                  00013dec    000000b8     libZStack_nwk_zed.a : nwk_util.o (.text.nwk_SetConfigPollRate)
                  00013ea4    000000b8     ti_sysbios_config.o (.text.ti_sysbios_knl_Task_Instance_finalize)
                  00013f5c    000000b8     ti_sysbios_config.o (.text.ti_sysbios_knl_Task_setPri)
                  00014014    000000b8     zcl_sampleapps_ui.o (.text.uiActionProcessApplyInstallCode)
                  000140cc    000000b4     cui.o (.text.CUI_assert)
                  00014180    000000b4     maclib_nosecure_cc13x2_2_4g_tirtos7.a : mac_hl_patch.c.o (.text.MAC_MlmeScanReq)
                  00014234    000000b4     libZStack_nwk_zed.a : nwk_util.o (.text.NLME_ProcessEndDevTimeoutRsp)
                  000142e8    000000b4     ti_sysbios_config.o (.text.PowerCC26XX_standbyPolicy)
                  0001439c    000000b4     zd_app.o (.text.ZDApp_RestoreNwkSecMaterial)
                  00014450    000000b4     maclib_nosecure_cc13x2_2_4g_tirtos7.a : mac_hl_patch.c.o (.text.macAutoPendAddSrcMatchTableEntry)
                  00014504    000000b4                                           : mac_hl_patch.c.o (.text.macBeaconCheckTxTime)
                  000145b8    000000b4                                           : mac_duty_cycle.c.o (.text.macDutyCycleInit)
                  0001466c    000000b2     zcl.o (.text.zclParseInReadRspCmd)
                  0001471e    000000b2     zcl_port.o (.text.zcl_AF_DataRequest)
                  000147d0    000000b0     libZStack_nwk_zed.a : aps_mede_cb.o (.text.APSDE_DataIndication)
                  00014880    000000b0     zd_sec_mgr.o (.text.APSME_TCLinkKeyInit)
                  00014930    000000b0     drivers_cc13x2.a : PowerCC26X2.c.obj (.text.Power_setDependency)
                  000149e0    000000b0     libZStack_nwk_zed.a : nwk_util.o (.text.RTG_UpdateNeighborEntry)
                  00014a90    000000b0     driverlib.lib : setup.c.obj (.text.TrimAfterColdResetWakeupFromShutDown)
                  00014b40    000000b0     zd_profile.o (.text.ZDP_EndDeviceBindReq)
                  00014bf0    000000b0     zd_profile.o (.text.ZDP_MatchDescReq)
                  00014ca0    000000b0     libclang_rt.builtins.a : udivmoddi4.S.obj (.text)
                  00014d50    000000ac     libZStack_nwk_zed.a : aps.o (.text.APS_GetBind)
                  00014dfc    000000ac     drivers_cc13x2.a : PowerCC26X2.c.obj (.text.Power_releaseDependency)
                  00014ea8    000000ac     rf_multiMode_cc13x2.a : RFCC26X2_multiMode.c.cc13x2.ticlang.o (.text.RF_pendCmd)
                  00014f54    000000ac     bdb_reporting.o (.text.bdb_repAttrCfgRecordsArrayAdd)
                  00015000    000000ac     maclib_nosecure_cc13x2_2_4g_tirtos7.a : mac_hl_patch.c.o (.text.macApiBeaconStartReq)
                  000150ac    000000ac                                           : mac.c.o (.text.macGetRFCmdDuration)
                  00015158    000000ac                                           : mac_radio.c.o (.text.scheduleNopWakeupCmd)
                  00015204    000000aa     zd_object.o (.text.ZDO_ProcessMgmtBindReq)
                  000152ae    00000002     drivers_cc13x2.a : PWMTimerCC26XX.c.obj (.text.PWMTimerCC26XX_init)
                  000152b0    000000a8                      : PWMTimerCC26XX.c.obj (.text.PWMTimerCC26XX_open)
                  00015358    000000a8     zd_app.o (.text.ZDApp_ProcessOSALMsg)
                  00015400    000000a8     zmac.o (.text.ZMacAssociateReq)
                  000154a8    000000a8     maclib_nosecure_cc13x2_2_4g_tirtos7.a : mac_hl_patch.c.o (.text.macCbackForEvent)
                  00015550    000000a8                                           : mac_hl_patch.c.o (.text.macTrackTimeoutCallback)
                  000155f8    000000a4     osal_port.o (.text.OsalPort_heapMalloc)
                  0001569c    000000a4     drivers_cc13x2.a : PWMTimerCC26XX.c.obj (.text.PWMTimerCC26XX_setDutyAndPeriod)
                  00015740    000000a4     rf_multiMode_cc13x2.a : RFCC26X2_multiMode.c.cc13x2.ticlang.o (.text.RF_initRadioSetup)
                  000157e4    000000a4     ti_sysbios_config.o (.text.ti_sysbios_knl_Task_Instance_init)
                  00015888    000000a0     nvocmp.o (.text.NVOCMP_readContItemApi)
                  00015928    000000a0     rf_multiMode_cc13x2.a : RFCC26X2_multiMode.c.cc13x2.ticlang.o (.text.RF_calculateDispatchTime)
                  000159c8    000000a0                           : RFCC26X2_multiMode.c.cc13x2.ticlang.o (.text.RF_requestAccess)
                  00015a68    000000a0     libZStack_nwk_zed.a : ssp.o (.text.SSP_SwitchNwkKey)
                  00015b08    000000a0     zcl_sampleapps_ui.o (.text.UI_DeviceStateUpdated)
                  00015ba8    000000a0     zd_sec_mgr.o (.text.ZDSecMgrDeviceRemove)
                  00015c48    0000009e     zstackapi.o (.text.Zstackapi_freeIndMsg)
                  00015ce6    0000009e     drivers_cc13x2.a : SPICC26X2DMA.c.obj (.text.finishTransfer)
                  00015d84    0000009c     zcl_sampleapps_ui.o (.text.UI_UpdateBindInfoLine)
                  00015e20    0000009c     bdb_reporting.o (.text.bdb_RepFindAttrEntry)
                  00015ebc    0000009c     zcl_sampleapps_ui.o (.text.uiActionProcessConfigureChannels)
                  00015f58    0000009a     libZStack_nwk_zed.a : aps.o (.text.APS_DataConfirmReflect)
                  00015ff2    0000009a     drivers_cc13x2.a : UART2.c.obj (.text.UART2_writeCancel)
                  0001608c    0000009a     zcl.o (.text.zclParseInWriteCmd)
                  00016126    00000002     rf_multiMode_cc13x2.a : RFCC26X2_multiMode.c.cc13x2.ticlang.o (.text.RF_defaultCallback)
                  00016128    00000098     libZStack_nwk_zed.a : aps_frag.o (.text.APSF_ProcessAck)
                  000161c0    00000098                         : aps_mede.o (.text.APSME_RemoveDeviceReq)
                  00016258    00000098     drivers_cc13x2.a : GPTimerCC26XX.c.obj (.text.GPTimerCC26XX_close)
                  000162f0    00000098     nvocmp.o (.text.NVOCMP_erase)
                  00016388    00000098     rf_multiMode_cc13x2.a : RFCC26X2_multiMode.c.cc13x2.ticlang.o (.text.RF_defaultSubmitPolicy)
                  00016420    00000098     libZStack_nwk_zed.a : rtg.o (.text.RTG_UpdateRtDiscEntry)
                  000164b8    00000098     drivers_cc13x2.a : UART2CC26X2.c.obj (.text.UART2_close)
                  00016550    00000098     zd_object.o (.text.ZDO_ProcessMgmtLeaveReq)
                  000165e8    00000096     rf_multiMode_cc13x2.a : RFCC26X2_multiMode.c.cc13x2.ticlang.o (.text.RF_verifyGap)
                  0001667e    00000096     zcl.o (.text.zclFindNextCmdRec)
                  00016714    00000094     maclib_nosecure_cc13x2_2_4g_tirtos7.a : mac_autopend.c.o (.text.MAC_SrcMatchAddEntry)
                  000167a8    00000094     rf_multiMode_cc13x2.a : RFCC26X2_multiMode.c.cc13x2.ticlang.o (.text.RF_ratRestartChannels)
                  0001683c    00000094     zd_app.o (.text.ZDO_JoinConfirmCB)
                  000168d0    00000094     bdb_finding_and_binding.o (.text.bdb_ProcessIEEEAddrRsp)
                  00016964    00000094     maclib_nosecure_cc13x2_2_4g_tirtos7.a : mac_hl_patch.c.o (.text.macCcmDecrypt)
                  000169f8    00000094                                           : mac_radio.c.o (.text.macRadioUpdateChannel)
                  00016a8c    00000094                                           : mac_rx.c.o (.text.macRxInit)
                  00016b20    00000094                                           : mac_timer.c.o (.text.macTimerUpdateSymbolTimer)
                  00016bb4    00000094     zstacktask.o (.text.sendSimpleDescRspInd)
                  00016c48    00000094     ti_sysbios_config.o (.text.ti_sysbios_knl_Clock_startI)
                  00016cdc    00000094     ti_sysbios_config.o (.text.ti_sysbios_knl_Task_sleep)
                  00016d70    00000094     zcl_port.o (.text.zclGeneral_AddScene)
                  00016e04    00000090     libZStack_nwk_zed.a : aps.o (.text.APS_EndDeviceBroadcastCheck)
                  00016e94    00000090     drivers_cc13x2.a : GPIOCC26XX.c.obj (.text.GPIO_setConfigAndMux)
                  00016f24    00000090                      : SPICC26X2DMA.c.obj (.text.SPICC26X2DMA_transferCancel)
                  00016fb4    00000090     maclib_nosecure_cc13x2_2_4g_tirtos7.a : mac_hl_patch.c.o (.text.macCcmEncrypt)
                  00017044    00000090                                           : mac_radio.c.o (.text.macRadioUpdateChannelRx)
                  000170d4    00000090                                           : mac_hl_patch.c.o (.text.macScanRxCoordRealign)
                  00017164    00000090                                           : mac_sleep.c.o (.text.macSleep)
                  000171f4    00000090                                           : mac_autopend.c.o (.text.macSrcMatchCheckSrcAddr)
                  00017284    00000090     zcl_port.o (.text.zcl_HandleExternal)
                  00017314    0000008c     libZStack_nwk_zed.a : nwk_util.o (.text.NLDE_ParseMsg2)
                  000173a0    0000008c                         : nwk_util.o (.text.NLME_LeaveCmdSend)
                  0001742c    0000008c                         : nwk_util.o (.text.NLME_SendNetworkReport)
                  000174b8    0000008c     nvocmp.o (.text.NVOCMP_updateItemApi)
                  00017544    0000008c     drivers_cc13x2.a : TRNGCC26XX.c.obj (.text.TRNG_construct)
                  000175d0    0000008c     zstacktask.o (.text.ZStackTaskInit)
                  0001765c    0000008c     maclib_nosecure_cc13x2_2_4g_tirtos7.a : mac_tx.c.o (.text.macTxStartQueuedFrame)
                  000176e8    0000008c     ti_sysbios_config.o (.text.ti_sysbios_knl_Clock_init)
                  00017774    0000008c     zcl_general.o (.text.zclGeneral_SendGroupGetMembershipRequest)
                  00017800    0000008c     zcl_port.o (.text.zclport_registerEndpoint)
                  0001788c    0000008a     zcl.o (.text.zcl_SendConfigReportRspCmdEx)
                  00017916    00000002     drivers_cc13x2.a : UART2CC26X2.c.obj (.text.UART2CC26X2_eventCallback)
                  00017918    00000088     libZStack_nwk_zed.a : addr_mgr.o (.text.AddrMgrEntryLookupNwk)
                  000179a0    00000088                         : nwk_util.o (.text.NLME_CheckNewAddrSet)
                  00017a28    00000088     nvocmp.o (.text.NVOCMP_deleteItemApi)
                  00017ab0    00000088     rf_multiMode_cc13x2.a : RFCC26X2_multiMode.c.cc13x2.ticlang.o (.text.RF_cmdDispatchTime)
                  00017b38    00000088                           : RFCC26X2_multiMode.c.cc13x2.ticlang.o (.text.RF_discardPendCmd)
                  00017bc0    00000088     zd_app.o (.text.ZDApp_SaveNwkKey)
                  00017c48    00000088     zmac.o (.text.ZMacDataReqSec)
                  00017cd0    00000088     bdb_reporting.o (.text.bdb_RepUpdateMarkBindings)
                  00017d58    00000088     maclib_nosecure_cc13x2_2_4g_tirtos7.a : mac_pwr.c.o (.text.macPwrVote)
                  00017de0    00000088                                           : mac_symbol_timer.c.o (.text.macSymbolTimerInit)
                  00017e68    00000084     libZStack_nwk_zed.a : aps_mede.o (.text.APSME_SearchTCLinkKeyEntry)
                  00017eec    00000084     cui.o (.text.CUI_clientOpen)
                  00017f70    00000084     libZStack_nwk_zed.a : nwk_util.o (.text.NLME_CmdCnf)
                  00017ff4    00000084     nvocmp.o (.text.NVOCMP_createItemApi)
                  00018078    00000084     rf_multiMode_cc13x2.a : RFCC26X2_multiMode.c.cc13x2.ticlang.o (.text.RF_getInfo)
                  000180fc    00000084                           : RFCC26X2_multiMode.c.cc13x2.ticlang.o (.text.RF_yield)
                  00018180    00000084     zd_profile.o (.text.ZDP_IncomingData)
                  00018204    00000084     zd_sec_mgr.o (.text.ZDSecMgrReadKeyFromNv)
                  00018288    00000084     maclib_nosecure_cc13x2_2_4g_tirtos7.a : mac_mcu.c.o (.text.macMcuOverflowSetPeriod)
                  0001830c    00000084     libZStack_nwk_zed.a : nwk_util.o (.text.nwkChangePanID)
                  00018390    00000084                         : nwk.o (.text.nwk_data_req_send)
                  00018414    00000084     zcl.o (.text.zcl_SendWriteRsp)
                  00018498    00000082     zcl_general.o (.text.zclGeneral_SendSceneGetMembershipResponse)
                  0001851a    00000082     zcl.o (.text.zcl_SendDiscoverAttrsRspCmd)
                  0001859c    00000080     zd_sec_mgr.o (.text.APSME_LinkKeySet)
                  0001861c    00000080     libZStack_nwk_zed.a : nwk_util.o (.text.NLDE_SendMsg)
                  0001869c    00000080                         : nl_mede.o (.text.NLME_GetRequest)
                  0001871c    00000080     drivers_cc13x2.a : NVSSPI25X.c.obj (.text.NVSSPI25X_close)
                  0001879c    00000080     osal_port.o (.text.OsalPort_setTimer)
                  0001881c    00000080     libZStack_nwk_zed.a : rtg.o (.text.RTG_GetRtgEntry)
                  0001889c    00000080     drivers_cc13x2.a : UART2CC26X2.c.obj (.text.UART2Support_dmaStopTx)
                  0001891c    00000080     zd_app.o (.text.ZDO_LeaveInd)
                  0001899c    00000080     zd_sec_mgr.o (.text.ZDSecMgrSetDefaultNV)
                  00018a1c    00000080     drivers_cc13x2.a : NVSCC26XX.c.obj (.text.doErase)
                  00018a9c    00000080     maclib_nosecure_cc13x2_2_4g_tirtos7.a : mac_tx.c.o (.text.macTxDoneCallback)
                  00018b1c    00000080     libZStack_nwk_zed.a : nwk_bufs.o (.text.nwk_MacDataBuffersDealloc)
                  00018b9c    00000080     ti_sysbios_config.o (.text.ti_sysbios_family_arm_m3_Hwi_initNVIC)
                  00018c1c    00000080     ti_sysbios_config.o (.text.ti_sysbios_gates_GateMutexPri_enter)
                  00018c9c    00000080     zcl_port.o (.text.zclGeneral_RemoveScene)
                  00018d1c    00000080     zcl.o (.text.zcl_SendDiscoverAttrsExtRsp)
                  00018d9c    00000080     zcl.o (.text.zcl_SendDiscoverCmdsRspCmd)
                  00018e1c    0000007e     nvocmp.o (.text.NVOCMP_readHeader)
                  00018e9a    00000002     zd_app.o (.text.ZDO_PollConfirmCB)
                  00018e9c    0000007c     maclib_nosecure_cc13x2_2_4g_tirtos7.a : mac_hl_patch.c.o (.text.MAC_ResumeReq)
                  00018f18    0000007c     libZStack_nwk_zed.a : nwk_util.o (.text.NLME_RejoinRspCmdProcess)
                  00018f94    0000007c     rf_multiMode_cc13x2.a : RFCC26X2_multiMode.c.cc13x2.ticlang.o (.text.RF_ratDisableChannel)
                  00019010    0000007c     binding_table.o (.text.bindFindExisting)
                  0001908c    0000007c     drivers_cc13x2.a : NVSSPI25X.c.obj (.text.doRead)
                  00019108    0000007c     maclib_nosecure_cc13x2_2_4g_tirtos7.a : mac_mcu.c.o (.text.macMcuOverflowSetCompare)
                  00019184    0000007c                                           : mac_radio.c.o (.text.macRadioStartScan)
                  00019200    0000007c     ti_sysbios_config.o (.text.ti_sysbios_family_arm_m3_Hwi_postInit)
                  0001927c    0000007c     zcl_port.o (.text.zclGeneral_FindScene)
                  000192f8    0000007c     zcl_general.o (.text.zclGeneral_SendGroupViewResponse)
                  00019374    0000007c     zcl_samplelight.o (.text.zclSampleLight_MoveBasedOnTime)
                  000193f0    0000007a     zd_object.o (.text.ZDO_ParseNodeDescRsp)
                  0001946a    00000002     zd_object.o (.text.ZDO_ProcessNodeDescRsp)
                  0001946c    00000078     libZStack_nwk_zed.a : aps_mede.o (.text.APSME_CmdPkt)
                  000194e4    00000078                         : aps_mede.o (.text.APSME_LookupExtAddr)
                  0001955c    00000078                         : addr_mgr.o (.text.AddrMgrEntryAdd)
                  000195d4    00000078                         : assoc_list.o (.text.AssocGetWithAddress)
                  0001964c    00000078     driverlib.lib : chipinfo.c.obj (.text.NOROM_ChipInfo_GetChipType)
                  000196c4    00000078                   : sys_ctrl.c.obj (.text.NOROM_SysCtrlSetRechargeBeforePowerDown)
                  0001973c    00000078     nvocmp.o (.text.NVOCMP_loadApiPtrs)
                  000197b4    00000078     drivers_cc13x2.a : NVSCC26XX.c.obj (.text.NVSCC26XX_open)
                  0001982c    00000078     rf_multiMode_cc13x2.a : RFCC26X2_multiMode.c.cc13x2.ticlang.o (.text.RF_ratFreeChannel)
                  000198a4    00000078     drivers_cc13x2.a : SPICC26X2DMA.c.obj (.text.SPICC26X2DMA_close)
                  0001991c    00000078     zd_app.o (.text.ZDApp_StoreNwkSecMaterial)
                  00019994    00000078     maclib_nosecure_cc13x2_2_4g_tirtos7.a : mac.c.o (.text.macRequestBackoff)
                  00019a0c    00000078                                           : mac_timer.c.o (.text.macTimerRealign)
                  00019a84    00000078                                           : mac_hl_patch.c.o (.text.macTrackStartCallback)
                  00019afc    00000078     ti_sysbios_config.o (.text.ti_sysbios_knl_Task_postInit)
                  00019b74    00000076     libZStack_nwk_zed.a : aps_util.o (.text.apsGenerateAck)
                  00019bea    00000076     zcl_general.o (.text.zclGeneral_SendAddGroupRequestEx)
                  00019c60    00000074     libZStack_nwk_zed.a : aps_mede.o (.text.APSME_RequestKeyReq)
                  00019cd4    00000074                         : addr_mgr.o (.text.AddrMgrEntryLookupExt)
                  00019d48    00000074     nvocmp.o (.text.NVOCMP_readItemApi)
                  00019dbc    00000074     osal_port.o (.text.OsalPort_heapInit)
                  00019e30    00000074     drivers_cc13x2.a : PowerCC26X2_calibrateRCOSC_helpers.c.obj (.text.PowerCC26X2_updateSubSecInc)
                  00019ea4    00000074     rf_multiMode_cc13x2.a : RFCC26X2_multiMode.c.cc13x2.ticlang.o (.text.RF_hwiHw)
                  00019f18    00000074     libZStack_nwk_zed.a : rtg.o (.text.RTG_CheckRtStatus)
                  00019f8c    00000074     zd_profile.o (.text.ZDO_SendMsgCBs)
                  0001a000    00000074     zd_sec_mgr.o (.text.ZDSecMgrClearNVKeyValues)
                  0001a074    00000074     bdb.o (.text.bdb_parentLost)
                  0001a0e8    00000074     bdb_finding_and_binding.o (.text.bdb_zclFindingBindingEpType)
                  0001a15c    00000074     maclib_nosecure_cc13x2_2_4g_tirtos7.a : mac_timer.c.o (.text.macTimerSetRollover)
                  0001a1d0    00000074     libZStack_nwk_zed.a : nwk.o (.text.nwkPollConfirmProcessing)
                  0001a244    00000074                         : nwk_util.o (.text.nwkProcessPanIdScan)
                  0001a2b8    00000074                         : nwk_util.o (.text.nwk_GetConfigPollRate)
                  0001a32c    00000074     ti_sysbios_config.o (.text.ti_sysbios_knl_Swi_restoreHwi)
                  0001a3a0    00000074     zcl_sampleapps_ui.o (.text.uiActionProcessConfigurePriChannels)
                  0001a414    00000074     zcl_sampleapps_ui.o (.text.uiActionProcessConfigureSecChannels)
                  0001a488    00000074     zcl_port.o (.text.zclGeneral_RemoveAllScenes)
                  0001a4fc    00000074     zcl_samplelight.o (.text.zclSampleLight_SceneStoreCB)
                  0001a570    00000074     zglobals.o (.text.zgInit)
                  0001a5e4    00000072     drivers_cc13x2.a : LED.c.obj (.text.LED_startBlinking)
                  0001a656    00000072     libZStack_nwk_zed.a : nwk_util.o (.text.NLME_SendNetworkStatus)
                  0001a6c8    00000070     drivers_cc13x2.a : AESCCMCC26XX.c.obj (.text.AESCCM_cleanup)
                  0001a738    00000070                      : AESECBCC26XX.c.obj (.text.AESECB_construct)
                  0001a7a8    00000070     libZStack_nwk_zed.a : aps_mede.o (.text.APSME_CmdTransportKey)
                  0001a818    00000070     osal_port.o (.text.OsalPort_pwrmgrTaskState)
                  0001a888    00000070     zd_profile.o (.text.ZDP_BindUnbindReq)
                  0001a8f8    00000070     zd_sec_mgr.o (.text.ZDSecMgrSaveApsLinkKey)
                  0001a968    00000070     bdb_finding_and_binding.o (.text.bdb_ProcessSimpleDesc)
                  0001a9d8    00000070     maclib_nosecure_cc13x2_2_4g_tirtos7.a : mac_hl_patch.c.o (.text.macAutoPoll)
                  0001aa48    00000070                                           : mac_duty_cycle.c.o (.text.macDutyCycleTimerCB)
                  0001aab8    00000070                                           : mac_low_level.c.o (.text.macLowLevelInit)
                  0001ab28    00000070                                           : mac_rx.c.o (.text.macRxHaltCleanup)
                  0001ab98    00000070                                           : mac_symbol_timer.c.o (.text.macSymbolTimerPeriodIsr)
                  0001ac08    00000070     libZStack_nwk_zed.a : nwk_bufs.o (.text.nwkDB_Add)
                  0001ac78    00000070     zstackstartup.o (.text.stackTask_init)
                  0001ace8    00000070     ti_sysbios_config.o (.text.ti_sysbios_family_arm_m3_Hwi_Instance_init)
                  0001ad58    00000070     ti_sysbios_config.o (.text.ti_sysbios_knl_Task_startup)
                  0001adc8    00000070     ti_sysbios_config.o (.text.ti_sysbios_runtime_System_formatNum)
                  0001ae38    00000070     zcl_samplelight.o (.text.zclSampleLight_SceneRecallCB)
                  0001aea8    00000070     zcl_samplelight.o (.text.zclSampleLight_UpdateStatusLine)
                  0001af18    00000070     zcl_sampleapps_ui.o (.text.zclsampleApp_ui_event_loop)
                  0001af88    00000070     libc.a : copy_decompress_lzss.c.obj (.text:decompress:lzss)
                  0001aff8    0000006e     zd_object.o (.text.ZDO_ParseSimpleDescBuf)
                  0001b066    00000002     zd_object.o (.text.ZDO_ProcessSimpleDescRsp)
                  0001b068    0000006e     libclang_rt.builtins.a : comparedf2.c.obj (.text.__gedf2)
                  0001b0d6    00000002     zdiags.o (.text.ZDiagsUpdateStats)
                  0001b0d8    0000006e     libclang_rt.builtins.a : comparedf2.c.obj (.text.__ledf2)
                  0001b146    0000006e     zstacktask.o (.text.sendBeaconNotifyInd)
                  0001b1b4    0000006c     drivers_cc13x2.a : AESECBCC26XX.c.obj (.text.AESECB_hwiFxn)
                  0001b220    0000006c     nvocmp.o (.text.NVOCMP_eraseNvApi)
                  0001b28c    0000006c     nvocmp.o (.text.NVOCMP_writeItemApi)
                  0001b2f8    0000006c     osal_port.o (.text.OsalPort_msgFindDequeue)
                  0001b364    0000006c     rf_multiMode_cc13x2.a : RFCC26X2_multiMode.c.cc13x2.ticlang.o (.text.RF_getTxPower)
                  0001b3d0    0000006c                           : RFCC26X2_multiMode.c.cc13x2.ticlang.o (.text.RF_issueRadioFreeCb)
                  0001b43c    0000006c     drivers_cc13x2.a : Random.c.obj (.text.Random_seedAutomatic)
                  0001b4a8    0000006c     zcl_sampleapps_ui.o (.text.UI_UpdateNwkStatusLine)
                  0001b514    0000006c     zd_sec_mgr.o (.text.ZDSecMgrWriteNV)
                  0001b580    0000006c     drivers_cc13x2.a : PowerCC26X2.c.obj (.text.oscillatorISR)
                  0001b5ec    0000006c     zstackapi.o (.text.sendReqRsp)
                  0001b658    0000006c     ti_sysbios_config.o (.text.ti_sysbios_family_arm_m3_Hwi_dispatchC)
                  0001b6c4    0000006c     zcl_samplelight.o (.text.zclSampleLight_UiActionSwitchDiscovery)
                  0001b730    00000068     rf_multiMode_cc13x2.a : RFCC26X2_multiMode.c.cc13x2.ticlang.o (.text.RF_detachOverrides)
                  0001b798    00000068     libZStack_nwk_zed.a : rtg.o (.text.RTG_GetRtgSrcIndex)
                  0001b800    00000068     drivers_cc13x2.a : UART2CC26X2.c.obj (.text.UART2Support_dmaStopRx)
                  0001b868    00000068     zd_app.o (.text.ZDApp_LeaveReset)
                  0001b8d0    00000068     zd_app.o (.text.ZDApp_RestoreNetworkState)
                  0001b938    00000068     zd_sec_mgr.o (.text.ZDSecMgrSaveTCLinkKey)
                  0001b9a0    00000068     maclib_nosecure_cc13x2_2_4g_tirtos7.a : mac_rx_onoff.c.o (.text.macRxOn)
                  0001ba08    00000068                                           : mac_timer.c.o (.text.macTimerGetNextTimer)
                  0001ba70    00000068     zstackapi.o (.text.sendReqDefaultRsp)
                  0001bad8    00000068     ti_sysbios_config.o (.text.ti_sysbios_knl_Swi_run)
                  0001bb40    00000068     zcl_sampleapps_ui.o (.text.uiProcessIdentifyTimeChange)
                  0001bba8    00000066     libZStack_nwk_zed.a : nwk_util.o (.text.NLDE_DataIndSend)
                  0001bc0e    00000002     libclang_rt.builtins.a : aeabi_div0.c.obj (.text.__aeabi_ldiv0)
                  0001bc10    00000064     drivers_cc13x2.a : AESCCMCC26XX.c.obj (.text.AESCCM_hwiFxn)
                  0001bc74    00000064     libZStack_nwk_zed.a : aps_mede.o (.text.APSME_LinkKeySync)
                  0001bcd8    00000064     binding_table.o (.text.InitBindingTable)
                  0001bd3c    00000064     driverlib.lib : osc.c.obj (.text.NOROM_OSCHF_AttemptToSwitchToXosc)
                  0001bda0    00000064     osal_port.o (.text.OsalPort_clearEvent)
                  0001be04    00000064     drivers_cc13x2.a : PowerCC26X2_calibrateRCOSC.c.obj (.text.PowerCC26X2_initiateCalibration)
                  0001be68    00000064     rf_multiMode_cc13x2.a : RFCC26X2_multiMode.c.cc13x2.ticlang.o (.text.RF_attachOverrides)
                  0001becc    00000064                           : RFCC26X2_multiMode.c.cc13x2.ticlang.o (.text.RF_dispatchNextEvent)
                  0001bf30    00000064                           : RFCC26X2_multiMode.c.cc13x2.ticlang.o (.text.RF_hwiCpe0PowerFsm)
                  0001bf94    00000064     drivers_cc13x2.a : UDMACC26XX.c.obj (.text.UDMACC26XX_open)
                  0001bff8    00000064     zd_profile.o (.text.ZDP_NodeDescMsg)
                  0001c05c    00000064     zd_sec_mgr.o (.text.ZDSecMgrGenerateKeyFromSeed)
                  0001c0c0    00000064     libZStack_nwk_zed.a : aps_groups.o (.text.aps_AddGroup)
                  0001c124    00000064     maclib_nosecure_cc13x2_2_4g_tirtos7.a : mac_hl_patch.c.o (.text.macTrackPeriodCallback)
                  0001c188    00000064     ti_sysbios_config.o (.text.ti_sysbios_gates_GateMutexPri_leave)
                  0001c1ec    00000064     ti_sysbios_config.o (.text.ti_sysbios_knl_Idle_init)
                  0001c250    00000064     ti_sysbios_config.o (.text.ti_sysbios_knl_TaskSupport_buildTaskStack)
                  0001c2b4    00000064     zcl.o (.text.zclParseHdr)
                  0001c318    00000062     rf_multiMode_cc13x2.a : RFCC26X2_multiMode.c.cc13x2.ticlang.o (.text.RF_syncCb)
                  0001c37a    00000002     libc.a : _lock.c.obj (.text._nop)
                  0001c37c    00000062     libclang_rt.builtins.a : aeabi_dcmp.S.obj (.text.__aeabi_dcmp)
                  0001c3de    00000002     drivers_cc13x2.a : PowerCC26X2.c.obj (.text.emptyClockFunc)
                  0001c3e0    00000060                      : CryptoResourceCC26XX.c.obj (.text.CryptoResourceCC26XX_constructRTOSObjects)
                  0001c440    00000060     libZStack_nwk_zed.a : nwk_util.o (.text.NLME_NetworkReportCB)
                  0001c4a0    00000060     nvocmp.o (.text.NVOCMP_checkItem)
                  0001c500    00000060     nvocmp.o (.text.NVOCMP_verifyCRC)
                  0001c560    00000060     osal_port.o (.text.OsalPort_setEvent)
                  0001c5c0    00000060     zd_app.o (.text.ZDAppDetermineDeviceType)
                  0001c620    00000060     zd_object.o (.text.ZDO_ParseAddrRsp)
                  0001c680    00000060     zd_object.o (.text.ZDO_ProcessSimpleDescReq)
                  0001c6e0    00000060     zd_profile.o (.text.ZDP_NwkAddrReq)
                  0001c740    00000060     zstackapi.o (.text.Zstackapi_sysNwkInfoReadReq)
                  0001c7a0    00000060     binding_table.o (.text.bindAddrMgrLocalLoad)
                  0001c800    00000060     maclib_nosecure_cc13x2_2_4g_tirtos7.a : mac_radio.c.o (.text.macRadioWakeupCb)
                  0001c860    00000060                                           : mac_timer.c.o (.text.macSymbolTimerRolloverCallback)
                  0001c8c0    00000060                                           : mac_timer.c.o (.text.macTimerAddTimer)
                  0001c920    00000060                                           : mac_timer.c.o (.text.macTimerCancel)
                  0001c980    00000060     libZStack_nwk_zed.a : nwk.o (.text.nwk_scan_cnf_processing)
                  0001c9e0    00000060     zstacktask.o (.text.sendIeeeAddrRspInd)
                  0001ca40    00000060     zstacktask.o (.text.sendNwkAddrRspInd)
                  0001caa0    00000060     ti_sysbios_config.o (.text.ti_sysbios_knl_Clock_walkQueueDynamic)
                  0001cb00    00000060     ti_sysbios_config.o (.text.ti_sysbios_knl_Semaphore_post)
                  0001cb60    00000060     ti_sysbios_config.o (.text.ti_sysbios_knl_Swi_schedule)
                  0001cbc0    00000060     zcl.o (.text.zclFindNextAttrRec)
                  0001cc20    0000005e     libZStack_nwk_zed.a : aps_mede.o (.text.APSME_FrameSecApplyCM)
                  0001cc7e    0000005e                         : aps.o (.text.APS_ReflectMonitor)
                  0001ccdc    0000005e     rf_multiMode_cc13x2.a : rfc.c.cc13x2.ticlang.o (.text.NOROM_RFCAnaDivTxOverride)
                  0001cd3a    00000002     drivers_cc13x2.a : CryptoResourceCC26XX.c.obj (.text.errorSpin)
                  0001cd3c    0000005c     libZStack_nwk_zed.a : nl_mede.o (.text.NLDE_DataReq)
                  0001cd98    0000005c     drivers_cc13x2.a : NVSSPI25X.c.obj (.text.NVSSPI25X_control)
                  0001cdf4    0000005c     osal_port.o (.text.OsalPort_msgReceive)
                  0001ce50    0000005c     drivers_cc13x2.a : PWMTimerCC26XX.c.obj (.text.PWMTimerCC26XX_setPeriod)
                  0001ceac    0000005c     libZStack_nwk_zed.a : rtg.o (.text.RTG_SendRErr)
                  0001cf08    0000005c                         : ssp.o (.text.SSP_ParseAuxHdr)
                  0001cf64    0000005c     drivers_cc13x2.a : TRNGCC26XX.c.obj (.text.TRNGCC26XX_startTrng)
                  0001cfc0    0000005c     zd_app.o (.text.ZDApp_AnnounceNewAddress)
                  0001d01c    0000005c     zmac.o (.text.ZMacScanReq)
                  0001d078    0000005c     zmac.o (.text.ZMacSetZigbeeMACParams)
                  0001d0d4    0000005c     bdb.o (.text.bdb_nwkJoiningFormation)
                  0001d130    0000005c     binding_table.o (.text.bindRemoveDev)
                  0001d18c    0000005c     drivers_cc13x2.a : NVSSPI25X.c.obj (.text.extFlashWaitReady)
                  0001d1e8    0000005c     maclib_nosecure_cc13x2_2_4g_tirtos7.a : mac_sleep.c.o (.text.macCanSleep)
                  0001d244    0000005c                                           : mac_radio.c.o (.text.macRadioSetChannel)
                  0001d2a0    0000005c                                           : mac_symbol_timer.c.o (.text.macSymbolTimerEventHandler)
                  0001d2fc    0000005c     libZStack_nwk_zed.a : nwk_util.o (.text.nwkNeighborRemoveStranded)
                  0001d358    0000005c     zstacktask.o (.text.sendLeaveInd)
                  0001d3b4    0000005c     osal_port_timers.o (.text.timerCb)
                  0001d410    0000005c     zcl_port.o (.text.zclGeneral_FindAllScenesForGroup)
                  0001d46c    0000005c     zcl.o (.text.zclParseInWriteRspCmd)
                  0001d4c8    0000005c     zglobals.o (.text.zgInitItems)
                  0001d524    0000005a     zstacktask.o (.text.sendActiveEPRspInd)
                  0001d57e    0000005a     zstacktask.o (.text.sendMatchDescRspInd)
                  0001d5d8    0000005a     zstacktask.o (.text.sendZdoSrcRtgInd)
                  0001d632    00000002     maclib_nosecure_cc13x2_2_4g_tirtos7.a : mac_pwr.c.o (.text.macApiPwrOnReq)
                  0001d634    00000058     zstacktask.o (.text.BDBBindNotificationsendMsgToAllCBs)
                  0001d68c    00000058     drivers_cc13x2.a : Button.c.obj (.text.Button_gpioCallbackFxn)
                  0001d6e4    00000058     cui.o (.text.CUI_writeString)
                  0001d73c    00000058     osal_port.o (.text.HEAPMGR_GETLARGESTFREEBUF)
                  0001d794    00000058     libZStack_nwk_zed.a : nl_mede.o (.text.NLME_NwkDiscReq2)
                  0001d7ec    00000058                         : nwk_util.o (.text.NLME_SendEndDevTimeoutReq)
                  0001d844    00000058     osal_port.o (.text.OsalPort_msgSend)
                  0001d89c    00000058     rf_multiMode_cc13x2.a : RFCC26X2_multiMode.c.cc13x2.ticlang.o (.text.RF_applyRfCorePatch)
                  0001d8f4    00000058     libZStack_nwk_zed.a : ssp_hash.o (.text.SSP_KeyedHash)
                  0001d94c    00000058     drivers_cc13x2.a : TRNGCC26XX.c.obj (.text.TRNG_init)
                  0001d9a4    00000058     zd_profile.o (.text.ZDP_EPRsp)
                  0001d9fc    00000058     zd_profile.o (.text.ZDP_MgmtPermitJoinReq)
                  0001da54    00000058     bdb_finding_and_binding.o (.text.bdb_SendIdentifyQuery)
                  0001daac    00000058     bdb.o (.text.bdb_ZclIdentifyCmdInd)
                  0001db04    00000058     drivers_cc13x2.a : NVSSPI25X.c.obj (.text.doWriteVerify)
                  0001db5c    00000058     zd_profile.o (.text.fillAndSend)
                  0001dbb4    00000058     maclib_nosecure_cc13x2_2_4g_tirtos7.a : mac_radio.c.o (.text.macRadioSetChannelRx)
                  0001dc0c    00000058                                           : mac_radio_tx.c.o (.text.macRadioTxPrepCsmaSlottedIeee)
                  0001dc64    00000058                                           : mac.c.o (.text.macRequestSFDTimeout)
                  0001dcbc    00000058     libZStack_nwk_zed.a : nwk_util.o (.text.nlmeAddConflictedAddrTable)
                  0001dd14    00000058                         : nwk_util.o (.text.nwkNeighborCheckAddr)
                  0001dd6c    00000058     nwk_globals.o (.text.nwk_InitializeDefaultPollRates)
                  0001ddc4    00000058     sysbios.a : Hwi_asm_switch_gcc.s.obj (.text.ti_sysbios_family_arm_m3_Hwi_initStacks)
                  0001de1c    00000058     zcl_samplelight.o (.text.zclSampleLight_LevelControlStepCB)
                  0001de74    00000058     zcl_samplelight_data.o (.text.zclSampleLight_ResetAttributesToDefaultValues)
                  0001decc    00000056     drivers_cc13x2.a : StructRingBuf.c.obj (.text.StructRingBuf_put)
                  0001df22    00000056                      : UART2.c.obj (.text.UART2_readCancel)
                  0001df78    00000056     util_timer.o (.text.UtilTimer_construct)
                  0001dfce    00000056     bdb.o (.text.bdb_AddRespondentNode)
                  0001e024    00000056     libZStack_nwk_zed.a : nwk.o (.text.nwk_BeaconToNative)
                  0001e07a    00000002     maclib_nosecure_cc13x2_2_4g_tirtos7.a : mac_radio.c.o (.text.macRadioSetRE)
                  0001e07c    00000054     drivers_cc13x2.a : AESCCMCC26XX.c.obj (.text.AESCCM_construct)
                  0001e0d0    00000054     libZStack_nwk_zed.a : addr_mgr.o (.text.AddrMgrWriteNV)
                  0001e124    00000054     drivers_cc13x2.a : GPTimerCC26XX.c.obj (.text.GPTimerCC26XX_stop)
                  0001e178    00000054     libZStack_nwk_zed.a : nl_mede.o (.text.NLME_NetworkDiscoveryRequest)
                  0001e1cc    00000054     nvocmp.o (.text.NVOCMP_compactNvApi)
                  0001e220    00000054     nvocmp.o (.text.NVOCMP_getDstPage)
                  0001e274    00000054     nvocmp.o (.text.NVOCMP_getItemLenApi)
                  0001e2c8    00000054     osal_port_timers.o (.text.OsalPortTimers_stopTimer)
                  0001e31c    00000054     rf_multiMode_cc13x2.a : RFCC26X2_multiMode.c.cc13x2.ticlang.o (.text.RF_getCurrentTime)
                  0001e370    00000054     libZStack_nwk_zed.a : rtg.o (.text.RTG_MTORouteReq)
                  0001e3c4    00000054     zd_app.o (.text.ZDApp_ProcessMsgCBs)
                  0001e418    00000054     zd_sec_mgr.o (.text.ZDSecMgrAuthenticationCheck)
                  0001e46c    00000054     libZStack_nwk_zed.a : aps_groups.o (.text.aps_GroupsRestoreFromNV)
                  0001e4c0    00000054     bdb.o (.text.bdb_joinProcess)
                  0001e514    00000054     bdb.o (.text.bdb_tryNwkAssoc)
                  0001e568    00000054     bdb_finding_and_binding.o (.text.bdb_zclFindingBindingAddBindEntry)
                  0001e5bc    00000054     drivers_cc13x2.a : NVSSPI25X.c.obj (.text.extFlashSpiWrite)
                  0001e610    00000054     maclib_nosecure_cc13x2_2_4g_tirtos7.a : mac_tx.c.o (.text.macTxAckReceivedCallback)
                  0001e664    00000054     libZStack_nwk_zed.a : nwk.o (.text.nwk_BeaconFromNative)
                  0001e6b8    00000054                         : nwk_bufs.o (.text.nwk_broadcastSend)
                  0001e70c    00000054     osal_nv.o (.text.osal_nv_item_init_ex)
                  0001e760    00000054     zcl_samplelight.o (.text.zclSampleLight_IdentifyQueryRspCB)
                  0001e7b4    00000054     zcl_port.o (.text.zclport_initializeNVItem)
                  0001e808    00000054     zcl_port.o (.text.zclport_registerZclHandleExternal)
                  0001e85c    00000054     zcl_port.o (.text.zclport_writeNV)
                  0001e8b0    00000052     libZStack_nwk_zed.a : rtg.o (.text.RTG_SendBrokenRoute)
                  0001e902    00000052     zd_app.o (.text.ZDApp_ProcessSecEvent)
                  0001e954    00000052     binding_table.o (.text.bindAddrIndexGet)
                  0001e9a6    00000002     maclib_nosecure_cc13x2_2_4g_tirtos7.a : mac_radio_tx.c.o (.text.macRadioTxCancelTxAck)
                  0001e9a8    00000050     libZStack_nwk_zed.a : aps.o (.text.APS_CmdInd)
                  0001e9f8    00000050                         : addr_mgr.o (.text.AddrMgrEntryGet)
                  0001ea48    00000050     ti_drivers_config.o (.text.Board_shutDownExtFlash)
                  0001ea98    00000050     drivers_cc13x2.a : GPTimerCC26XX.c.obj (.text.GPTimerCC26XX_start)
                  0001eae8    00000050                      : NVSSPI25X.c.obj (.text.NVSSPI25X_read)
                  0001eb38    00000050     rf_multiMode_cc13x2.a : RFCC26X2_multiMode.c.cc13x2.ticlang.o (.text.RF_wakeupNotification)
                  0001eb88    00000050     libZStack_nwk_zed.a : ssp.o (.text.SSP_GetNwkKey)
                  0001ebd8    00000050     zd_app.o (.text.ZDApp_LeaveUpdate)
                  0001ec28    00000050     zd_object.o (.text.ZDO_UpdateNwkStatus)
                  0001ec78    00000050     bdb.o (.text.bdb_nwkDiscoveryAttempt)
                  0001ecc8    00000050     maclib_nosecure_cc13x2_2_4g_tirtos7.a : mac_hl_patch.c.o (.text.macCheckPhyRate)
                  0001ed18    00000050                                           : mac_radio.c.o (.text.macGetRadioTxPowerReg)
                  0001ed68    00000050                                           : mac_radio.c.o (.text.macRadioUpdateTxPower)
                  0001edb8    00000050                                           : mac_tx.c.o (.text.macTxTimestampCallback)
                  0001ee08    00000050     libZStack_nwk_zed.a : nwk.o (.text.nwk_getNetworkDesc)
                  0001ee58    00000050     maclib_nosecure_cc13x2_2_4g_tirtos7.a : mac_rx.c.o (.text.rxPostRxUpdates)
                  0001eea8    00000050     ti_sysbios_config.o (.text.ti_sysbios_family_arm_m3_Hwi_excHandlerMin)
                  0001eef8    00000050     ti_sysbios_config.o (.text.ti_sysbios_knl_Swi_post)
                  0001ef48    00000050     ti_sysbios_config.o (.text.ti_sysbios_knl_Swi_runLoop)
                  0001ef98    0000004e     drivers_cc13x2.a : AESECBCC26XX.c.obj (.text.AESECB_startOperation)
                  0001efe6    0000004e     ti_drivers_config.o (.text.Board_sendExtFlashByte)
                  0001f034    0000004e     nvocmp.o (.text.NVOCMP_readItem)
                  0001f082    0000004e     libZStack_nwk_zed.a : ssp.o (.text.SSP_BuildAuxHdr)
                  0001f0d0    0000004e     zd_sec_mgr.o (.text.ZDSecMgrAddLinkKey)
                  0001f11e    00000002     maclib_nosecure_cc13x2_2_4g_tirtos7.a : mac_rx.c.o (.text.macRxRadioPowerUpInit)
                  0001f120    0000004c     libZStack_nwk_zed.a : aps_mede.o (.text.APSME_GetRequest)
                  0001f16c    0000004c                         : aps.o (.text.APS_Init)
                  0001f1b8    0000004c     ti_sysbios_config.o (.text.BIOS_startFunc)
                  0001f204    0000004c     binding_table.o (.text.BindRestoreFromNV)
                  0001f250    0000004c     maclib_nosecure_cc13x2_2_4g_tirtos7.a : mac_autopend.c.o (.text.MAC_SrcMatchAckAllPending)
                  0001f29c    0000004c                                           : mac_autopend.c.o (.text.MAC_SrcMatchEnable)
                  0001f2e8    0000004c     libZStack_nwk_zed.a : nwk_util.o (.text.NLME_InitNV)
                  0001f334    0000004c                         : nwk_util.o (.text.NLME_ProcessNetworkStatus)
                  0001f380    0000004c     driverlib.lib : chipinfo.c.obj (.text.NOROM_ChipInfo_GetHwRevision)
                  0001f3cc    0000004c     nvocmp.o (.text.NVOCMP_setItemInactive)
                  0001f418    0000004c     drivers_cc13x2.a : NVSCC26XX.c.obj (.text.NVSCC26XX_init)
                  0001f464    0000004c                      : NVSCC26XX.c.obj (.text.NVSCC26XX_read)
                  0001f4b0    0000004c     osal_port.o (.text.OsalPort_msgFind)
                  0001f4fc    0000004c     drivers_cc13x2.a : PWMTimerCC26XX.c.obj (.text.PWMTimerCC26XX_getdutyCounts)
                  0001f548    0000004c     rf_multiMode_cc13x2.a : RFCC26X2_multiMode.c.cc13x2.ticlang.o (.text.RF_fsmXOSCState)
                  0001f594    0000004c     drivers_cc13x2.a : StructRingBuf.c.obj (.text.StructRingBuf_get)
                  0001f5e0    0000004c     zd_app.o (.text.ZDApp_ForceConcentratorChange)
                  0001f62c    0000004c     zd_profile.o (.text.ZDO_RegisterForZDOMsg)
                  0001f678    0000004c     af.o (.text.afRegisterExtended)
                  0001f6c4    0000004c     libZStack_nwk_zed.a : aps_util.o (.text.apsAckFindMatchCB)
                  0001f710    0000004c     bdb.o (.text.bdb_GenerateInstallCodeCRC)
                  0001f75c    0000004c     bdb_reporting.o (.text.bdb_RepStartOrContinueReporting)
                  0001f7a8    0000004c     bdb_finding_and_binding.o (.text.bdb_ZclIdentifyQueryCmdInd)
                  0001f7f4    0000004c     bdb_reporting.o (.text.bdb_clusterEndpointArrayIncrementAll)
                  0001f840    0000004c     bdb.o (.text.bdb_setActiveCentralizedLinkKey)
                  0001f88c    0000004c     bdb.o (.text.bdb_tcLinkKeyExchangeAttempt)
                  0001f8d8    0000004c     binding_table.o (.text.bindAddressClear)
                  0001f924    0000004c     drivers_cc13x2.a : SPICC26X2DMA.c.obj (.text.initHw)
                  0001f970    0000004c     maclib_nosecure_cc13x2_2_4g_tirtos7.a : mac_low_level.c.o (.text.macLowLevelYield)
                  0001f9bc    0000004c                                           : mac_mcu.c.o (.text.macMcuInit)
                  0001fa08    0000004c                                           : mac_radio.c.o (.text.macRadioPowerDown)
                  0001fa54    0000004c                                           : mac_rx_onoff.c.o (.text.macRxOffRequest)
                  0001faa0    0000004c                                           : mac_hl_patch.c.o (.text.macSetDefaultsByPatch)
                  0001faec    0000004c                                           : mac_timer.c.o (.text.macTimerUpdActive)
                  0001fb38    0000004c     libZStack_nwk_zed.a : nwk_util.o (.text.nwkNeighborAdd)
                  0001fb84    0000004c                         : nwk_util.o (.text.nwkNeighborInitTable)
                  0001fbd0    0000004c     osal_nv.o (.text.osal_nv_delete_ex)
                  0001fc1c    0000004c     drivers_cc13x2.a : PowerCC26X2.c.obj (.text.switchXOSCHF)
                  0001fc68    0000004c     ti_sysbios_config.o (.text.ti_sysbios_knl_Swi_Instance_init)
                  0001fcb4    0000004c     zcl_general.o (.text.zclGeneral_RegisterCmdCallbacks)
                  0001fd00    0000004c     zcl.o (.text.zclParseInDiscAttrsRspCmd)
                  0001fd4c    0000004c     zcl.o (.text.zclParseInReadReportCfgCmd)
                  0001fd98    0000004c     zcl.o (.text.zclWriteAttrData)
                  0001fde4    0000004a     drivers_cc13x2.a : SPICC26X2DMA.c.obj (.text.SPICC26X2DMA_swiFxn)
                  0001fe2e    0000004a     libZStack_nwk_zed.a : ssp.o (.text.SSP_BuildAuxHdr2)
                  0001fe78    0000004a     zstacktask.o (.text.sendDeviceAnnounceInd)
                  0001fec2    0000004a     zcl_general.o (.text.zclGeneral_SendSceneResponse)
                  0001ff0c    00000048     libZStack_nwk_zed.a : aps_mede.o (.text.APSME_SetDefaultKey)
                  0001ff54    00000048                         : nl_mede.o (.text.NLME_LeaveReq)
                  0001ff9c    00000048                         : nl_mede.o (.text.NLME_LeaveRsp)
                  0001ffe4    00000048     rf_multiMode_cc13x2.a : rfc.c.cc13x2.ticlang.o (.text.NOROM_RFCSynthPowerDown)
                  0002002c    00000048     drivers_cc13x2.a : NVS.c.obj (.text.NVS_open)
                  00020074    00000048     osal_port.o (.text.OsalPort_heapFree)
                  000200bc    00000048     drivers_cc13x2.a : PWMTimerCC26XX.c.obj (.text.PWMTimerCC26XX_setDuty)
                  00020104    00000048                      : PowerCC26X2.c.obj (.text.PowerCC26XX_switchXOSC_HF)
                  0002014c    00000048                      : UART2.c.obj (.text.UART2_readFull)
                  00020194    00000048     zd_object.o (.text.ZDO_ProcessActiveEPReq)
                  000201dc    00000048     zd_profile.o (.text.ZDP_SendData)
                  00020224    00000048     zd_sec_mgr.o (.text.ZDSecMgrInitNV)
                  0002026c    00000048     libZStack_nwk_zed.a : aps_util.o (.text.apsProcessAck)
                  000202b4    00000048     bdb.o (.text.bdb_NetworkRestoredResumeState)
                  000202fc    00000048     bdb_reporting.o (.text.bdb_RepLoadCfgRecords)
                  00020344    00000048     bdb_reporting.o (.text.bdb_clusterEndpointArrayUpdateAt)
                  0002038c    00000048     bdb.o (.text.bdb_nwkAssocAttemt)
                  000203d4    00000048     bdb_finding_and_binding.o (.text.bdb_setEpDescListToActiveEndpoint)
                  0002041c    00000048     maclib_nosecure_cc13x2_2_4g_tirtos7.a : mac_rx_onoff.c.o (.text.macRxDisable)
                  00020464    00000048     libZStack_nwk_zed.a : nwk.o (.text.nwkBuildDataCnf)
                  000204ac    00000048                         : nwk_bufs.o (.text.nwk_broadcastReceive)
                  000204f4    00000048     rf_multiMode_cc13x2.a : rf_patch_cpe_ieee_802_15_4.c.cc13x2.ticlang.o (.text.rf_patch_cpe_ieee_802_15_4)
                  0002053c    00000048     zstacktask.o (.text.sendTcDeviceInd)
                  00020584    00000048     ti_sysbios_config.o (.text.ti_sysbios_family_arm_cc26xx_Timer_start)
                  000205cc    00000048     ti_sysbios_config.o (.text.ti_sysbios_knl_Task_schedule)
                  00020614    00000048     zcl.o (.text.zclParseInDiscAttrsExtRspCmd)
                  0002065c    00000048     zcl_samplelight.o (.text.zclSampleLight_TimeRateHelper)
                  000206a4    00000046     drivers_cc13x2.a : RingBuf.c.obj (.text.RingBuf_put)
                  000206ea    00000044     af.o (.text.AF_DataRequestSrcRtg)
                  0002072e    00000002     nwk_globals.o (.text.nwk_Status)
                  00020730    00000044     libZStack_nwk_zed.a : aps_mede_cb.o (.text.APSME_TransportKeyInd)
                  00020774    00000044                         : addr_mgr.o (.text.AddrMgrEntrySet)
                  000207b8    00000044     zstacktask.o (.text.BDBsendMsgToAllCBs)
                  000207fc    00000044     ti_sysbios_config.o (.text.BIOS_atExitFunc)
                  00020840    00000044     binding_table.o (.text.BindInitNV)
                  00020884    00000044     cui.o (.text.CUI_menuActionHelp)
                  000208c8    00000044     drivers_cc13x2.a : GPIOCC26XX.c.obj (.text.GPIO_getConfig)
                  0002090c    00000044                      : GPIOCC26X2.c.obj (.text.GPIO_hwiIntFxn)
                  00020950    00000044     libZStack_nwk_zed.a : nwk_util.o (.text.NLME_SetUpdateID)
                  00020994    00000044     driverlib.lib : prcm.c.obj (.text.NOROM_PRCMPowerDomainsAllOff)
                  000209d8    00000044                   : prcm.c.obj (.text.NOROM_PRCMPowerDomainsAllOn)
                  00020a1c    00000044     drivers_cc13x2.a : PWM.c.obj (.text.PWM_init)
                  00020a60    00000044     rf_multiMode_cc13x2.a : RFCC26X2_multiMode.c.cc13x2.ticlang.o (.text.RF_TxPowerTable_findValue)
                  00020aa4    00000044                           : RFCC26X2_multiMode.c.cc13x2.ticlang.o (.text.RF_cmdGet)
                  00020ae8    00000044                           : RFCC26X2_multiMode.c.cc13x2.ticlang.o (.text.RF_updatePowerupDuration)
                  00020b2c    00000044     libZStack_nwk_zed.a : rtg.o (.text.RTG_ValidateSrcRtg)
                  00020b70    00000044     drivers_cc13x2.a : SPI.c.obj (.text.SPI_init)
                  00020bb4    00000044     zmac.o (.text.ZMacSetReq)
                  00020bf8    00000044     bdb_finding_and_binding.o (.text.bdb_GetFBInitiatorStatus)
                  00020c3c    00000044     bdb_finding_and_binding.o (.text.bdb_SetIdentifyActiveEndpoint)
                  00020c80    00000044     binding_table.o (.text.bindRemoveClusterIdFromList)
                  00020cc4    00000044     zmac.o (.text.convertTxOptions)
                  00020d08    00000044     maclib_nosecure_cc13x2_2_4g_tirtos7.a : mac.c.o (.text.macRatDisableChannels)
                  00020d4c    00000044                                           : mac_rx.c.o (.text.macRxNokIsr)
                  00020d90    00000044                                           : mac_symbol_timer.c.o (.text.macSymbolTimerRealignIeee)
                  00020dd4    00000044                                           : mac_tx.c.o (.text.macTxUpdateIE)
                  00020e18    00000044     libZStack_nwk_zed.a : nwk_util.o (.text.nwkNeighborKeepPANID)
                  00020e5c    00000044                         : reflecttrack.o (.text.reflectTrack_RemoveEntry)
                  00020ea0    00000044     zstacktask.o (.text.sendZdoConcentratorInd)
                  00020ee4    00000044     ti_sysbios_config.o (.text.ti_sysbios_family_arm_m3_Hwi_Instance_finalize)
                  00020f28    00000044     ti_sysbios_config.o (.text.ti_sysbios_family_arm_m3_Hwi_construct2)
                  00020f6c    00000044     ti_sysbios_config.o (.text.ti_sysbios_family_arm_m3_Hwi_disableInterrupt)
                  00020fb0    00000044     ti_sysbios_config.o (.text.ti_sysbios_family_arm_m3_Hwi_enableInterrupt)
                  00020ff4    00000044     ti_sysbios_config.o (.text.ti_sysbios_knl_Swi_restore)
                  00021038    00000044     zcl_general.o (.text.zclGeneral_AddGroup)
                  0002107c    00000044     zcl_samplelight.o (.text.zclSampleLight_UpdateLedState)
                  000210c0    00000042     af.o (.text.afReflectError)
                  00021102    00000042     zcl.o (.text.zcl_DeviceOperational)
                  00021144    00000040     libZStack_nwk_zed.a : aps_mede.o (.text.APSDE_FrameSend)
                  00021184    00000040                         : addr_mgr.o (.text.AddrMgrInitNV)
                  000211c4    00000040                         : addr_mgr.o (.text.AddrMgrRestoreFromNV)
                  00021204    00000040     zstacktask.o (.text.BDBFilterNwkDescriptorsendMsgCB)
                  00021244    00000040     binding_table.o (.text.BindSetDefaultNV)
                  00021284    00000040     maclib_nosecure_cc13x2_2_4g_tirtos7.a : mac_timer.c.o (.text.MAC_PwrNextTimeout)
                  000212c4    00000040     main.o (.text.Main_assertHandler)
                  00021304    00000040     osal_port.o (.text.OsalPort_deleteTimer)
                  00021344    00000040     osal_port.o (.text.OsalPort_msgEnqueueMax)
                  00021384    00000040     drivers_cc13x2.a : PWM.c.obj (.text.PWM_open)
                  000213c4    00000040                      : PowerCC26X2_calibrateRCOSC.c.obj (.text.PowerCC26X2_RCOSC_clockFunc)
                  00021404    00000040                      : PowerCC26X2_calibrateRCOSC_helpers.c.obj (.text.PowerCC26X2_setAclkRefSrc)
                  00021444    00000040     libZStack_nwk_zed.a : rtg.o (.text.RTG_nextHopIsBad)
                  00021484    00000040     drivers_cc13x2.a : SPI.c.obj (.text.SPI_open)
                  000214c4    00000040     zd_app.o (.text.ZDApp_ProcessSecMsg)
                  00021504    00000040     zd_sec_mgr.o (.text.ZDSecMgrApsLinkKeyInit)
                  00021544    00000040     zd_sec_mgr.o (.text.ZDSecMgrEntryLookupExtGetIndex)
                  00021584    00000040     zmac.o (.text.ZMacInit)
                  000215c4    00000040     zmac.o (.text.ZMacReset)
                  00021604    00000040     libZStack_nwk_zed.a : aps_groups.o (.text.aps_RemoveGroup)
                  00021644    00000040     bdb_reporting.o (.text.bdb_linkedListAttrAdd)
                  00021684    00000040     binding_table.o (.text.bindFind)
                  000216c4    00000040     drivers_cc13x2.a : LED.c.obj (.text.clockTimeoutHandler)
                  00021704    00000040                      : NVSCC26XX.c.obj (.text.disableFlashCache)
                  00021744    00000040     maclib_nosecure_cc13x2_2_4g_tirtos7.a : mac_radio.c.o (.text.macRadioEnergyDetectStop)
                  00021784    00000040                                           : mac_radio_tx.c.o (.text.macRadioTxPrepSlotted)
                  000217c4    00000040                                           : mac_timer.c.o (.text.macTimerRecalcUnaligned)
                  00021804    00000040                                           : mac_tx.c.o (.text.macTxFrameIsr)
                  00021844    00000040     ti_sysbios_config.o (.text.ti_sysbios_knl_Clock_getTicksUntilInterrupt)
                  00021884    00000040     ti_sysbios_config.o (.text.ti_sysbios_knl_Task_exit)
[...]
20002a5f  zgApsNonMemberRadius                                               
20002a60  zgApsUseInsecureJoin                                               
20002a61  zgApscDupRejTimeoutCount                                           
20002a62  zgApscMaxFrameRetries                                              
20002a63  zgBcastDeliveryTime                                                
20002a64  zgBdbAttemptUnsecureRejoin                                         
20002a65  zgBdbMaxSecureRejoinAttempts                                       
20002a66  zgChildAgingEnable                                                 
20002a67  zgConcentratorDiscoveryTime                                        
20002a68  zgConcentratorEnable                                               
20002a69  zgConcentratorRC                                                   
20002a6a  zgConcentratorRadius                                               
20002a6b  zgDeviceLogicalType                                                
20002a6c  zgEndDeviceConfiguration                                           
20002a6d  zgEndDeviceKeepAliveMessagesPerTimeout                             
20002a6e  zgEndDeviceTimeoutValue                                            
20002a6f  zgIndirectMsgTimeout                                               
20002a70  zgMaxBcastRetires                                                  
20002a71  zgMaxDataRetries                                                   
20002a72  zgMaxMissingMacAckLinkFailure                                      
20002a73  zgNwkEndDeviceTimeoutDefault                                       
20002a74  zgNwkLeaveRequestAllowed                                           
20002a75  zgNwkMgrMinTransmissions                                           
20002a76  zgNwkMgrMode                                                       
20002a77  zgNwkParentInformation                                             
20002a78  zgNwkProcessLocalLeaveCnf                                          
20002a79  zgNwkSrcRtgExpiryTime                                              
20002a7a  zgPassiveAckTimeout                                                
20002a7b  zgPreConfigKeys                                                    
20002a7c  zgRouteDiscoveryTime                                               
20002a7d  zgRouteExpiryTime                                                  
20002a7e  zgRouterOffAssocCleanup                                            
20002a7f  zgRxAlwaysOn                                                       
20002a80  zgSapiEndpoint                                                     
20002a81  zgSecurePermitJoin                                                 
20002a82  zgStackProfile                                                     
20002a83  zgStartDelay                                                       
20002a84  zgZdoDirectCB                                                      
20003688  myTaskStack                                                        
20004240  AssociatedDevList                                                  
200049f8  ti_sysbios_knl_Idle_taskStack                                      
20004bf8  menuBuff                                                           
20004da0  uart2CC26X2Objects                                                 
20004f10  taskTbl                                                            
20005078  rtgTable                                                           
200052b8  spiCC26X2DMAObjects                                                
200053b8  enhancedAckBuf                                                     
200054b4  ti_sysbios_family_arm_m3_Hwi_dispatchTable                         
2000558c  LEDObjects                                                         
20005644  macPib                                                             
200056cc  trngCC26XXObjects                                                  
20005750  gpioCallbackFunctions                                              
200057cc  gpioUserArgs                                                       
20005848  _NIB                                                               
200058bc  neighborTable                                                      
2000592c  apsEndDeviceBroadcastTable                                         
20005a00  bdb_reportingClusterEndpointArray                                  
20005a64  rtgSrcTable                                                        
20005ac4  AIB_apsTrustCenterAddress                                          
20005ac8  ti_sysbios_knl_ClockSupport_timerStruct                            
20005b28  myTask                                                             
20005b80  stackTask                                                          
20005bd8  ti_sysbios_knl_Idle_taskStruct                                     
20005c30  macScan                                                            
20005e18  CryptoResourceCC26XX_accessSemaphore                               
20005e68  CryptoResourceCC26XX_operationSemaphore                            
20005eb8  rtDiscTable                                                        
20005f08  cuiMultiMenuData                                                   
20005f54  gptimerCC26XXObjects                                               
20005fa0  ButtonObjects                                                      
200061c0  RF_cmdIEEERx                                                       
2000623c  macBeaconCoord                                                     
20006278  BindingTable                                                       
200062b0  macDeviceAction1                                                   
2000631c  dcBucket                                                           
20006350  macBeaconDevice                                                    
20006384  macMgmtAction1                                                     
200063b4  macSrcExtAddrList                                                  
200063e4  ti_sysbios_knl_Swi_readyQs                                         
20006414  ti_sysbios_knl_Task_readyQs                                        
20006444  NVOCMP_nvHandle                                                    
20006472  bdb_reportingNextEventTimeout                                      
20006474  macCoord                                                           
200064a0  macDevice                                                          
200064cc  aesecbCC26XXObjects                                                
200064f4  nwk_pollRateTable                                                  
2000651c  ApsLinkKeyRAMEntry                                                 
20006540  TCLinkKeyRAMEntry                                                  
20006564  bcastHoldAckMask                                                   
20006588  zdoCBFunc                                                          
200065ec  RF_cmdIEEECsma                                                     
2000660c  RF_cmdRadioSetup                                                   
2000662c  RF_params                                                          
2000664c  macBeacon                                                          
2000666c  pwmTimerCC26XXObjects                                              
2000668c  udmaCC26XXObject                                                   
200066c8  BIOS_heapCallbackObject                                            
200066e4  BIOS_rtsGate                                                       
20006700  CryptoResourceCC26XX_hwi                                           
2000671c  macCoordAction2                                                    
20006738  macReset                                                           
20006754  macSrcShortAddrList                                                
20006770  stackSem                                                           
2000678c  RF_cmdFsRx                                                         
200067a4  RF_cmdFsTx                                                         
200067bc  RF_cmdIEEETx                                                       
200067d4  aesccmCC26XXObjects                                                
200067ec  macScanAction                                                      
20006804  rtgSrcRelayList                                                    
20006844  RF_cmdRxAckCmd                                                     
20006858  bdb_FindingBindingTargetSimpleDesc                                 
2000686c  macAckDbg                                                          
20006880  macDeviceAction2                                                   
20006894  macMgmtAction2                                                     
200068a8  macStatistics                                                      
200068ba  macRxDataEntryOffset                                               
200068bc  macBeaconDeviceAction                                              
200068cc  macCoordAction3                                                    
200068dc  macData                                                            
200068ec  macDataTxDelay                                                     
200068fc  macFrmFilter                                                       
2000690c  macRxOutputIeee                                                    
2000691c  nwk_beaconPayload                                                  
2000692c  ZDO_Config_Node_Descriptor                                         
20006946  macTxCsmaBackoffDelay                                              
20006948  coexMetricsStruct                                                  
20006954  macMain                                                            
20006960  nvsSPI25XObjects                                                   
2000696c  zclSampleLight_DstAddr                                             
20006978  ZDAppNwkAddr                                                       
20006982  bcastHoldHandle                                                    
2000698b  AIB_apsUseExtendedPANID                                            
20006993  ZDO_UseExtendedPANID                                               
2000699b  aExtendedAddress                                                   
200069a4  attrDefaultCfgRecordLinkedList                                     
200069ac  coexOverrideUseCases                                               
200069b4  macBeaconCoordAction1                                              
200069bc  macCoordAction1                                                    
200069c4  macRxDataEntryQueue                                                
200069cc  saveExtAddr                                                        
200069d4  HEAPMGR_SIZE                                                       
200069d8  NwkDescList                                                        
200069dc  PowerCC26XX_swiKey                                                 
200069e0  PowerCC26XX_taskKey                                                
200069e4  TRNG_handle                                                        
200069e8  ZAESCCM_handle                                                     
200069ec  ZAESECB_handle                                                     
200069f0  ZDO_Config_Power_Descriptor                                        
200069f4  _ScanChannels                                                      
200069f8  bdbCommissioningProcedureState                                     
200069fc  bdb_reportingAttrCfgRecordsArray                                   
20006a00  dcCritical                                                         
20006a04  dcLimited                                                          
20006a08  dcPtr                                                              
20006a0c  dcRegulated                                                        
20006a10  dcTimeUsed                                                         
20006a14  epList                                                             
20006a18  gAttrDataValue                                                     
20006a1c  gCuiHandle                                                         
20006a20  macPhyTxPower                                                      
20006a24  macPrevPeriodRatCount                                              
20006a28  macRfDrvTblPtr                                                     
20006a2c  macRxSymbol                                                        
20006a30  macSymbolTimerRollover                                             
20006a34  macSymbolTimerTrigger                                              
20006a38  macTimerActive                                                     
20006a3c  macTxTimestamp                                                     
20006a40  nwkDataBufQueue                                                    
20006a44  pClockHandleEDScan                                                 
20006a48  pMacRadioConfig                                                    
20006a4c  pMaxPower                                                          
20006a50  pRfMode                                                            
20006a54  pRfPowerTable                                                      
20006a58  pTasksEvents                                                       
20006a5c  runtimeChannel                                                     
20006a60  rxRadioBufferPtr                                                   
20006a64  ti_sysbios_knl_Task_defaultStackHeap                               
20006a68  ti_sysbios_runtime_System_atexitHandlers                           
20006a6c  timerAlignedQ                                                      
20006a70  timerUnalignedQ                                                    
20006a74  zclSampleLight_CurrentLevel32                                      
20006a78  zclSampleLight_Rate32                                              
20006a7c  rxCmdHandle                                                        
20006a7e  txCmdHandle                                                        
20006a80  zclSampleLight_IdentifyTime                                        
20006a82  zclSampleLight_LevelOffTransitionTime                              
20006a84  zclSampleLight_LevelOnOffTransitionTime                            
20006a86  zclSampleLight_LevelOnTransitionTime                               
20006a88  zclSampleLight_LevelRemainingTime                                  
20006a8d  AIB_apsUseInsecureJoin                                             
20006a8e  APS_Counter                                                        
20006a8f  APS_TaskID                                                         
20006a90  NVOCMP_size                                                        
20006a91  NWK_TaskID                                                         
20006a92  ZDAppTaskID                                                        
20006a93  ZDApp_LeaveCtrl                                                    
20006a94  _tmpRejoinState                                                    
20006a95  appServiceTaskId                                                   
20006a96  bdb_TaskID                                                         
20006a97  bdb_reportingAcceptDefaultConfs                                    
20006a98  bdb_reportingAttrCfgRecordsArrayCount                              
20006a99  bdb_reportingAttrCfgRecordsArrayMaxSize                            
20006a9a  bdb_reportingClusterEndpointArrayCount                             
20006a9b  bdb_reportingNextClusterEndpointIndex                              
20006a9c  dcStatus                                                           
20006a9d  gAction                                                            
20006a9e  lastRxPriority                                                     
20006a9f  lastTxPriority                                                     
20006aa0  macAckTxActive                                                     
20006aa1  macMgmt                                                            
20006aa2  macPanCoordinator                                                  
20006aa3  macPhyChannel                                                      
20006aa4  macPwr                                                             
20006aa5  macRxActive                                                        
20006aa6  macRxEnableFlags                                                   
20006aa7  macRxFilter                                                        
20006aa8  macRxOutgoingAckFlag                                               
20006aa9  macSpecUsecsPerSymbol                                              
20006aaa  macSrcResIndex                                                     
20006aab  macSymbolTimerImpending                                            
20006aac  macTaskId                                                          
20006aad  macTxActive                                                        
20006aae  macTxBe                                                            
20006aaf  macTxGpInterframeDelay                                             
20006ab0  macTxType                                                          
20006ab1  macUnitBackoffPeriod                                               
20006ab2  nvsCC26XXObjects                                                   
20006ab3  nwkStatus                                                          
20006ab4  rreqCounter                                                        
20006ab5  rxFhRsl                                                            
20006ab6  rxPromiscuousMode                                                  
20006ab7  rxSeqNum                                                           
20006ab8  stackServiceTaskId                                                 
20006ab9  txAckReq                                                           
20006aba  txSeqn                                                             
20006abb  zclSampleLight_LevelChangeCmd                                      
20006abc  zclSampleLight_LevelDefaultMoveRate                                
20006abd  zclSampleLight_LevelLastLevel                                      
20006abe  zclSampleLight_LevelOnLevel                                        
20006abf  zclSampleLight_NewLevel                                            
20006ac0  zclSampleLight_NewLevelUp                                          
20006ac1  zclSampleLight_WithOnOff                                           
20006ac2  zgUseDefaultTCLK                                                   
20006ac3  heapStart                                                          
20013c00  __stack                                                            
20013c00  heapEnd                                                            
20014000  __STACK_END                                                        
20014000  __STACK_TOP                                                        
ffffffff  __TI_pprof_out_hndl                                                
ffffffff  __TI_prof_data_size                                                
ffffffff  __TI_prof_data_start                                               
ffffffff  __binit__                                                          
ffffffff  binit                                                              
UNDEFED   ITM_flush                                                          
UNDEFED   ITM_restore                                                        
UNDEFED   __mpu_init                                                         

[2361 symbols]
