******************************************************************************
            TI ARM Clang Linker PC v4.0.0                      
******************************************************************************
>> Linked Wed Nov 13 16:42:05 2024

OUTPUT FILE NAME:   <simple_central_CC1352R1_LAUNCHXL_tirtos7_ticlang.out>
ENTRY POINT SYMBOL: "ResetISR"  address: 0001b09d


MEMORY CONFIGURATION

         name            origin    length      used     unused   attr    fill
----------------------  --------  ---------  --------  --------  ----  --------
  FLASH                 00000000   00056000  0002202d  00033fd3  R  X
  FLASH_LAST_PAGE       00056000   00002000  00000058  00001fa8  R  X
  RTOS_SRAM             20000000   0000012c  00000000  0000012c  RW X
  SRAM                  20000fdf   00013021  00002af8  00010529  RW X


SEGMENT ALLOCATION MAP

run origin  load origin   length   init length attrs members
----------  ----------- ---------- ----------- ----- -------
00000000    00000000    0001e030   0001e030    r-x
  00000000    00000000    0000003c   0000003c    r-- .resetVecs
  0000003c    0000003c    00000004   00000004    r-- .rodata.1
  00000040    00000040    0001b838   0001b838    r-x .text
  0001b878    0001b878    000023d9   000023d9    r-- .rodata.2
  0001dc54    0001dc54    000003dc   000003dc    r-- .cinit
00048000    00048000    00004000   00000000    rw-
  00048000    00048000    00004000   00000000    rw- .TI.bound:flashBuf0
00057fa8    00057fa8    00000058   00000058    r--
  00057fa8    00057fa8    00000058   00000058    r-- .ccfg
20001810    20001810    00000020   00000000    rw-
  20001810    20001810    00000010   00000000    rw- .TI.bound:dmaUart0RxControlTableEntry
  20001820    20001820    00000010   00000000    rw- .TI.bound:dmaUart0TxControlTableEntry
20001900    20001900    0000250f   00000000    rw-
  20001900    20001900    00000b63   00000000    rw- .data
  20002468    20002468    000019a7   00000000    rw- .bss
20003f00    20003f00    000000d8   00000000    rw-
  20003f00    20003f00    000000d8   00000000    rw- .ramVecs
20013c00    20013c00    00000400   00000000    rw-
  20013c00    20013c00    00000400   00000000    rw- .stack


SECTION ALLOCATION MAP

 output                                  attributes/
section   page    origin      length       input sections
--------  ----  ----------  ----------   ----------------
.resetVecs 
*          0    00000000    0000003c     
                  00000000    0000003c     ti_sysbios_config.o (.resetVecs)

.rodata.1 
*          0    0000003c    00000004     
                  0000003c    00000004     drivers_cc13x2.a : NVS.c.obj (.rodata.NVS_defaultParams)

.cinit     0    0001dc54    000003dc     
                  0001dc54    00000386     (.cinit..data.load) [load image, compression = lzss]
                  0001dfda    00000002     --HOLE-- [fill = 0]
                  0001dfdc    0000000c     (__TI_handler_table)
                  0001dfe8    00000008     (.cinit..TI.bound:dmaUart0RxControlTableEntry.load) [load image, compression = zero_init]
                  0001dff0    00000008     (.cinit..TI.bound:dmaUart0TxControlTableEntry.load) [load image, compression = zero_init]
                  0001dff8    00000008     (.cinit..bss.load) [load image, compression = zero_init]
                  0001e000    00000008     (.cinit..ramVecs.load) [load image, compression = zero_init]
                  0001e008    00000028     (__TI_cinit_table)

.init_array 
*          0    00000000    00000000     UNINITIALIZED

.ccfg      0    00057fa8    00000058     
                  00057fa8    00000058     ti_devices_config.o (.ccfg)

.data      0    20001900    00000b63     UNINITIALIZED
                  20001900    00000174     drivers_cc13x2.a : PowerCC26X2.c.obj (.data.PowerCC26X2_module)
                  20001a74    000000f4     StackWrapper.a : gapbondmgr.o (.data)
                  20001b68    000000b0     OneLib.a : gapgattserver.o (.data)
                  20001c18    0000007c     ti_drivers_config.o (.data.gpioPinConfigs)
                  20001c94    0000006c     OneLib.a : ll_config.o (.data)
                  20001d00    00000068     rf_multiMode_cc13x2.a : RFCC26X2_multiMode.c.cc13x2.ticlang.o (.data..L_MergedGlobals.1)
                  20001d68    00000068     ti_sysbios_config.o (.data..L_MergedGlobals.71)
                  20001dd0    00000068     ti_sysbios_config.o (.data..L_MergedGlobals)
                  20001e38    00000068     ti_sysbios_config.o (.data.ti_sysbios_knl_Clock_Module_state)
                  20001ea0    00000064     rf_multiMode_cc13x2.a : RFCC26X2_multiMode.c.cc13x2.ticlang.o (.data..L_MergedGlobals.3)
                  20001f04    00000058                           : RFCC26X2_multiMode.c.cc13x2.ticlang.o (.data..L_MergedGlobals.2)
                  20001f5c    00000054     ti_radio_config.o (.data.pOverrides_bleCommon)
                  20001fb0    00000050     ti_radio_config.o (.data.txPowerTable_2400_pa5)
                  20002000    00000044     simple_central.o (.data..L_MergedGlobals.66)
                  20002044    00000040     OneLib.a : gattservapp.o (.data)
                  20002084    00000040              : sm_pairing.o (.data)
                  200020c4    0000003c     icall.o (.data..L_MergedGlobals.1)
                  20002100    0000003c     icall_user_config.o (.data.nvintfFncStruct)
                  2000213c    0000003c     ti_sysbios_config.o (.data.ti_sysbios_knl_Task_Module_state)
                  20002178    00000038     drivers_cc13x2.a : TRNGCC26XX.c.obj (.data..L_MergedGlobals.1)
                  200021b0    00000030                      : TRNGCC26XX.c.obj (.data..L_MergedGlobals)
                  200021e0    00000028     nvocmp.o (.data..L_MergedGlobals.1)
                  20002208    00000028     board_key.o (.data..L_MergedGlobals)
                  20002230    00000028     simple_central.o (.data..L_MergedGlobals)
                  20002258    00000024     ble_user_config.o (.data.eccParams_NISTP256)
                  2000227c    0000001c     ti_radio_config.o (.data.pOverrides_ble2Mbps)
                  20002298    00000018     icall.o (.data..L_MergedGlobals)
                  200022b0    00000018     ti_radio_config.o (.data.pOverrides_ble1Mbps)
                  200022c8    00000015     ti_ble_config.o (.data.attDeviceName)
                  200022dd    00000001     drivers_cc13x2.a : AESCTRCC26XX.c.obj (.data.AESCTR_isInitialized)
                  200022de    00000002     ble_user_config.o (.data.bleUserCfg_maxPduSize)
                  200022e0    00000014     StackWrapper.a : osal.o (.data)
                  200022f4    00000013     display_cc13x2.a : DisplayUart2.c.obj (.data.DisplayUart2Ansi_escInitial)
                  20002307    00000001     nvocmp.o (.data.NVOCMP_failF)
                  20002308    00000010     driverlib.lib : osc.c.obj (.data..L_MergedGlobals)
                  20002318    00000010     ti_ble_config.o (.data..L_MergedGlobals)
                  20002328    00000010     ti_radio_config.o (.data.RF_modeBle)
                  20002338    00000010     driverlib.lib : osc.c.obj (.data._hposcCoeffs)
                  20002348    00000010     icall_user_config.o (.data.bleAppServiceInfoTable)
                  20002358    00000010     ti_radio_config.o (.data.pOverrides_bleCoded)
                  20002368    00000010     main.o (.data.user0Cfg)
                  20002378    00000010     OneLib.a : gattservapp.o (.data)
                  20002388    00000010              : ll_data.o (.data)
                  20002398    0000000c     drivers_cc13x2.a : NVSCC26XX.c.obj (.data..L_MergedGlobals)
                  200023a4    00000008     two_btn_menu.o (.data..L_MergedGlobals.7)
                  200023ac    00000008     icall_cc2650.o (.data..L_MergedGlobals)
                  200023b4    00000008     rf_multiMode_cc13x2.a : RFCC26X2_multiMode.c.cc13x2.ticlang.o (.data..L_MergedGlobals)
                  200023bc    00000008     two_btn_menu.o (.data..L_MergedGlobals)
                  200023c4    00000008     rf_multiMode_cc13x2.a : RFCC26X2_multiMode.c.cc13x2.ticlang.o (.data.RFCC26XX_schedulerPolicy)
                  200023cc    00000008     ti_sysbios_config.o (.data.ti_sysbios_gates_GateMutexPri_Module_state)
                  200023d4    00000008     ti_sysbios_config.o (.data.ti_sysbios_heaps_HeapCallback_Module_state)
                  200023dc    00000008     ti_sysbios_config.o (.data.ti_sysbios_knl_Event_state)
                  200023e4    00000008     ti_sysbios_config.o (.data.ti_sysbios_knl_Semaphore_Module_state)
                  200023ec    00000008     OneLib.a : gapgattserver.o (.data)
                  200023f4    00000008              : ll_master_end_causes.o (.data)
                  200023fc    00000008     StackWrapper.a : gapbondmgr.o (.data)
                  20002404    00000006     ti_ble_config.o (.data.pRandomAddress)
                  2000240a    00000005     display_cc13x2.a : DisplayUart2.c.obj (.data.DisplayUart2Ansi_escClearScreen)
                  2000240f    00000001     drivers_cc13x2.a : PKAResourceCC26XX.c.obj (.data.PKAResourceCC26XX_pollingFlag)
                  20002410    00000004     icall.o (.data.ICall_dispatcher)
                  20002414    00000004     drivers_cc13x2.a : PowerCC26X2.c.obj (.data.PowerCC26X2_rtcSubSecInc)
                  20002418    00000004     rf_multiMode_cc13x2.a : RFCC26X2_multiMode.c.cc13x2.ticlang.o (.data.RF_fsmActiveState.lfClockSourceLast)
                  2000241c    00000004     libc.a : aeabi_portable.c.obj (.data.__aeabi_errno)
                  20002420    00000004            : _lock.c.obj (.data._lock)
                  20002424    00000004            : _lock.c.obj (.data._unlock)
                  20002428    00000004     ble_user_config.o (.data.appAssertCback)
                  2000242c    00000004     board_key.o (.data.appKeyChangeHandler)
                  20002430    00000004     ble_user_config_stack.o (.data.icallServiceTblPtr)
                  20002434    00000004     icall_api_lite.o (.data.pRfErrCb)
                  20002438    00000004     icall_api_lite.o (.data.pfnBMAlloc)
                  2000243c    00000004     icall_api_lite.o (.data.pfnBMFree)
                  20002440    00000004     StackWrapper.a : hal_assert.o (.data)
                  20002444    00000002     OneLib.a : ll.o (.data)
                  20002446    00000002              : ll_config.o (.data)
                  20002448    00000002     StackWrapper.a : osal_cbtimer.o (.data)
                  2000244a    00000001     rf_multiMode_cc13x2.a : rf_patch_cpe_bt5.c.cc13x2.ticlang.o (.data.bBt5PatchEntered)
                  2000244b    00000001     drivers_cc13x2.a : GPIOCC26X2.c.obj (.data.initCalled)
                  2000244c    00000001                      : AESCCMCC26XX.c.obj (.data.isInitialized)
                  2000244d    00000001                      : AESCTRDRBGXX.c.obj (.data.isInitialized)
                  2000244e    00000001                      : AESECBCC26XX.c.obj (.data.isInitialized)
                  2000244f    00000001                      : CryptoResourceCC26XX.c.obj (.data.isInitialized)
                  20002450    00000001                      : ECDHCC26X2.c.obj (.data.isInitialized)
                  20002451    00000001                      : NVS.c.obj (.data.isInitialized)
                  20002452    00000001                      : PKAResourceCC26XX.c.obj (.data.isInitialized)
                  20002453    00000001     OneLib.a : gapgattserver.o (.data)
                  20002454    00000001              : gapgattserver.o (.data)
                  20002455    00000001              : gapgattserver.o (.data)
                  20002456    00000001              : gapgattserver.o (.data)
                  20002457    00000001              : gapgattserver.o (.data)
                  20002458    00000001              : gapgattserver.o (.data)
                  20002459    00000001              : gattservapp.o (.data)
                  2000245a    00000001              : gattservapp.o (.data)
                  2000245b    00000001              : ll.o (.data)
                  2000245c    00000001              : ll_ae.o (.data)
                  2000245d    00000001              : ll_data.o (.data)
                  2000245e    00000001              : ll_scheduler.o (.data)
                  2000245f    00000001              : sm_task.o (.data)
                  20002460    00000001     StackWrapper.a : gap.o (.data)
                  20002461    00000001                    : gap.o (.data)
                  20002462    00000001                    : hal_assert.o (.data)

.bss       0    20002468    000019a7     UNINITIALIZED
                  20002468    00000400     (.common:scTaskStack)
                  20002868    00000300     (.common:ti_sysbios_knl_Idle_taskStack)
                  20002b68    000002c0     rf_multiMode_cc13x2.a : RFCC26X2_multiMode.c.cc13x2.ticlang.o (.bss.RF_cmdPool)
                  20002e28    00000170     (.common:uart2CC26X2Objects)
                  20002f98    00000100     OneLib.a : ll.o (.bss)
                  20003098    000000d8     (.common:ti_sysbios_family_arm_m3_Hwi_dispatchTable)
                  20003170    000000a4     (.common:aesctrdrbgXXObjects)
                  20003214    000000a0              : ll_ae.o (.bss)
                  200032b4    00000084     (.common:trngCC26XXObjects)
                  20003338    00000080     simple_central.o (.bss.connList)
                  200033b8    00000080     ti_drivers_config.o (.bss.displayUART2Buffer)
                  20003438    0000007c     (.common:gpioCallbackFunctions)
                  200034b4    0000007c     (.common:gpioUserArgs)
                  20003530    00000078     StackWrapper.a : osal_cbtimer.o (.bss)
                  200035a8    00000068     rf_multiMode_cc13x2.a : RFCC26X2_multiMode.c.cc13x2.ticlang.o (.bss.RF_ratModule)
                  20003610    00000060     (.common:ti_sysbios_knl_ClockSupport_timerStruct)
                  20003670    00000058     (.common:scTask)
                  200036c8    00000058     (.common:ti_sysbios_knl_Idle_taskStruct)
                  20003720    00000050     (.common:CryptoResourceCC26XX_accessSemaphore)
                  20003770    00000050     (.common:CryptoResourceCC26XX_operationSemaphore)
                  200037c0    00000050     (.common:PKAResourceCC26XX_accessSemaphore)
                  20003810    00000050     (.common:PKAResourceCC26XX_operationSemaphore)
                  20003860    00000048     icall.o (.bss.ICall_entities)
                  200038a8    00000044     rf_multiMode_cc13x2.a : RFCC26X2_multiMode.c.cc13x2.ticlang.o (.bss.RF_clkInactivityObj)
                  200038ec    00000044                           : RFCC26X2_multiMode.c.cc13x2.ticlang.o (.bss.RF_clkPowerUpObj)
                  20003930    0000003c                           : RFCC26X2_multiMode.c.cc13x2.ticlang.o (.bss.RF_swiHwObj)
                  2000396c    0000003c     StackWrapper.a : osal_snv_wrapper.o (.bss)
                  200039a8    00000030     (.common:ti_sysbios_knl_Swi_readyQs)
                  200039d8    00000030     (.common:ti_sysbios_knl_Task_readyQs)
                  20003a08    0000002e     (.common:NVOCMP_nvHandle)
                  20003a36    00000002     OneLib.a : gapgattserver.o (.bss)
                  20003a38    00000028     (.common:aesecbCC26XXObjects)
                  20003a60    00000024              : ll.o (.bss)
                  20003a84    00000020     ti_drivers_config.o (.bss.uart2RxRingBuffer0)
                  20003aa4    00000020     ti_drivers_config.o (.bss.uart2TxRingBuffer0)
                  20003ac4    00000020     OneLib.a : gattservapp.o (.bss)
                  20003ae4    00000020     StackWrapper.a : gapbondmgr.o (.bss)
                  20003b04    00000020                    : gapbondmgr.o (.bss)
                  20003b24    00000020     (.common:ecdhCC26X2Objects)
                  20003b44    00000020     (.common:ti_sysbios_runtime_System_atexitHandlers)
                  20003b64    00000020     (.common:udmaCC26XXObject)
                  20003b84    0000001c     drivers_cc13x2.a : GPIOCC26X2.c.obj (.bss.gpioHwi)
                  20003ba0    0000001c     (.common:BIOS_heapCallbackObject)
                  20003bbc    0000001c     (.common:BIOS_rtsGate)
                  20003bd8    0000001c     (.common:CryptoResourceCC26XX_hwi)
                  20003bf4    0000001c     (.common:PKAResourceCC26XX_hwi)
                  20003c10    00000018     OneLib.a : gapgattserver.o (.bss)
                  20003c28    00000018     (.common:aesccmCC26XXObjects)
                  20003c40    00000014     drivers_cc13x2.a : Random.c.obj (.bss.state)
                  20003c54    00000014     (.common:scMenuAutoConnect)
                  20003c68    00000014     (.common:scMenuConnPhy)
                  20003c7c    00000014     (.common:scMenuConnect)
                  20003c90    00000014     (.common:scMenuGattWrite)
                  20003ca4    00000014     (.common:scMenuMain)
                  20003cb8    00000014     (.common:scMenuPerConn)
                  20003ccc    00000014     (.common:scMenuScanPhy)
                  20003ce0    00000014     (.common:scMenuSelectConn)
                  20003cf4    0000000f     util.o (.bss.Util_convertBdAddr2Str.str)
                  20003d03    00000001     OneLib.a : gap_scanner.o (.bss)
                  20003d04    0000000c              : ll.o (.bss)
                  20003d10    0000000c              : ll.o (.bss)
                  20003d1c    0000000c              : ll_scheduler.o (.bss)
                  20003d28    0000000c     (.common:displayUart2Object)
                  20003d34    00000008              : ll.o (.bss)
                  20003d3c    00000008              : ll.o (.bss)
                  20003d44    00000008              : ll_ae.o (.bss)
                  20003d4c    00000008     StackWrapper.a : gapbondmgr.o (.bss)
                  20003d54    00000004     simple_central.o (.bss.SimpleCentral_menuSwitchCb.pAddrs)
                  20003d58    00000004     drivers_cc13x2.a : ECDHCC26X2.c.obj (.bss.resultPKAMemAddr)
                  20003d5c    00000004     OneLib.a : gapgattserver.o (.bss)
                  20003d60    00000004              : gatt_client.o (.bss)
                  20003d64    00000004              : gattservapp.o (.bss)
                  20003d68    00000004              : linkdb.o (.bss)
                  20003d6c    00000004              : linkdb.o (.bss)
                  20003d70    00000004              : ll.o (.bss)
                  20003d74    00000004              : ll.o (.bss)
                  20003d78    00000004              : ll.o (.bss)
                  20003d7c    00000004              : ll.o (.bss)
                  20003d80    00000004              : ll.o (.bss)
                  20003d84    00000004              : ll_ae.o (.bss)
                  20003d88    00000004              : ll_common.o (.bss)
                  20003d8c    00000004              : ll_enc.o (.bss)
                  20003d90    00000004              : ll_privacy.o (.bss)
                  20003d94    00000004              : ll_scheduler.o (.bss)
                  20003d98    00000004     StackWrapper.a : gapbondmgr.o (.bss)
                  20003d9c    00000004                    : gapbondmgr.o (.bss)
                  20003da0    00000004                    : osal.o (.bss)
                  20003da4    00000004                    : osal.o (.bss)
                  20003da8    00000004                    : osal.o (.bss)
                  20003dac    00000004                    : osal.o (.bss)
                  20003db0    00000004                    : osal.o (.bss)
                  20003db4    00000004                    : osal.o (.bss)
                  20003db8    00000004                    : osal_bufmgr.o (.bss)
                  20003dbc    00000004                    : osal_bufmgr.o (.bss)
                  20003dc0    00000004                    : osal_clock.o (.bss)
                  20003dc4    00000004                    : osal_clock.o (.bss)
                  20003dc8    00000004                    : osal_timers.o (.bss)
                  20003dcc    00000004                    : osal_timers.o (.bss)
                  20003dd0    00000004                    : osal_timers.o (.bss)
                  20003dd4    00000004     (.common:HEAPMGR_SIZE)
                  20003dd8    00000004     (.common:PowerCC26XX_swiKey)
                  20003ddc    00000004     (.common:PowerCC26XX_taskKey)
                  20003de0    00000004     (.common:tasksEvents)
                  20003de4    00000004     (.common:ti_sysbios_family_arm_cc26xx_TimestampProvider_Module_state)
                  20003de8    00000004     (.common:ti_sysbios_knl_Task_defaultStackHeap)
                  20003dec    00000002     OneLib.a : ll.o (.bss)
                  20003dee    00000002              : ll_ae.o (.bss)
                  20003df0    00000002     StackWrapper.a : osal_pwrmgr.o (.bss)
                  20003df2    00000001     OneLib.a : gapgattserver.o (.bss)
                  20003df3    00000001              : gattservapp.o (.bss)
                  20003df4    00000001              : hci_tl.o (.bss)
                  20003df5    00000001              : hci_tl.o (.bss)
                  20003df6    00000001              : hci_tl.o (.bss)
                  20003df7    00000001              : hci_tl.o (.bss)
                  20003df8    00000001              : hci_tl.o (.bss)
                  20003df9    00000001              : hci_tl.o (.bss)
                  20003dfa    00000001              : ll.o (.bss)
                  20003dfb    00000001              : ll.o (.bss)
                  20003dfc    00000001              : ll.o (.bss)
                  20003dfd    00000001              : ll.o (.bss)
                  20003dfe    00000001              : ll.o (.bss)
                  20003dff    00000001              : ll_ae.o (.bss)
                  20003e00    00000001              : ll_config.o (.bss)
                  20003e01    00000001              : ll_config.o (.bss)
                  20003e02    00000001              : ll_enc.o (.bss)
                  20003e03    00000001              : ll_isr.o (.bss)
                  20003e04    00000001              : sm_task.o (.bss)
                  20003e05    00000001     StackWrapper.a : ble_dispatch_lite.o (.bss)
                  20003e06    00000001                    : gapbondmgr.o (.bss)
                  20003e07    00000001                    : gapbondmgr.o (.bss)
                  20003e08    00000001                    : hal_assert.o (.bss)
                  20003e09    00000001                    : osal.o (.bss)
                  20003e0a    00000001                    : osal_pwrmgr.o (.bss)
                  20003e0b    00000001     (.common:NVOCMP_size)
                  20003e0c    00000001     (.common:gAction)
                  20003e0d    00000001     (.common:nvsCC26XXObjects)
                  20003e0e    00000001     (.common:tbmRowItemLast)

.vtable    0    20003e0f    00000000     UNINITIALIZED

.vtable_ram 
*          0    20003e0f    00000000     UNINITIALIZED

vtable_ram 
*          0    20003e0f    00000000     UNINITIALIZED

.sysmem    0    20003e0f    00000000     UNINITIALIZED

.nonretenvar 
*          0    20003e0f    00000000     UNINITIALIZED

.ramVecs   0    20003f00    000000d8     UNINITIALIZED
                  20003f00    000000d8     ti_sysbios_config.o (.ramVecs)

.stack     0    20013c00    00000400     UNINITIALIZED
                  20013c00    00000004     sysbios.a : boot_cortex_m.c.obj (.stack)
                  20013c04    000003fc     --HOLE--

.TI.bound:flashBuf0 
*          0    00048000    00004000     UNINITIALIZED
                  00048000    00004000     ti_drivers_config.o (.TI.bound:flashBuf0)

.TI.bound:dmaUart0RxControlTableEntry 
*          0    20001810    00000010     UNINITIALIZED
                  20001810    00000010     ti_drivers_config.o (.TI.bound:dmaUart0RxControlTableEntry)

.TI.bound:dmaUart0TxControlTableEntry 
*          0    20001820    00000010     UNINITIALIZED
                  20001820    00000010     ti_drivers_config.o (.TI.bound:dmaUart0TxControlTableEntry)

.text      0    00000040    0001b838     
                  00000040    00000fdc     simple_central.o (.text.SimpleCentral_taskFxn)
                  0000101c    00000b40     StackWrapper.a : gapbondmgr.o (.text)
                  00001b5c    00000834     OneLib.a : ll_scheduler.o (.text)
                  00002390    000006f4     StackWrapper.a : gapbondmgr.o (.text)
                  00002a84    00000510     OneLib.a : ble.o (.text)
                  00002f94    00000498              : ll_isr.o (.text)
                  0000342c    00000490     rf_multiMode_cc13x2.a : RFCC26X2_multiMode.c.cc13x2.ticlang.o (.text.RF_fsmActiveState)
                  000038bc    00000458     OneLib.a : ll.o (.text)
                  00003d14    00000424              : ll_scheduler.o (.text)
                  00004138    000003c0              : ll_ae.o (.text)
                  000044f8    00000398              : ble.o (.text)
                  00004890    0000035c     ti_sysbios_config.o (.text.ti_sysbios_runtime_System_doPrint)
                  00004bec    00000342     OneLib.a : ll_ae.o (.text)
                  00004f2e    00000002     ti_sysbios_config.o (.text.BIOS_nullFunc)
                  00004f30    000002f0     OneLib.a : ll_master_end_causes.o (.text)
                  00005220    000002c0     simple_central_menu.o (.text.SimpleCentral_buildMenu)
                  000054e0    000002b0     nvocmp.o (.text.NVOCMP_initNvApi)
                  00005790    000002b0     StackWrapper.a : gapbondmgr.o (.text)
                  00005a40    000002ac     OneLib.a : ll.o (.text)
                  00005cec    000002a8     rf_multiMode_cc13x2.a : RFCC26X2_multiMode.c.cc13x2.ticlang.o (.text.RF_open)
                  00005f94    0000029c     OneLib.a : ll_isr.o (.text)
                  00006230    00000284     nvocmp.o (.text.NVOCMP_compactPage)
                  000064b4    00000284     OneLib.a : ll_common.o (.text)
                  00006738    0000025c     StackWrapper.a : gapbondmgr.o (.text)
                  00006994    0000024c     nvocmp.o (.text.NVOCMP_addItem)
                  00006be0    00000244     OneLib.a : ll_ae.o (.text)
                  00006e24    00000234              : ll_data.o (.text)
                  00007058    00000220     drivers_cc13x2.a : ECDHCC26X2.c.obj (.text.ECDHCC26X2_hwiFxn)
                  00007278    00000204     OneLib.a : gattservapp.o (.text)
                  0000747c    000001f4              : ll.o (.text)
                  00007670    000001f0     drivers_cc13x2.a : UART2CC26X2.c.obj (.text.UART2CC26X2_hwiIntFxn)
                  00007860    000001e8     rf_multiMode_cc13x2.a : RFCC26X2_multiMode.c.cc13x2.ticlang.o (.text.RF_scheduleCmd)
                  00007a48    000001e0     StackWrapper.a : osal.o (.text)
                  00007c28    000001dc     rf_multiMode_cc13x2.a : RFCC26X2_multiMode.c.cc13x2.ticlang.o (.text.RF_dispatchNextCmd)
                  00007e04    000001d4     OneLib.a : ll_isr.o (.text)
                  00007fd8    000001c0     ble_user_config_stack.o (.text.setBleUserConfig)
                  00008198    000001b6     libclang_rt.builtins.a : adddf3.S.obj (.text.adddf3_subdf3)
                  0000834e    00000002     ti_drivers_config.o (.text.Board_initHook)
                  00008350    000001a4     OneLib.a : ll_isr.o (.text)
                  000084f4    000001a0     drivers_cc13x2.a : AESECBCC26XX.c.obj (.text.AESECB_addDataInternal)
                  00008694    00000198     OneLib.a : ll_common.o (.text)
                  0000882c    00000196              : ll_common.o (.text)
                  000089c2    00000002     ble_user_config.o (.text.DefaultAssertCback)
                  000089c4    00000194     drivers_cc13x2.a : PowerCC26X2_calibrateRCOSC.c.obj (.text.PowerCC26X2_auxISR)
                  00008b58    0000018c                      : UART2CC26X2.c.obj (.text.UART2_open)
                  00008ce4    0000018c     OneLib.a : gap_task.o (.text)
                  00008e70    00000188     drivers_cc13x2.a : AESCCMCC26XX.c.obj (.text.AESCCM_startOperation)
                  00008ff8    00000184     OneLib.a : ll_master_end_causes.o (.text)
                  0000917c    0000017c     drivers_cc13x2.a : ECDHCC26X2.c.obj (.text.ECDH_computeSharedSecret)
                  000092f8    0000017c     OneLib.a : sm_intpairing.o (.text)
                  00009474    00000178              : gattservapp.o (.text)
                  000095ec    00000174     drivers_cc13x2.a : UART2.c.obj (.text.UART2_writeTimeoutBlocking)
                  00009760    00000174     OneLib.a : ll_scheduler.o (.text)
                  000098d4    0000016c              : ll.o (.text)
                  00009a40    0000016c              : ll_ae.o (.text)
                  00009bac    00000158     drivers_cc13x2.a : AESCTRCC26XX.c.obj (.text.AESCTR_processData)
                  00009d04    00000158                      : PowerCC26X2.c.obj (.text.Power_sleep)
                  00009e5c    00000158     OneLib.a : ll_common.o (.text)
                  00009fb4    00000150              : ll_isr.o (.text)
                  0000a104    0000014c     icall.o (.text.ICall_waitMatch)
                  0000a250    0000014c     rf_multiMode_cc13x2.a : RFCC26X2_multiMode.c.cc13x2.ticlang.o (.text.RF_radioOpDoneCb)
                  0000a39c    00000144     simple_central.o (.text.SimpleCentral_menuSwitchCb)
                  0000a4e0    00000144     StackWrapper.a : osal.o (.text)
                  0000a624    00000140     OneLib.a : gattservapp.o (.text)
                  0000a764    00000140     StackWrapper.a : gap.o (.text)
                  0000a8a4    00000004     drivers_cc13x2.a : AESCTRDRBGXX.c.obj (.text.AESCTRDRBG_getBytes)
                  0000a8a8    0000013c     ti_sysbios_config.o (.text.ti_sysbios_runtime_System_printfExtend)
                  0000a9e4    00000138     rf_multiMode_cc13x2.a : RFCC26X2_multiMode.c.cc13x2.ticlang.o (.text.RF_abortCmd)
                  0000ab1c    00000134                           : RFCC26X2_multiMode.c.cc13x2.ticlang.o (.text.RF_ratSetupChannel)
                  0000ac50    00000130     OneLib.a : l2cap_util.o (.text)
                  0000ad80    00000130              : ll_isr.o (.text)
                  0000aeb0    0000012c     rf_multiMode_cc13x2.a : RFCC26X2_multiMode.c.cc13x2.ticlang.o (.text.RF_close)
                  0000afdc    0000012c     drivers_cc13x2.a : TRNGCC26XX.c.obj (.text.TRNGCC26XX_hwiFxn)
                  0000b108    00000124     rf_multiMode_cc13x2.a : RFCC26X2_multiMode.c.cc13x2.ticlang.o (.text.RF_fsmSetupState)
                  0000b22c    00000120     nvocmp.o (.text.NVOCMP_findItem)
                  0000b34c    00000120     OneLib.a : ll_data.o (.text)
                  0000b46c    0000011c     ti_sysbios_config.o (.text.ti_sysbios_family_arm_cc26xx_Timer_construct)
                  0000b588    0000011c     sysbios.a : Hwi_asm_gcc.s.obj (.text.ti_sysbios_family_arm_m3_Hwi_dispatch)
                  0000b6a4    00000118     drivers_cc13x2.a : PowerCC26X2.c.obj (.text.Power_init)
                  0000b7bc    00000118     rf_multiMode_cc13x2.a : RFCC26X2_multiMode.c.cc13x2.ticlang.o (.text.RF_decodeOverridePointers)
                  0000b8d4    00000118     drivers_cc13x2.a : UART2.c.obj (.text.UART2_writeTimeoutNonblocking)
                  0000b9ec    00000114     OneLib.a : ll_common.o (.text)
                  0000bb00    00000114              : ll_isr.o (.text)
                  0000bc14    00000110              : ll_isr.o (.text)
                  0000bd24    0000010c     drivers_cc13x2.a : ECDHCC26X2.c.obj (.text.ECDH_generatePublicKey)
                  0000be30    0000010c                      : PowerCC26X2_calibrateRCOSC.c.obj (.text.PowerCC26X2_calibrate)
                  0000bf3c    0000010a     OneLib.a : gatt_client.o (.text)
                  0000c046    00000002     display_cc13x2.a : DisplayUart2.c.obj (.text.DisplayUart2Ansi_init)
                  0000c048    00000108     drivers_cc13x2.a : NVSCC26XX.c.obj (.text.NVSCC26XX_write)
                  0000c150    00000108     rf_multiMode_cc13x2.a : RFCC26X2_multiMode.c.cc13x2.ticlang.o (.text.RF_fsmPowerUpState)
                  0000c258    00000104     drivers_cc13x2.a : GPIOCC26X2.c.obj (.text.GPIO_init)
                  0000c35c    00000104                      : UART2CC26X2.c.obj (.text.UART2CC26X2_initHw)
                  0000c460    00000102                      : AESCTRDRBGXX.c.obj (.text.AESCTRDRBG_getRandomBytes)
                  0000c562    000000fe     OneLib.a : ll_scheduler.o (.text)
                  0000c660    000000fc     rf_multiMode_cc13x2.a : RFCC26X2_multiMode.c.cc13x2.ticlang.o (.text.RF_hwiCpe0Active)
                  0000c75c    000000fc     libclang_rt.builtins.a : muldf3.S.obj (.text.__muldf3)
                  0000c858    000000f8     OneLib.a : ll_scheduler.o (.text)
                  0000c950    000000f4     drivers_cc13x2.a : TRNGCC26XX.c.obj (.text.TRNG_getRandom)
                  0000ca44    000000f0                      : UART2CC26X2.c.obj (.text.UART2Support_dmaStartRx)
                  0000cb34    000000f0     ti_sysbios_config.o (.text.ti_sysbios_knl_Event_pend)
                  0000cc24    000000f0     OneLib.a : ll_ae.o (.text)
                  0000cd14    000000f0              : ll_master_end_causes.o (.text)
                  0000ce04    000000f0     StackWrapper.a : gapbondmgr.o (.text)
                  0000cef4    000000ec     OneLib.a : ll_common.o (.text)
                  0000cfe0    000000ec              : ll_common.o (.text)
                  0000d0cc    000000e8     drivers_cc13x2.a : AESCTRDRBGXX.c.obj (.text.AESCTRDRBG_construct)
                  0000d1b4    000000e8     simple_central.o (.text.SimpleCentral_doAutoConnect)
                  0000d29c    000000e8     ti_ble_config.o (.text.setBondManagerParameters)
                  0000d384    000000e4     ti_sysbios_config.o (.text.ti_sysbios_knl_Semaphore_pend)
                  0000d468    000000e2     OneLib.a : gapgattserver.o (.text)
                  0000d54a    00000002     rom_init.o (.text.MAP_HCI_CteRequestFailedEvent)
                  0000d54c    000000e0     driverlib.lib : sys_ctrl.c.obj (.text.NOROM_SysCtrlStandby)
                  0000d62c    000000e0     OneLib.a : ll_isr.o (.text)
                  0000d70c    000000e0              : ll_scheduler.o (.text)
                  0000d7ec    000000e0     StackWrapper.a : osal_timers.o (.text)
                  0000d8cc    000000dc     rf_multiMode_cc13x2.a : RFCC26X2_multiMode.c.cc13x2.ticlang.o (.text.RF_control)
                  0000d9a8    000000dc     OneLib.a : ll_ae.o (.text)
                  0000da84    000000d8     ti_sysbios_config.o (.text.ti_sysbios_family_arm_m3_Hwi_excFillContext)
                  0000db5c    000000d8     OneLib.a : ll_common.o (.text)
                  0000dc34    000000d6     drivers_cc13x2.a : AESCTRDRBGXX.c.obj (.text.AESCTRDRBG_reseed)
                  0000dd0a    00000002     rom_init.o (.text.MAP_LL_SDAA_HandleSDAALastCmdDone)
                  0000dd0c    000000d0     driverlib.lib : aes.c.obj (.text.NOROM_AESWriteToKeyStore)
                  0000dddc    000000d0                   : setup.c.obj (.text.NOROM_SetupTrimDevice)
                  0000deac    000000d0     drivers_cc13x2.a : PowerCC26X2.c.obj (.text.configureXOSCHF)
                  0000df7c    000000d0     OneLib.a : ll_ae.o (.text)
                  0000e04c    000000cc     ti_sysbios_config.o (.text.ti_sysbios_knl_Clock_workFuncDynamic)
                  0000e118    000000cc     OneLib.a : hci_event.o (.text)
                  0000e1e4    000000cc     StackWrapper.a : osal.o (.text)
                  0000e2b0    000000ca     rf_multiMode_cc13x2.a : RFCC26X2_multiMode.c.cc13x2.ticlang.o (.text.RF_updatePaConfiguration)
                  0000e37a    00000002     rom_init.o (.text.MAP_LL_SDAA_Init)
                  0000e37c    000000c8     OneLib.a : gap_scanner.o (.text)
                  0000e444    000000c8              : ll.o (.text)
                  0000e50c    000000c4              : gapgattserver.o (.text)
                  0000e5d0    000000c4              : ll_ae.o (.text)
                  0000e694    000000c0     main.o (.text.AssertHandler)
                  0000e754    000000c0     icall.o (.text.ICall_enrollService)
                  0000e814    000000c0     OneLib.a : ll.o (.text)
                  0000e8d4    000000c0              : ll_scheduler.o (.text)
                  0000e994    000000bc     rf_multiMode_cc13x2.a : RFCC26X2_multiMode.c.cc13x2.ticlang.o (.text.RF_swiHw)
                  0000ea50    000000bc     drivers_cc13x2.a : UART2CC26X2.c.obj (.text.UART2Support_dmaStartTx)
                  0000eb0c    000000bc     OneLib.a : ble.o (.text)
                  0000ebc8    000000bc              : ll_ecc.o (.text)
                  0000ec84    000000b8     ti_sysbios_config.o (.text.ti_sysbios_knl_Task_Instance_finalize)
                  0000ed3c    000000b8     ti_sysbios_config.o (.text.ti_sysbios_knl_Task_setPri)
                  0000edf4    000000b8     OneLib.a : gap_scanner.o (.text)
                  0000eeac    000000b8              : ll.o (.text)
                  0000ef64    000000b8     StackWrapper.a : gattservapp_util.o (.text)
                  0000f01c    000000b4     drivers_cc13x2.a : ECDHCC26X2.c.obj (.text.ECDHCC26X2_getKeyResult)
                  0000f0d0    000000b4     ti_sysbios_config.o (.text.PowerCC26XX_standbyPolicy)
                  0000f184    000000b4     StackWrapper.a : gapbondmgr.o (.text)
                  0000f238    000000b0     drivers_cc13x2.a : PowerCC26X2.c.obj (.text.Power_setDependency)
                  0000f2e8    000000b0     driverlib.lib : setup.c.obj (.text.TrimAfterColdResetWakeupFromShutDown)
                  0000f398    000000b0     OneLib.a : ll.o (.text)
                  0000f448    000000b0              : ll_enc.o (.text)
                  0000f4f8    000000b0     StackWrapper.a : gapbondmgr.o (.text)
                  0000f5a8    000000b0     libclang_rt.builtins.a : udivmoddi4.S.obj (.text)
                  0000f658    000000ac     drivers_cc13x2.a : PowerCC26X2.c.obj (.text.Power_releaseDependency)
                  0000f704    000000ac     rf_multiMode_cc13x2.a : RFCC26X2_multiMode.c.cc13x2.ticlang.o (.text.RF_pendCmd)
                  0000f7b0    000000ac     OneLib.a : ll_scheduler.o (.text)
                  0000f85c    000000ac     StackWrapper.a : gapbondmgr.o (.text)
                  0000f908    000000a8     OneLib.a : gattservapp.o (.text)
                  0000f9b0    000000a8              : hci_data.o (.text)
                  0000fa58    000000a8              : ll.o (.text)
                  0000fb00    000000a8              : ll_common.o (.text)
                  0000fba8    000000a8     StackWrapper.a : osal_cbtimer.o (.text)
                  0000fc50    000000a4     drivers_cc13x2.a : AESCTRCC26XX.c.obj (.text.AESCTR_startOneStepOperation)
                  0000fcf4    000000a4     icall.o (.text.ICall_heapMalloc)
                  0000fd98    000000a4     rf_multiMode_cc13x2.a : RFCC26X2_multiMode.c.cc13x2.ticlang.o (.text.RF_initRadioSetup)
                  0000fe3c    000000a4     ti_sysbios_config.o (.text.ti_sysbios_knl_Task_Instance_init)
                  0000fee0    000000a4     OneLib.a : ll_ae.o (.text)
                  0000ff84    000000a0     rf_multiMode_cc13x2.a : RFCC26X2_multiMode.c.cc13x2.ticlang.o (.text.RF_calculateDispatchTime)
                  00010024    000000a0     simple_central.o (.text.SimpleCentral_doConnUpdate)
                  000100c4    000000a0     OneLib.a : ll_common.o (.text)
                  00010164    000000a0              : ll_scheduler.o (.text)
                  00010204    000000a0              : ll_scheduler.o (.text)
                  000102a4    0000009c     display_cc13x2.a : DisplayUart2.c.obj (.text.DisplayUart2Ansi_clearLines)
                  00010340    0000009c     OneLib.a : ll_common.o (.text)
                  000103dc    0000009c              : ll_ecc.o (.text)
                  00010478    0000009c              : ll_isr.o (.text)
                  00010514    0000009a     drivers_cc13x2.a : UART2.c.obj (.text.UART2_writeCancel)
                  000105ae    00000002     rom_init.o (.text.MAP_LL_SDAA_RecordTxUsage)
                  000105b0    00000098     nvocmp.o (.text.NVOCMP_erase)
                  00010648    00000098     rf_multiMode_cc13x2.a : RFCC26X2_multiMode.c.cc13x2.ticlang.o (.text.RF_defaultSubmitPolicy)
                  000106e0    00000098     drivers_cc13x2.a : UART2CC26X2.c.obj (.text.UART2_close)
                  00010778    00000098     OneLib.a : gatt_server.o (.text)
                  00010810    00000098              : gattservapp.o (.text)
                  000108a8    00000098              : hci_event.o (.text)
                  00010940    00000096     rf_multiMode_cc13x2.a : RFCC26X2_multiMode.c.cc13x2.ticlang.o (.text.RF_verifyGap)
                  000109d6    00000002     rom_init.o (.text.MAP_LL_SDAA_SampleRXWindow)
                  000109d8    00000094     rf_multiMode_cc13x2.a : RFCC26X2_multiMode.c.cc13x2.ticlang.o (.text.RF_ratRestartChannels)
                  00010a6c    00000094     ti_sysbios_config.o (.text.ti_sysbios_knl_Clock_startI)
                  00010b00    00000094     OneLib.a : ll.o (.text)
                  00010b94    00000094              : ll_ae.o (.text)
                  00010c28    00000094              : ll_common.o (.text)
                  00010cbc    00000092              : gap_task.o (.text)
                  00010d4e    00000002     rom_init.o (.text.MAP_llClearPeriodicAdvSets)
                  00010d50    00000090     display_cc13x2.a : DisplayUart2.c.obj (.text.DisplayUart2Ansi_vprintf)
                  00010de0    00000090     drivers_cc13x2.a : GPIOCC26XX.c.obj (.text.GPIO_setConfigAndMux)
                  00010e70    00000090     osal_icall_ble.o (.text.osalInitTasks)
                  00010f00    00000090     OneLib.a : ll.o (.text)
                  00010f90    00000090              : ll_common.o (.text)
                  00011020    0000008c     simple_central.o (.text.SimpleCentral_autoConnect)
                  000110ac    0000008c     simple_central.o (.text.SimpleCentral_doSelectConn)
                  00011138    0000008c     drivers_cc13x2.a : TRNGCC26XX.c.obj (.text.TRNG_construct)
                  000111c4    0000008c     OneLib.a : ll_ae.o (.text)
                  00011250    00000088     rf_multiMode_cc13x2.a : RFCC26X2_multiMode.c.cc13x2.ticlang.o (.text.RF_cmdDispatchTime)
                  000112d8    00000088                           : RFCC26X2_multiMode.c.cc13x2.ticlang.o (.text.RF_discardPendCmd)
                  00011360    00000088     simple_central.o (.text.SimpleCentral_doGattWrite)
                  000113e8    00000088     StackWrapper.a : osal_cbtimer.o (.text)
                  00011470    00000084     icall.o (.text.ICall_setTimer)
                  000114f4    00000084     rf_multiMode_cc13x2.a : RFCC26X2_multiMode.c.cc13x2.ticlang.o (.text.RF_getInfo)
                  00011578    00000080     drivers_cc13x2.a : AESCTRCC26XX.c.obj (.text.AESCTR_hwiFxn)
                  000115f8    00000080                      : UART2CC26X2.c.obj (.text.UART2Support_dmaStopTx)
                  00011678    00000080                      : NVSCC26XX.c.obj (.text.doErase)
                  000116f8    00000080     ti_sysbios_config.o (.text.ti_sysbios_family_arm_m3_Hwi_initNVIC)
                  00011778    00000080     ti_sysbios_config.o (.text.ti_sysbios_gates_GateMutexPri_enter)
                  000117f8    00000080     ti_sysbios_config.o (.text.ti_sysbios_knl_Clock_init)
                  00011878    00000080     OneLib.a : ll_common.o (.text)
                  000118f8    00000080              : ll_enc.o (.text)
                  00011978    0000007e     nvocmp.o (.text.NVOCMP_readHeader)
                  000119f6    0000007e     OneLib.a : gap_task.o (.text)
                  00011a74    0000007c     rf_multiMode_cc13x2.a : RFCC26X2_multiMode.c.cc13x2.ticlang.o (.text.RF_ratDisableChannel)
                  00011af0    0000007c     simple_central.o (.text.SimpleCentral_doRssiRead)
                  00011b6c    0000007c     icall.o (.text.icall_directAPI)
                  00011be8    0000007c     two_btn_menu.o (.text.tbm_displayItemPage)
                  00011c64    0000007c     ti_sysbios_config.o (.text.ti_sysbios_family_arm_m3_Hwi_postInit)
                  00011ce0    0000007c     OneLib.a : ll.o (.text)
                  00011d5c    0000007c              : ll.o (.text)
                  00011dd8    0000007c     StackWrapper.a : gapbondmgr.o (.text)
                  00011e54    0000007a     drivers_cc13x2.a : AESCTRDRBGXX.c.obj (.text.AESCTRDRBGXX_updateState)
                  00011ece    00000002     rom_init.o (.text.MAP_llClearPeriodicScanSets)
                  00011ed0    00000078     board_key.o (.text.Board_initKeys)
                  00011f48    00000078     icall.o (.text.ICall_createRemoteTasksAtRuntime)
                  00011fc0    00000078     icall.o (.text.ICall_heapInit)
                  00012038    00000078     driverlib.lib : chipinfo.c.obj (.text.NOROM_ChipInfo_GetChipType)
                  000120b0    00000078                   : sys_ctrl.c.obj (.text.NOROM_SysCtrlSetRechargeBeforePowerDown)
                  00012128    00000078     drivers_cc13x2.a : NVSCC26XX.c.obj (.text.NVSCC26XX_open)
                  000121a0    00000078     rf_multiMode_cc13x2.a : RFCC26X2_multiMode.c.cc13x2.ticlang.o (.text.RF_ratFreeChannel)
                  00012218    00000078     ti_sysbios_config.o (.text.ti_sysbios_knl_Task_postInit)
                  00012290    00000078     OneLib.a : l2cap_task.o (.text)
                  00012308    00000078              : ll_common.o (.text)
                  00012380    00000078     StackWrapper.a : osal_bufmgr.o (.text)
                  000123f8    00000076     OneLib.a : gattservapp.o (.text)
                  0001246e    00000076              : ll_common.o (.text)
                  000124e4    00000076     StackWrapper.a : gap.o (.text)
                  0001255a    00000002     rom_init.o (.text.MAP_llCoexInit)
                  0001255c    00000074     nvocmp.o (.text.NVOCMP_readItemApi)
                  000125d0    00000074     drivers_cc13x2.a : PowerCC26X2_calibrateRCOSC_helpers.c.obj (.text.PowerCC26X2_updateSubSecInc)
                  00012644    00000074     rf_multiMode_cc13x2.a : RFCC26X2_multiMode.c.cc13x2.ticlang.o (.text.RF_hwiHw)
                  000126b8    00000074     simple_central.o (.text.SimpleCentral_doConnect)
                  0001272c    00000074     ti_sysbios_config.o (.text.ti_sysbios_knl_Swi_restoreHwi)
                  000127a0    00000074     ti_sysbios_config.o (.text.ti_sysbios_knl_Task_startup)
                  00012814    00000074     OneLib.a : gatt_server.o (.text)
                  00012888    00000074              : ll.o (.text)
                  000128fc    00000074              : ll_common.o (.text)
                  00012970    00000074              : ll_common.o (.text)
                  000129e4    00000074              : ll_enc.o (.text)
                  00012a58    00000074     StackWrapper.a : osal_cbtimer.o (.text)
                  00012acc    00000074     libc.a : copy_decompress_lzss.c.obj (.text:decompress:lzss)
                  00012b40    00000070     drivers_cc13x2.a : AESCCMCC26XX.c.obj (.text.AESCCM_cleanup)
                  00012bb0    00000070                      : AESCTRCC26XX.c.obj (.text.AESCTR_construct)
                  00012c20    00000070                      : AESECBCC26XX.c.obj (.text.AESECB_construct)
                  00012c90    00000070     icall_cc2650.o (.text.ICallPlatform_pwrUpdActivityCounter)
                  00012d00    00000070     icall.o (.text.ICall_sendServiceComplete)
                  00012d70    00000070     ti_sysbios_config.o (.text.ti_sysbios_family_arm_m3_Hwi_Instance_init)
                  00012de0    00000070     ti_sysbios_config.o (.text.ti_sysbios_runtime_System_formatNum)
                  00012e50    00000070     OneLib.a : ll_ae.o (.text)
                  00012ec0    00000070              : ll_enc.o (.text)
                  00012f30    00000070     StackWrapper.a : osal.o (.text)
                  00012fa0    0000006c     drivers_cc13x2.a : AESECBCC26XX.c.obj (.text.AESECB_hwiFxn)
                  0001300c    0000006c     nvocmp.o (.text.NVOCMP_eraseNvApi)
                  00013078    0000006c     nvocmp.o (.text.NVOCMP_writeItemApi)
                  000130e4    0000006c     rf_multiMode_cc13x2.a : RFCC26X2_multiMode.c.cc13x2.ticlang.o (.text.RF_issueRadioFreeCb)
                  00013150    0000006c     drivers_cc13x2.a : Random.c.obj (.text.Random_seedAutomatic)
                  000131bc    0000006c                      : PowerCC26X2.c.obj (.text.oscillatorISR)
                  00013228    0000006c     ti_sysbios_config.o (.text.ti_sysbios_family_arm_m3_Hwi_dispatchC)
                  00013294    0000006c     OneLib.a : gap_linkmgr.o (.text)
                  00013300    0000006c              : gatt_server.o (.text)
                  0001336c    0000006c              : ll_isr.o (.text)
                  000133d8    0000006c              : ll_scheduler.o (.text)
                  00013444    0000006c              : ll_scheduler.o (.text)
                  000134b0    0000006c     StackWrapper.a : osal_cbtimer.o (.text)
                  0001351c    00000068     icall.o (.text.ICall_send)
                  00013584    00000068     rf_multiMode_cc13x2.a : RFCC26X2_multiMode.c.cc13x2.ticlang.o (.text.RF_detachOverrides)
                  000135ec    00000068     drivers_cc13x2.a : UART2CC26X2.c.obj (.text.UART2Support_dmaStopRx)
                  00013654    00000068     two_btn_menu.o (.text.tbm_displayItem)
                  000136bc    00000068     ti_sysbios_config.o (.text.ti_sysbios_knl_Event_post)
                  00013724    00000068     ti_sysbios_config.o (.text.ti_sysbios_knl_Idle_init)
                  0001378c    00000068     ti_sysbios_config.o (.text.ti_sysbios_knl_Swi_run)
                  000137f4    00000068     OneLib.a : gap_task.o (.text)
                  0001385c    00000068              : gattservapp.o (.text)
                  000138c4    00000068              : ll.o (.text)
                  0001392c    00000068              : ll_ae.o (.text)
                  00013994    00000068              : ll_common.o (.text)
                  000139fc    00000066              : ll_common.o (.text)
                  00013a62    00000066     StackWrapper.a : icall_lite_translation.o (.text)
                  00013ac8    00000064     drivers_cc13x2.a : AESCCMCC26XX.c.obj (.text.AESCCM_hwiFxn)
                  00013b2c    00000064     display_cc13x2.a : DisplayUart2.c.obj (.text.DisplayUart2Ansi_open)
                  00013b90    00000064     icall.o (.text.ICall_wait)
                  00013bf4    00000064     driverlib.lib : osc.c.obj (.text.NOROM_OSCHF_AttemptToSwitchToXosc)
                  00013c58    00000064     drivers_cc13x2.a : PowerCC26X2_calibrateRCOSC.c.obj (.text.PowerCC26X2_initiateCalibration)
                  00013cbc    00000064     rf_multiMode_cc13x2.a : RFCC26X2_multiMode.c.cc13x2.ticlang.o (.text.RF_attachOverrides)
                  00013d20    00000064                           : RFCC26X2_multiMode.c.cc13x2.ticlang.o (.text.RF_dispatchNextEvent)
                  00013d84    00000064                           : RFCC26X2_multiMode.c.cc13x2.ticlang.o (.text.RF_hwiCpe0PowerFsm)
                  00013de8    00000064     drivers_cc13x2.a : UDMACC26XX.c.obj (.text.UDMACC26XX_open)
                  00013e4c    00000064     ti_sysbios_config.o (.text.ti_sysbios_gates_GateMutexPri_leave)
                  00013eb0    00000064     OneLib.a : gapgattserver.o (.text)
                  00013f14    00000064              : gattservapp.o (.text)
                  00013f78    00000064              : gattservapp.o (.text)
                  00013fdc    00000064              : ll_common.o (.text)
                  00014040    00000064              : ll_isr.o (.text)
                  000140a4    00000064              : ll_scheduler.o (.text)
                  00014108    00000062     rf_multiMode_cc13x2.a : RFCC26X2_multiMode.c.cc13x2.ticlang.o (.text.RF_syncCb)
                  0001416a    00000002     rom_init.o (.text.MAP_llCoexSetParams)
                  0001416c    00000062     libclang_rt.builtins.a : aeabi_dcmp.S.obj (.text.__aeabi_dcmp)
                  000141ce    00000002     rom_init.o (.text.MAP_llCoexUpdateCounters)
                  000141d0    00000060     drivers_cc13x2.a : CryptoResourceCC26XX.c.obj (.text.CryptoResourceCC26XX_constructRTOSObjects)
                  00014230    00000060     nvocmp.o (.text.NVOCMP_checkItem)
                  00014290    00000060     nvocmp.o (.text.NVOCMP_verifyCRC)
                  000142f0    00000060     drivers_cc13x2.a : PKAResourceCC26XX.c.obj (.text.PKAResourceCC26XX_constructRTOSObjects)
                  00014350    00000060     simple_central.o (.text.SimpleCentral_doSetScanPhy)
                  000143b0    00000060     main.o (.text.main)
                  00014410    00000060     osal_icall_ble.o (.text.stack_main)
                  00014470    00000060     ti_sysbios_config.o (.text.ti_sysbios_knl_Clock_walkQueueDynamic)
                  000144d0    00000060     ti_sysbios_config.o (.text.ti_sysbios_knl_Semaphore_post)
                  00014530    00000060     ti_sysbios_config.o (.text.ti_sysbios_knl_Swi_schedule)
                  00014590    00000060     OneLib.a : ll_common.o (.text)
                  000145f0    00000060              : sm_pairing.o (.text)
                  00014650    00000060     StackWrapper.a : gapbondmgr.o (.text)
                  000146b0    00000060                    : osal_timers.o (.text)
                  00014710    0000005e     rf_multiMode_cc13x2.a : rfc.c.cc13x2.ticlang.o (.text.NOROM_RFCAnaDivTxOverride)
                  0001476e    0000005e     OneLib.a : ll_common.o (.text)
                  000147cc    0000005c     drivers_cc13x2.a : TRNGCC26XX.c.obj (.text.TRNGCC26XX_startTrng)
                  00014828    0000005c     OneLib.a : gap_configmgr.o (.text)
                  00014884    0000005c              : gap_perilinkmgr.o (.text)
                  000148e0    0000005c              : ll_isr.o (.text)
                  0001493c    0000005c              : sm_intpairing.o (.text)
                  00014998    0000005c              : sm_rsppairing.o (.text)
                  000149f4    0000005c     StackWrapper.a : gapbondmgr.o (.text)
                  00014a50    0000005a     OneLib.a : hci.o (.text)
                  00014aaa    00000002     rom_init.o (.text.MAP_llDmmDynamicFree)
                  00014aac    00000058     drivers_cc13x2.a : ECDHCC26X2.c.obj (.text.ECDH_construct)
                  00014b04    00000058     icall.o (.text.HEAPMGR_GETLARGESTFREEBUF)
                  00014b5c    00000058     icall.o (.text.ICall_fetchMsg)
                  00014bb4    00000058     icall.o (.text.ICall_registerApp)
                  00014c0c    00000058     rf_multiMode_cc13x2.a : RFCC26X2_multiMode.c.cc13x2.ticlang.o (.text.RF_applyRfCorePatch)
                  00014c64    00000058     simple_central.o (.text.SimpleCentral_doSetConnPhy)
                  00014cbc    00000058     drivers_cc13x2.a : TRNGCC26XX.c.obj (.text.TRNG_init)
                  00014d14    00000058     libclang_rt.builtins.a : comparedf2.c.obj (.text.__ledf2)
                  00014d6c    00000058     sysbios.a : Hwi_asm_switch_gcc.s.obj (.text.ti_sysbios_family_arm_m3_Hwi_initStacks)
                  00014dc4    00000058     OneLib.a : gap_scanner.o (.text)
                  00014e1c    00000058              : ll_ae.o (.text)
                  00014e74    00000058              : ll_common.o (.text)
                  00014ecc    00000058              : ll_enc.o (.text)
                  00014f24    00000058     StackWrapper.a : sm_ecc.o (.text)
                  00014f7c    00000056     drivers_cc13x2.a : StructRingBuf.c.obj (.text.StructRingBuf_put)
                  00014fd2    00000056                      : UART2.c.obj (.text.UART2_readCancel)
                  00015028    00000056     StackWrapper.a : gapbondmgr.o (.text)
                  0001507e    00000002     rom_init.o (.text.MAP_llDmmSetThreshold)
                  00015080    00000054     drivers_cc13x2.a : AESCCMCC26XX.c.obj (.text.AESCCM_construct)
                  000150d4    00000054     nvocmp.o (.text.NVOCMP_compactNvApi)
                  00015128    00000054     nvocmp.o (.text.NVOCMP_getDstPage)
                  0001517c    00000054     rf_multiMode_cc13x2.a : RFCC26X2_multiMode.c.cc13x2.ticlang.o (.text.RF_getCurrentTime)
                  000151d0    00000054     simple_central.o (.text.SimpleCentral_CancelRssi)
                  00015224    00000054     util.o (.text.Util_constructClock)
                  00015278    00000054     libclang_rt.builtins.a : comparedf2.c.obj (.text.__gedf2)
                  000152cc    00000054     OneLib.a : gattservapp.o (.text)
                  00015320    00000054              : hci_event.o (.text)
                  00015374    00000054              : linkdb.o (.text)
                  000153c8    00000054              : ll.o (.text)
                  0001541c    00000054              : ll_ae.o (.text)
                  00015470    00000054              : ll_common.o (.text)
                  000154c4    00000052     ti_drivers_config.o (.text.Board_sendExtFlashByte)
                  00015516    00000002     rom_init.o (.text.MAP_llHealthUpdate)
                  00015518    00000050     ti_drivers_config.o (.text.Board_shutDownExtFlash)
                  00015568    00000050     display_cc13x2.a : Display.c.obj (.text.Display_doOpen)
                  000155b8    00000050     nvocmp.o (.text.NVOCMP_loadApiPtrsMin)
                  00015608    00000050     rf_multiMode_cc13x2.a : RFCC26X2_multiMode.c.cc13x2.ticlang.o (.text.RF_wakeupNotification)
                  00015658    00000050     simple_central.o (.text.SimpleCentral_doGattRead)
                  000156a8    00000050     ti_sysbios_config.o (.text.ti_sysbios_knl_Swi_post)
                  000156f8    00000050     ti_sysbios_config.o (.text.ti_sysbios_knl_Swi_runLoop)
                  00015748    00000050     ti_sysbios_config.o (.text.ti_sysbios_knl_Task_schedule)
                  00015798    00000050     OneLib.a : hci_tl.o (.text)
                  000157e8    00000050              : ll_enc.o (.text)
                  00015838    00000050              : ll_scheduler.o (.text)
                  00015888    00000050     StackWrapper.a : osal.o (.text)
                  000158d8    00000050                    : osal_clock.o (.text)
                  00015928    0000004e     drivers_cc13x2.a : AESECBCC26XX.c.obj (.text.AESECB_startOperation)
                  00015976    0000004e     nvocmp.o (.text.NVOCMP_readItem)
                  000159c4    0000004e     StackWrapper.a : gap.o (.text)
                  00015a12    00000002     rom_init.o (.text.MAP_llPeriodicScan_PostProcess)
                  00015a14    0000004c     ti_sysbios_config.o (.text.BIOS_startFunc)
                  00015a60    0000004c     icall.o (.text.ICall_newTask)
                  00015aac    0000004c     driverlib.lib : chipinfo.c.obj (.text.NOROM_ChipInfo_GetHwRevision)
                  00015af8    0000004c     nvocmp.o (.text.NVOCMP_setItemInactive)
                  00015b44    0000004c     drivers_cc13x2.a : NVSCC26XX.c.obj (.text.NVSCC26XX_init)
                  00015b90    0000004c                      : NVSCC26XX.c.obj (.text.NVSCC26XX_read)
                  00015bdc    0000004c     rf_multiMode_cc13x2.a : RFCC26X2_multiMode.c.cc13x2.ticlang.o (.text.RF_fsmXOSCState)
                  00015c28    0000004c     drivers_cc13x2.a : StructRingBuf.c.obj (.text.StructRingBuf_get)
                  00015c74    0000004c     rf_multiMode_cc13x2.a : rf_patch_cpe_bt5.c.cc13x2.ticlang.o (.text.configureBt5Patch)
                  00015cc0    0000004c     drivers_cc13x2.a : PowerCC26X2.c.obj (.text.switchXOSCHF)
                  00015d0c    0000004c     ti_sysbios_config.o (.text.ti_sysbios_knl_Swi_Instance_init)
                  00015d58    0000004c     ti_sysbios_config.o (.text.ti_sysbios_runtime_Startup_exec)
                  00015da4    0000004c     OneLib.a : ble.o (.text)
                  00015df0    0000004c              : ll_scheduler.o (.text)
                  00015e3c    0000004c     StackWrapper.a : gattservapp_util.o (.text)
                  00015e88    00000048     drivers_cc13x2.a : CryptoUtils.c.obj (.text.CryptoUtils_reverseCopyPad)
                  00015ed0    00000048     rom_init.o (.text.MAP_llInitFeatureSet)
                  00015f18    00000048     rf_multiMode_cc13x2.a : rfc.c.cc13x2.ticlang.o (.text.NOROM_RFCSynthPowerDown)
                  00015f60    00000048     drivers_cc13x2.a : NVS.c.obj (.text.NVS_open)
                  00015fa8    00000048                      : PowerCC26X2.c.obj (.text.PowerCC26XX_switchXOSC_HF)
                  00015ff0    00000048     libclang_rt.builtins.a : fixdfsi.S.obj (.text.__fixdfsi)
                  00016038    00000048     ti_sysbios_config.o (.text.ti_sysbios_family_arm_cc26xx_Timer_start)
                  00016080    00000048     ti_sysbios_config.o (.text.ti_sysbios_knl_TaskSupport_start)
                  000160c8    00000048     OneLib.a : att_util.o (.text)
                  00016110    00000048              : gattservapp.o (.text)
                  00016158    00000048              : ll.o (.text)
                  000161a0    00000048              : ll.o (.text)
                  000161e8    00000048              : ll_common.o (.text)
                  00016230    00000048              : ll_common.o (.text)
                  00016278    00000048              : ll_isr.o (.text)
                  000162c0    00000048              : ll_isr.o (.text)
                  00016308    00000046     drivers_cc13x2.a : RingBuf.c.obj (.text.RingBuf_put)
                  0001634e    00000002     rom_init.o (.text.MAP_llProcessPeriodicScanRxFIFO)
                  00016350    00000044     ti_sysbios_config.o (.text.BIOS_atExitFunc)
                  00016394    00000044     drivers_cc13x2.a : GPIOCC26XX.c.obj (.text.GPIO_getConfig)
                  000163d8    00000044                      : GPIOCC26X2.c.obj (.text.GPIO_hwiIntFxn)
                  0001641c    00000044     icall.o (.text.ICall_getEntityId)
                  00016460    00000044     driverlib.lib : prcm.c.obj (.text.NOROM_PRCMPowerDomainsAllOff)
                  000164a4    00000044                   : prcm.c.obj (.text.NOROM_PRCMPowerDomainsAllOn)
                  000164e8    00000044     rf_multiMode_cc13x2.a : RFCC26X2_multiMode.c.cc13x2.ticlang.o (.text.RF_cmdGet)
                  0001652c    00000044                           : RFCC26X2_multiMode.c.cc13x2.ticlang.o (.text.RF_updatePowerupDuration)
                  00016570    00000044     simple_central.o (.text.SimpleCentral_passcodeCb)
                  000165b4    00000044     libclang_rt.builtins.a : fixunsdfsi.S.obj (.text.__fixunsdfsi)
                  000165f8    00000044     two_btn_menu.o (.text.tbm_goTo)
                  0001663c    00000044     ti_sysbios_config.o (.text.ti_sysbios_family_arm_m3_Hwi_construct2)
                  00016680    00000044     ti_sysbios_config.o (.text.ti_sysbios_family_arm_m3_Hwi_disableInterrupt)
                  000166c4    00000044     ti_sysbios_config.o (.text.ti_sysbios_family_arm_m3_Hwi_enableInterrupt)
                  00016708    00000044     ti_sysbios_config.o (.text.ti_sysbios_knl_Swi_restore)
                  0001674c    00000044     ti_sysbios_config.o (.text.ti_sysbios_knl_Task_create)
                  00016790    00000044     OneLib.a : ll.o (.text)
                  000167d4    00000044              : ll.o (.text)
                  00016818    00000044     StackWrapper.a : osal.o (.text)
                  0001685c    00000044                    : osal_timers.o (.text)
                  000168a0    00000042     OneLib.a : ll.o (.text)
                  000168e2    00000042              : ll_common.o (.text)
                  00016924    00000040     drivers_cc13x2.a : AESCTRDRBGXX.c.obj (.text.AESCTRDRBGXX_addBigendCounter)
                  00016964    00000040                      : ECDHCC26X2.c.obj (.text.ECDHCC26X2_waitForResult)
                  000169a4    00000040                      : PowerCC26X2_calibrateRCOSC.c.obj (.text.PowerCC26X2_RCOSC_clockFunc)
                  000169e4    00000040                      : PowerCC26X2_calibrateRCOSC_helpers.c.obj (.text.PowerCC26X2_setAclkRefSrc)
                  00016a24    00000040     util.o (.text.Util_convertBdAddr2Str)
                  00016a64    00000040     drivers_cc13x2.a : NVSCC26XX.c.obj (.text.disableFlashCache)
                  00016aa4    00000040     ti_sysbios_config.o (.text.ti_sysbios_family_arm_m3_Hwi_Instance_finalize)
                  00016ae4    00000040     ti_sysbios_config.o (.text.ti_sysbios_knl_Clock_getTicksUntilInterrupt)
                  00016b24    00000040     ti_sysbios_config.o (.text.ti_sysbios_knl_Task_exit)
                  00016b64    00000040     OneLib.a : gap_configmgr.o (.text)
                  00016ba4    00000040              : gattservapp.o (.text)
                  00016be4    00000040              : ll_common.o (.text)
                  00016c24    00000040              : ll_common.o (.text)
                  00016c64    00000040              : sm_task.o (.text)
                  00016ca4    00000040     StackWrapper.a : osal.o (.text)
                  00016ce4    00000040                    : osal_bufmgr.o (.text)
                  00016d24    00000040                    : osal_bufmgr.o (.text)
                  00016d64    00000040                    : osal_timers.o (.text)
                  00016da4    0000003e     OneLib.a : ll_common.o (.text)
                  00016de2    00000002     rom_init.o (.text.MAP_llSetPeriodicSyncInfo)
                  00016de4    0000003c     drivers_cc13x2.a : GPIO.c.obj (.text.GPIO_resetConfig)
                  00016e20    0000003c     ti_sysbios_config.o (.text.HwiP_construct)
                  00016e5c    0000003c     driverlib.lib : aes.c.obj (.text.NOROM_AESStartDMAOperation)
                  00016e98    0000003c                   : osc.c.obj (.text.NOROM_OSC_HPOSCRelativeFrequencyOffsetGet)
                  00016ed4    0000003c     nvocmp.o (.text.NVOCMP_getFreeNvApi)
                  00016f10    0000003c     drivers_cc13x2.a : PowerCC26X2_calibrateRCOSC_helpers.c.obj (.text.PowerCC26X2_setTdcClkSrc24M)
                  00016f4c    0000003c     two_btn_menu.o (.text.tbm_buttonRight)
                  00016f88    0000003c     two_btn_menu.o (.text.tbm_findActiveItem)
                  00016fc4    0000003c     ti_sysbios_config.o (.text.ti_sysbios_family_arm_cc26xx_Timer_periodicStub)
                  00017000    0000003c     ti_sysbios_config.o (.text.ti_sysbios_heaps_HeapCallback_construct)
                  0001703c    0000003c     ti_sysbios_config.o (.text.ti_sysbios_knl_ClockSupport_init)
                  00017078    0000003c     ti_sysbios_config.o (.text.ti_sysbios_knl_Task_blockI)
                  000170b4    0000003c     ti_sysbios_config.o (.text.ti_sysbios_knl_Task_restore)
                  000170f0    0000003c     ti_sysbios_config.o (.text.ti_sysbios_runtime_Memory_alloc)
                  0001712c    0000003c     OneLib.a : gattservapp.o (.text)
                  00017168    0000003c              : gattservapp.o (.text)
                  000171a4    0000003c              : hci_event.o (.text)
                  000171e0    0000003c              : hci_tl.o (.text)
                  0001721c    0000003c              : linkdb.o (.text)
                  00017258    0000003c              : ll_ae.o (.text)
                  00017294    0000003c              : ll_ae.o (.text)
                  000172d0    0000003c     StackWrapper.a : osal.o (.text)
                  0001730c    0000003c                    : osal.o (.text)
                  00017348    0000003c                    : osal.o (.text)
                  00017384    0000003c                    : osal_timers.o (.text)
                  000173c0    0000003c                    : sm_ecc.o (.text)
                  000173fc    0000003a     drivers_cc13x2.a : CryptoUtils.c.obj (.text.CryptoUtils_copyPad)
                  00017436    0000003a     simple_central.o (.text.SimpleCentral_scanCb)
                  00017470    0000003a     ti_sysbios_config.o (.text.ti_sysbios_knl_Task_checkStacks)
                  000174aa    0000003a     StackWrapper.a : osal.o (.text)
                  000174e4    00000038     drivers_cc13x2.a : AESCTRCC26XX.c.obj (.text.AESCTR_cleanup)
                  0001751c    00000038                      : AESECBCC26XX.c.obj (.text.AESECB_cleanup)
                  00017554    00000038     board_key.o (.text.GPIO_Board_keyCallback)
                  0001758c    00000038     icall.o (.text.ICall_dispatch)
                  000175c4    00000038     icall.o (.text.ICall_heapFree)
                  000175fc    00000038     icall.o (.text.ICall_searchTask)
                  00017634    00000038     icall.o (.text.ICall_setTimerMSecs)
                  0001766c    00000038     driverlib.lib : osc.c.obj (.text.InternCapArrayAdjustWithBaseline7001F)
                  000176a4    00000038                   : aux_sysif.c.obj (.text.NOROM_AUXSYSIFOpModeChange)
                  000176dc    00000038                   : osc.c.obj (.text.NOROM_OSCHF_SwitchToRcOscTurnOffXosc)
                  00017714    00000038                   : sys_ctrl.c.obj (.text.NOROM_SysCtrlIdle)
                  0001774c    00000038     nvocmp.o (.text.NVOCMP_disableCache)
                  00017784    00000038     nvocmp.o (.text.NVOCMP_write)
                  000177bc    00000038     driverlib.lib : osc.c.obj (.text.OSCHfSourceSwitch)
                  000177f4    00000038     drivers_cc13x2.a : PowerCC26X2_helpers.c.obj (.text.PowerCC26X2_oscDisableQualifiers)
                  0001782c    00000038                      : Random.c.obj (.text.Random_getNumber)
                  00017864    00000038                      : RingBuf.c.obj (.text.RingBuf_putAdvance)
                  0001789c    00000038     simple_central.o (.text.SimpleCentral_createTask)
                  000178d4    00000038     drivers_cc13x2.a : UDMACC26XX.c.obj (.text.UDMACC26XX_close)
                  0001790c    00000038     libclang_rt.builtins.a : extendsfdf2.S.obj (.text.__extendsfdf2)
                  00017944    00000038     rf_multiMode_cc13x2.a : rf_patch_cpe_bt5.c.cc13x2.ticlang.o (.text.rf_patch_cpe_bt5)
                  0001797c    00000038     ti_sysbios_config.o (.text.ti_sysbios_knl_Task_processVitalTaskFlag)
                  000179b4    00000038     OneLib.a : gattservapp.o (.text)
                  000179ec    00000038              : hci.o (.text)
                  00017a24    00000038              : linkdb.o (.text)
                  00017a5c    00000038              : ll_ae.o (.text)
                  00017a94    00000038              : ll_ae.o (.text)
                  00017acc    00000038              : ll_enc.o (.text)
                  00017b04    00000038              : ll_scheduler.o (.text)
                  00017b3c    00000038              : ll_scheduler.o (.text)
                  00017b74    00000038              : ll_scheduler.o (.text)
                  00017bac    00000038              : sm_rsppairing.o (.text)
                  00017be4    00000038     StackWrapper.a : gattservapp_util.o (.text)
                  00017c1c    00000038                    : osal_timers.o (.text)
                  00017c54    00000038     libc.a : autoinit.c.obj (.text:__TI_auto_init_nobinit_nopinit)
                  00017c8c    00000036     drivers_cc13x2.a : CryptoUtils.c.obj (.text.CryptoUtils_buffersMatch)
                  00017cc2    00000036     icall.o (.text.ICall_fetchServiceMsg)
                  00017cf8    00000036     ti_sysbios_config.o (.text.SwiP_construct)
                  00017d2e    00000036     StackWrapper.a : ble_dispatch_lite.o (.text)
                  00017d64    00000034     ti_sysbios_config.o (.text.BIOS_init)
                  00017d98    00000034     icall.o (.text.ICall_searchServiceEntity)
                  00017dcc    00000034     nvocmp.o (.text.NVOCMP_changePageState)
                  00017e00    00000034     drivers_cc13x2.a : PowerCC26X2_helpers.c.obj (.text.PowerCC26X2_setSubSecIncToXoscLf)
                  00017e34    00000034                      : PowerCC26X2.c.obj (.text.Power_releaseConstraint)
                  00017e68    00000034     rf_multiMode_cc13x2.a : RFCC26X2_multiMode.c.cc13x2.ticlang.o (.text.RF_powerConstraintRelease)
                  00017e9c    00000034                           : RFCC26X2_multiMode.c.cc13x2.ticlang.o (.text.RF_runDirectImmediateCmd)
                  00017ed0    00000034     simple_central.o (.text.SimpleCentral_clockHandler)
                  00017f04    00000034     simple_central.o (.text.SimpleCentral_enqueueMsg)
                  00017f38    00000034     drivers_cc13x2.a : UART2CC26X2.c.obj (.text.UART2Support_sendData)
                  00017f6c    00000034                      : UART2.c.obj (.text.UART2_rxDisable)
                  00017fa0    00000034     util.o (.text.Util_enqueueMsg)
                  00017fd4    00000034     ti_sysbios_config.o (.text._pthread_cleanupFxn)
                  00018008    00000034     two_btn_menu.o (.text.tbm_initTwoBtnMenu)
                  0001803c    00000034     ti_sysbios_config.o (.text.ti_sysbios_family_arm_cc26xx_Timer_setThreshold)
                  00018070    00000034     ti_sysbios_config.o (.text.ti_sysbios_family_arm_m3_Hwi_getStackInfo)
                  000180a4    00000034     ti_sysbios_config.o (.text.ti_sysbios_family_arm_m3_Hwi_init)
                  000180d8    00000034     ti_sysbios_config.o (.text.ti_sysbios_knl_Clock_Instance_init)
                  0001810c    00000034     ti_sysbios_config.o (.text.ti_sysbios_knl_Task_unblockI)
                  00018140    00000034     OneLib.a : gap_configmgr.o (.text)
                  00018174    00000034              : hci.o (.text)
                  000181a8    00000034              : ll_ae.o (.text)
                  000181dc    00000034     StackWrapper.a : gapbondmgr.o (.text)
                  00018210    00000034                    : icall_startup.o (.text)
                  00018244    00000034     sysbios.a : boot_cortex_m.c.obj (.text:_c_int00)
                  00018278    00000032     ti_sysbios_config.o (.text.ti_sysbios_knl_Event_pendTimeout)
                  000182aa    00000032     ti_sysbios_config.o (.text.ti_sysbios_knl_Semaphore_pendTimeout)
                  000182dc    00000030     ti_drivers_config.o (.text.Board_wakeUpExtFlash)
                  0001830c    00000030     ti_sysbios_config.o (.text.ClockP_construct)
                  0001833c    00000030     icall.o (.text.ICall_init)
                  0001836c    00000030     icall.o (.text.ICall_primEntityId2ServiceId)
                  0001839c    00000030     drivers_cc13x2.a : NVSCC26XX.c.obj (.text.NVSCC26XX_erase)
                  000183cc    00000030                      : PowerCC26X2.c.obj (.text.Power_setConstraint)
                  000183fc    00000030     rf_multiMode_cc13x2.a : RFCC26X2_multiMode.c.cc13x2.ticlang.o (.text.RF_checkCmdFsError)
                  0001842c    00000030     rom_init.o (.text.ROM_Init)
                  0001845c    00000030     driverlib.lib : osc.c.obj (.text.SpecialCapArrayWorkaroundEnabledAndNeeded)
                  0001848c    00000030     drivers_cc13x2.a : PowerCC26X2.c.obj (.text.notify)
                  000184bc    00000030     two_btn_menu.o (.text.tbm_buttonLeft)
                  000184ec    00000030     ti_sysbios_config.o (.text.ti_sysbios_family_arm_m3_Hwi_excHandlerMin)
                  0001851c    00000030     ti_sysbios_config.o (.text.ti_sysbios_runtime_System_atexit)
                  0001854c    00000030     ti_sysbios_config.o (.text.ti_sysbios_runtime_System_processAtExit)
                  0001857c    00000030     OneLib.a : gap_scanner.o (.text)
                  000185ac    00000030              : linkdb.o (.text)
                  000185dc    00000030              : ll_scheduler.o (.text)
                  0001860c    00000030     StackWrapper.a : osal_timers.o (.text)
                  0001863c    0000002e     rf_multiMode_cc13x2.a : RFCC26X2_multiMode.c.cc13x2.ticlang.o (.text.RF_calculateDeltaTimeUs)
                  0001866a    0000002e     drivers_cc13x2.a : RingBuf.c.obj (.text.RingBuf_getConsume)
                  00018698    0000002e                      : RingBuf.c.obj (.text.RingBuf_putPointer)
                  000186c6    0000002e     simple_central.o (.text.SimpleCentral_pairStateCb)
                  000186f4    0000002e     libclang_rt.builtins.a : floatsidf.S.obj (.text.__floatsidf)
                  00018722    0000002e     OneLib.a : gattservapp.o (.text)
                  00018750    0000002e              : gattservapp.o (.text)
                  0001877e    00000002     rom_init.o (.text.MAP_llSetRxCfg)
                  00018780    0000002c     display_cc13x2.a : DisplayUart2.c.obj (.text.DisplayUart2Ansi_clear)
                  000187ac    0000002c     icall_cc2650.o (.text.ICallPlatform_pwrDispenseImpl)
                  000187d8    0000002c     icall_cc2650.o (.text.ICallPlatform_pwrRequireImpl)
                  00018804    0000002c     icall.o (.text.ICall_getLocalMsgEntityId)
                  00018830    0000002c     icall.o (.text.ICall_getMaxMSecs)
                  0001885c    0000002c     nvocmp.o (.text.NVOCMP_setCompactHdr)
                  00018888    0000002c     drivers_cc13x2.a : NVS.c.obj (.text.NVS_init)
                  000188b4    0000002c     ti_sysbios_config.o (.text.PowerCC26XX_schedulerDisable)
                  000188e0    0000002c     rf_multiMode_cc13x2.a : RFCC26X2_multiMode.c.cc13x2.ticlang.o (.text.RF_executeDirectImmediateCmd)
                  0001890c    0000002c     simple_central.o (.text.SimpleCentral_doDiscoverDevices)
                  00018938    0000002c     drivers_cc13x2.a : TRNGCC26XX.c.obj (.text.TRNGCC26XX_stopTrng)
                  00018964    0000002c                      : UART2CC26X2.c.obj (.text.UART2CC26X2_getRxData)
                  00018990    0000002c     ti_sysbios_config.o (.text._pthread_delete)
                  000189bc    0000002c     ti_sysbios_config.o (.text.ti_sysbios_knl_Clock_getTicks)
                  000189e8    0000002c     ti_sysbios_config.o (.text.ti_sysbios_knl_Clock_getTimeout)
[...]
20000fc2  linkDB_secureConnectionOnlyMode                                    
20000fc3  maxPduSize                                                         
20000fc4  rfFeModeBias                                                       
20000fc5  defaultPhy                                                         
20000fc6  maxNumTxDataBufs                                                   
20000fc7  LL_TaskID                                                          
20000fc8  llState                                                            
20000fc9  rssiCorrection                                                     
20000fca  curTxPowerVal                                                      
20000fcb  maxTxPwrForDTM                                                     
20000fcc  onePktPerEvt                                                       
20000fcd  numComplPkts                                                       
20000fce  numComplPktsLimit                                                  
20000fcf  numComplPktsFlush                                                  
20000fd0  fastTxRespTime                                                     
20000fd1  slOverride                                                         
20000fd2  rxFifoFlowCtrl                                                     
20000fd3  numTxDataBufs                                                      
20000fd4  maxNumConns                                                        
20000fd5  aeCurHandle                                                        
20000fd6  aeCurAdvEnableHandle                                               
20000fd7  aeCurConnHandle                                                    
20000fd8  extScanIndex                                                       
20000fd9  extInitIndex                                                       
20000fda  scanState                                                          
20000fdb  lastPrimPhy                                                        
20000fdc  lastScanRsp                                                        
20000fdd  smTaskID                                                           
20000fde  SM_appExpectingKey                                                 
20001900  PowerCC26X2_module                                                 
20001b68  gapAttrTbl                                                         
20001c18  gpioPinConfigs                                                     
20001c94  llUserConfig                                                       
20001d68  BIOS_Module_state                                                  
20001d94  ti_sysbios_family_arm_m3_Hwi_Module_state                          
20001dd0  ti_sysbios_runtime_Startup_done                                    
20001dd3  ti_sysbios_knl_Idle_initDone                                       
20001dd4  ti_sysbios_runtime_Memory_defaultHeapInstance                      
20001dec  ti_sysbios_runtime_Error_ignore                                    
20001df8  ti_sysbios_family_arm_cc26xx_Timer_Module_state                    
20001e04  ti_sysbios_runtime_System_Module_state                             
20001e10  ti_sysbios_knl_Swi_Module_state                                    
20001e38  ti_sysbios_knl_Clock_Module_state                                  
20001f5c  pOverrides_bleCommon                                               
20001fb0  txPowerTable_2400_pa5                                              
20002044  gattAttrTbl                                                        
20002084  sm_eccKeys_sc_host_debug                                           
20002100  nvintfFncStruct                                                    
2000213c  ti_sysbios_knl_Task_Module_state                                   
20002230  autoConnect                                                        
2000223c  dispHandle                                                         
20002258  eccParams_NISTP256                                                 
2000227c  pOverrides_ble2Mbps                                                
2000229c  ICall_enterCriticalSection                                         
200022a0  ICall_leaveCriticalSection                                         
200022a4  heapmgrMemFreeTotal                                                
200022b0  pOverrides_ble1Mbps                                                
200022c8  attDeviceName                                                      
200022de  bleUserCfg_maxPduSize                                              
200022f4  DisplayUart2Ansi_escInitial                                        
20002318  pairMode                                                           
20002319  mitm                                                               
2000231a  ioCap                                                              
2000231b  bonding                                                            
2000231c  secureConnection                                                   
2000231d  authenPairingOnly                                                  
2000231e  autoSyncWL                                                         
2000231f  eccReGenPolicy                                                     
20002320  KeySize                                                            
20002321  removeLRUBond                                                      
20002322  bondFailAction                                                     
20002323  KeyDistList                                                        
20002324  eccDebugKeys                                                       
20002325  allowDebugKeys                                                     
20002326  eraseBondWhileInConn                                               
20002327  sameIrkAction                                                      
20002328  RF_modeBle                                                         
20002338  _hposcCoeffs                                                       
20002348  bleAppServiceInfoTable                                             
20002358  pOverrides_bleCoded                                                
20002368  user0Cfg                                                           
20002378  gattAttrTbl_gatt_no_service_changed                                
20002388  sizeInfo                                                           
200023c4  RFCC26XX_schedulerPolicy                                           
200023cc  ti_sysbios_gates_GateMutexPri_Module_state                         
200023d4  ti_sysbios_heaps_HeapCallback_Module_state                         
200023dc  ti_sysbios_knl_Event_state                                         
200023e4  ti_sysbios_knl_Semaphore_Module_state                              
200023ec  periConnParameters                                                 
200023f4  patchedMasterCtrlPktList                                           
200023fc  clientCbs                                                          
20002404  pRandomAddress                                                     
2000240a  DisplayUart2Ansi_escClearScreen                                    
2000240f  PKAResourceCC26XX_pollingFlag                                      
20002410  ICall_dispatcher                                                   
2000241c  __aeabi_errno                                                      
20002420  _lock                                                              
20002424  _unlock                                                            
20002428  appAssertCback                                                     
2000242c  appKeyChangeHandler                                                
20002430  icallServiceTblPtr                                                 
20002434  pRfErrCb                                                           
20002438  pfnBMAlloc                                                         
2000243c  pfnBMFree                                                          
20002440  halAssertCback                                                     
20002444  disconnectImmedConnId                                              
20002446  llUserConfig_maxPduSize                                            
20002448  baseTaskID                                                         
20002453  deviceNameCharProps                                                
20002454  appearanceCharProps                                                
20002455  periConnParamCharProps                                             
20002456  centAddrResCharProps                                               
20002457  centAddrRes                                                        
20002458  resolvablePrivateAddressOnlyCharProps                              
20002459  GATTServApp_gatt_no_service_changed                                
2000245b  qosDefaultPriorityConnParameter                                    
2000245c  extScanChanMap                                                     
2000245d  sizeOfAllExtConnParam                                              
2000245e  rfRatHandle                                                        
2000245f  smAllowDebugKeysMode                                               
20002460  gapEndAppTaskID                                                    
20002461  gapAppTaskID                                                       
20002462  legacyMode                                                         
20002468  scTaskStack                                                        
20002868  ti_sysbios_knl_Idle_taskStack                                      
20002e28  uart2CC26X2Objects                                                 
20002f98  rfObject                                                           
20003098  ti_sysbios_family_arm_m3_Hwi_dispatchTable                         
20003170  aesctrdrbgXXObjects                                                
20003214  extScanReportState                                                 
200032b4  trngCC26XXObjects                                                  
20003438  gpioCallbackFunctions                                              
200034b4  gpioUserArgs                                                       
20003530  cbTimers                                                           
20003610  ti_sysbios_knl_ClockSupport_timerStruct                            
20003670  scTask                                                             
200036c8  ti_sysbios_knl_Idle_taskStruct                                     
20003720  CryptoResourceCC26XX_accessSemaphore                               
20003770  CryptoResourceCC26XX_operationSemaphore                            
200037c0  PKAResourceCC26XX_accessSemaphore                                  
20003810  PKAResourceCC26XX_operationSemaphore                               
2000396c  nvFptrs                                                            
200039a8  ti_sysbios_knl_Swi_readyQs                                         
200039d8  ti_sysbios_knl_Task_readyQs                                        
20003a08  NVOCMP_nvHandle                                                    
20003a36  appearance                                                         
20003a38  aesecbCC26XXObjects                                                
20003a60  llCteSamples                                                       
20003ac4  req                                                                
20003ae4  gapBond_remoteOobData                                              
20003b04  gapBond_localOobData                                               
20003b24  ecdhCC26X2Objects                                                  
20003b44  ti_sysbios_runtime_System_atexitHandlers                           
20003b64  udmaCC26XXObject                                                   
20003ba0  BIOS_heapCallbackObject                                            
20003bbc  BIOS_rtsGate                                                       
20003bd8  CryptoResourceCC26XX_hwi                                           
20003bf4  PKAResourceCC26XX_hwi                                              
20003c10  deviceName                                                         
20003c28  aesccmCC26XXObjects                                                
20003c54  scMenuAutoConnect                                                  
20003c68  scMenuConnPhy                                                      
20003c7c  scMenuConnect                                                      
20003c90  scMenuGattWrite                                                    
20003ca4  scMenuMain                                                         
20003cb8  scMenuPerConn                                                      
20003ccc  scMenuScanPhy                                                      
20003ce0  scMenuSelectConn                                                   
20003d03  scanResToDiscard                                                   
20003d04  llCteTest                                                          
20003d10  cteAntennaProp                                                     
20003d1c  llTaskList                                                         
20003d28  displayUart2Object                                                 
20003d34  defaultChannelMap                                                  
20003d3c  secondaryAdvChannelMap                                             
20003d44  llRfCmdPreemption                                                  
20003d5c  ggs_AppCBs                                                         
20003d60  pClientSecCBs                                                      
20003d68  linkDBExtra                                                        
20003d6c  BDAddrPerConnHandle                                                
20003d70  llCte                                                              
20003d74  extStackSettings                                                   
20003d78  llConnExtParam                                                     
20003d7c  rfMode                                                             
20003d80  trngHandle                                                         
20003d84  pNextAdvSet                                                        
20003d88  llCurrentMappedChan                                                
20003d8c  drbgHandle                                                         
20003d90  pRpaCfg                                                            
20003d94  pRXWindowTask                                                      
20003d98  gapBond_lruBondList                                                
20003d9c  gapBondStateNodeHead                                               
20003da0  osal_syncHandle                                                    
20003da4  osal_icallMsg_hook                                                 
20003da8  osal_qHead                                                         
20003dac  osal_max_msecs                                                     
20003db0  osal_tickperiod                                                    
20003db4  osal_eventloop_hook                                                
20003db8  bm_preReleaseBuffCB                                                
20003dc4  OSAL_timeSeconds                                                   
20003dc8  timerHead                                                          
20003dd0  osal_last_timestamp                                                
20003dd4  HEAPMGR_SIZE                                                       
20003dd8  PowerCC26XX_swiKey                                                 
20003ddc  PowerCC26XX_taskKey                                                
20003de0  tasksEvents                                                        
20003de4  ti_sysbios_family_arm_cc26xx_TimestampProvider_Module_state        
20003de8  ti_sysbios_knl_Task_defaultStackHeap                               
20003dec  maximumPduSize                                                     
20003dee  extScanNumMissed                                                   
20003df0  pwrmgr_attribute                                                   
20003df2  resolvablePrivateAddressOnly                                       
20003df3  GATTServApp_att_delayed_req                                        
20003df4  hciTaskID                                                          
20003df5  hciL2capTaskID                                                     
20003df6  hciGapTaskID                                                       
20003df7  hciSmpTaskID                                                       
20003df8  hciTestTaskID                                                      
20003df9  hciVsEvtMask                                                       
20003dfa  scanReqRpt                                                         
20003dfb  secondaryAdvChannelMapPopCount                                     
20003dfc  qosDefaultPriorityScnParameter                                     
20003dfd  qosDefaultPriorityInitParameter                                    
20003dfe  maxNumCteDataBufs                                                  
20003dff  numActiveAdvSets                                                   
20003e00  wlSize                                                             
20003e01  rlSize                                                             
20003e02  decryptResult                                                      
20003e03  llUnhandleNextIntFlag                                              
20003e04  smAuthenPairingOnlyMode                                            
20003e05  icall_liteTaskId                                                   
20003e06  gapBond_removeLRUBond                                              
20003e07  gapBond_syncRL                                                     
20003e08  assertSubcause                                                     
20003e09  osal_entity                                                        
20003e0a  pwrmgr_initialized                                                 
20003e0b  NVOCMP_size                                                        
20003e0c  gAction                                                            
20003e0d  nvsCC26XXObjects                                                   
20003e0e  tbmRowItemLast                                                     
20003f00  ti_sysbios_family_arm_m3_Hwi_ramVectors                            
20003fd8  heapStart                                                          
20013c00  __stack                                                            
20013c00  heapEnd                                                            
20014000  __STACK_END                                                        
20014000  __STACK_TOP                                                        
20014000  __UNUSED_SRAM_end__                                                
ffffffff  __TI_pprof_out_hndl                                                
ffffffff  __TI_prof_data_size                                                
ffffffff  __TI_prof_data_start                                               
ffffffff  __binit__                                                          
ffffffff  binit                                                              
UNDEFED   ITM_flush                                                          
UNDEFED   ITM_restore                                                        
UNDEFED   __c_args__                                                         
UNDEFED   __mpu_init                                                         

[2630 symbols]
